Lmod has detected the following error: The following module(s) are unknown:
"mambaforge"

Please check the spelling or version number. Also try "module spider ..."
It is also possible your cache file is out-of-date; it may help to try:
  $ module --ignore-cache load "mambaforge"

Also make sure that all modulefiles written in TCL start with the string
#%Module



no change     /curc/sw/anaconda3/2023.09/condabin/conda
no change     /curc/sw/anaconda3/2023.09/bin/conda
no change     /curc/sw/anaconda3/2023.09/bin/conda-env
no change     /curc/sw/anaconda3/2023.09/bin/activate
no change     /curc/sw/anaconda3/2023.09/bin/deactivate
no change     /curc/sw/anaconda3/2023.09/etc/profile.d/conda.sh
no change     /curc/sw/anaconda3/2023.09/etc/fish/conf.d/conda.fish
no change     /curc/sw/anaconda3/2023.09/shell/condabin/Conda.psm1
no change     /curc/sw/anaconda3/2023.09/shell/condabin/conda-hook.ps1
no change     /curc/sw/anaconda3/2023.09/lib/python3.11/site-packages/xontrib/conda.xsh
no change     /curc/sw/anaconda3/2023.09/etc/profile.d/conda.csh
modified      /home/mlippincott@xsede.org/.bashrc

==> For changes to take effect, close and re-open your current shell. <==

[NbConvertApp] Converting notebook notebooks/slurm_stats.ipynb to script
[NbConvertApp] Writing 6028 bytes to scripts/slurm_stats.py
sreport: error: Getting response to message type: DBD_GET_ASSOCS
sreport: error: DBD_GET_ASSOCS failure: No error
slurmdb_report_cluster_account_by_user: Problem with get query.
Traceback (most recent call last):
  File "/projects/mlippincott@xsede.org/SLURM-Cheat-Sheet/slurm_stats_check/scripts/slurm_stats.py", line 132, in <module>
    df_boulder = pd.read_csv(boulder_acct_file_path, sep="|", header=0, skiprows=1)
                 ^^^^^^^^^^^^^^^^^^^^^^^^^^^^^^^^^^^^^^^^^^^^^^^^^^^^^^^^^^^^^^^^^^
  File "/projects/mlippincott@xsede.org/software/anaconda/envs/slurm_stats_env/lib/python3.12/site-packages/pandas/io/parsers/readers.py", line 1026, in read_csv
    return _read(filepath_or_buffer, kwds)
           ^^^^^^^^^^^^^^^^^^^^^^^^^^^^^^^
  File "/projects/mlippincott@xsede.org/software/anaconda/envs/slurm_stats_env/lib/python3.12/site-packages/pandas/io/parsers/readers.py", line 620, in _read
    parser = TextFileReader(filepath_or_buffer, **kwds)
             ^^^^^^^^^^^^^^^^^^^^^^^^^^^^^^^^^^^^^^^^^^
  File "/projects/mlippincott@xsede.org/software/anaconda/envs/slurm_stats_env/lib/python3.12/site-packages/pandas/io/parsers/readers.py", line 1620, in __init__
    self._engine = self._make_engine(f, self.engine)
                   ^^^^^^^^^^^^^^^^^^^^^^^^^^^^^^^^^
  File "/projects/mlippincott@xsede.org/software/anaconda/envs/slurm_stats_env/lib/python3.12/site-packages/pandas/io/parsers/readers.py", line 1898, in _make_engine
    return mapping[engine](f, **self.options)
           ^^^^^^^^^^^^^^^^^^^^^^^^^^^^^^^^^^
  File "/projects/mlippincott@xsede.org/software/anaconda/envs/slurm_stats_env/lib/python3.12/site-packages/pandas/io/parsers/c_parser_wrapper.py", line 93, in __init__
    self._reader = parsers.TextReader(src, **kwds)
                   ^^^^^^^^^^^^^^^^^^^^^^^^^^^^^^^
  File "parsers.pyx", line 581, in pandas._libs.parsers.TextReader.__cinit__
pandas.errors.EmptyDataError: No columns to parse from file
