no change     /curc/sw/anaconda3/2023.09/condabin/conda
no change     /curc/sw/anaconda3/2023.09/bin/conda
no change     /curc/sw/anaconda3/2023.09/bin/conda-env
no change     /curc/sw/anaconda3/2023.09/bin/activate
no change     /curc/sw/anaconda3/2023.09/bin/deactivate
no change     /curc/sw/anaconda3/2023.09/etc/profile.d/conda.sh
no change     /curc/sw/anaconda3/2023.09/etc/fish/conf.d/conda.fish
no change     /curc/sw/anaconda3/2023.09/shell/condabin/Conda.psm1
no change     /curc/sw/anaconda3/2023.09/shell/condabin/conda-hook.ps1
no change     /curc/sw/anaconda3/2023.09/lib/python3.11/site-packages/xontrib/conda.xsh
no change     /curc/sw/anaconda3/2023.09/etc/profile.d/conda.csh
no change     /home/mlippincott@xsede.org/.bashrc
No action taken.
[NbConvertApp] Converting notebook notebooks/slurm_stats.ipynb to script
[NbConvertApp] Writing 6187 bytes to scripts/slurm_stats.py
[NbConvertApp] Converting notebook notebooks/slurm_stats_plotting.ipynb to script
[NbConvertApp] Writing 5772 bytes to scripts/slurm_stats_plotting.py
Top 500 users by usage for the last 10000 days
                        Proper Name Institution      Used
0                         Jun Inamo    Anschutz  11483888
1                      Jill Hoffman    Anschutz   3376496
2                 Christopher Clark    Anschutz   2551313
3                        Siyang Ren    Anschutz   2249600
4               Micahael Lippincott    Anschutz   2230811
5                 Alon Poleg-Polsky    Anschutz   1820598
6                    Samantha White    Anschutz   1610425
7                        Josh Mejia    Anschutz   1524917
8                       Graham Peet    Anschutz   1431143
9                   Jonathan Pitsch    Anschutz   1146436
10                             Sean    Anschutz   1130695
11                     Nick Rafaels    Anschutz   1088256
12                   Kewalin Samart    Anschutz   1002122
13                   Aaron Beckwith    Anschutz    748807
14                       Weishan Li    Anschutz    744681
15                     Scott Kinder    Anschutz    744074
16                       Junxia Lin    Anschutz    676858
17                  Shelby Andersen    Anschutz    667167
18                  Keenan Manpearl    Anschutz    628054
19                     Shane Ridoux    Anschutz    602102
20                         Yue Wang    Anschutz    548498
21                     Jack Ustanik    Anschutz    540185
22                       Megan Duff    Anschutz    498853
23                 Ryan Porterfield    Anschutz    493217
24                      Nannan Wang    Anschutz    486690
25                   Esteban Lucero    Anschutz    479587
26                       Daniel Kao    Anschutz    449805
27                           Thomas    Anschutz    439211
28                   Abhirupa Ghosh    Anschutz    384480
29                Jonathan Cardwell    Anschutz    380936
30                   Kendra Ferrier    Anschutz    372538
31                 Christopher Hill    Anschutz    371405
32                 Andrew Goodspeed    Anschutz    338888
33                    Austin Gillen    Anschutz    335846
34                  Revanth Krishna    Anschutz    313970
35                    Adriana Ivich    Anschutz    293350
36                     Souha Tifour    Anschutz    276009
37                   Matthew Fisher    Anschutz    263508
38                     Yunjing Hong    Anschutz    252231
39                 Samantha Reynoso    Anschutz    241082
40                       Abbott Ali    Anschutz    239421
41                   Maureen McHugo    Anschutz    237697
42                   Landon Buskirk    Anschutz    231460
43                          Han Zhu    Anschutz    208879
44                     Alison Brack    Anschutz    196444
45              Lauren Vanderlinden    Anschutz    194189
46                      Sarah Slack    Anschutz    193312
47                    Hitoshi Irabu    Anschutz    191822
48                Laureline Logiaco    Anschutz    179986
49                     Grace Akatsu    Anschutz    168759
50                     Charmie Vang    Anschutz    166505
51                       Connor Eck    Anschutz    157160
52                    John O'Connor    Anschutz    156466
53                     Elbay Aliyev    Anschutz    134489
54                      Jared Rieck    Anschutz    130343
55              Juan Vargas Alvarez    Anschutz    129291
56              Sanjeev Janarthanan    Anschutz    128586
57                 Gabriella Albert    Anschutz    126969
58                 Upasana Thakuria    Anschutz    124274
59                   Sierra Niemiec    Anschutz    124038
60                     Evan Brenner    Anschutz    117340
61                      Arnav Gupta    Anschutz    111981
62                  Alexandra Lucas    Anschutz    111330
63                  Abbigayl Burtis    Anschutz    109936
64                          Kristen    Anschutz    109436
65                 Kentaro Yomogida    Anschutz    104553
66                  Roman Schlimgen    Anschutz     96465
67                    Kent Riemondy    Anschutz     93136
68                      Haoyu Zhang    Anschutz     89640
69                    Sarah Mentzer    Anschutz     86427
70                      David Jones    Anschutz     85342
71                          Etienne    Anschutz     77847
72                    Shaoming Xiao    Anschutz     73858
73                    Abhijnana Das    Anschutz     71971
74                   Diego Restrepo    Anschutz     70585
75                  Vitaly Kheyfets    Anschutz     70511
76                     Erin Baschal    Anschutz     69299
77                    Chuangqi Wang    Anschutz     62769
78                       Holly Vose    Anschutz     62590
79   Santhanagopalan Krishnamoorthy    Anschutz     62500
80                     Shirli Cohen    Anschutz     62193
81                Lucas Gillenwater    Anschutz     62102
82                  Jay Hesselberth    Anschutz     62021
83                    Kristen James    Anschutz     61509
84                     Vedant Vohra    Anschutz     60651
85                        Rose Doss    Anschutz     59818
86                Josephina Hendrix    Anschutz     58029
87                  Emma Lathouwers    Anschutz     57849
88                     Calvin Voong    Anschutz     55652
89           Meher Preethi Boorgula    Anschutz     55357
90                   Aiden Taghinia    Anschutz     54467
91                   Luciana Vargas    Anschutz     53674
92                       Jade Young    Anschutz     53488
93                       Kiran Paul    Anschutz     53033
94                     Megan Stumpf    Anschutz     52051
95    Sakaiza Rasolofomanana Rajery    Anschutz     46894
96                   Carson Wedding    Anschutz     46107
97                  Iain Konigsberg    Anschutz     43391
98                 Elizabeth Geiger    Anschutz     42949
99              Yoga Advaith Veturi    Anschutz     41757
100                    Tyler Gibson    Anschutz     41301
101                     Harry Smith    Anschutz     39208
102                    Yunus Ozekin    Anschutz     37528
103                        Xilin Su    Anschutz     37368
104                    Parker Hicks    Anschutz     35835
105             Akshay Kumar Avvaru    Anschutz     34933
106                      Mike Orman    Anschutz     34560
107                 Harriet Dashnow    Anschutz     33742
108                  Tonya Brunetti    Anschutz     31190
109                    Aastha Kakar    Anschutz     29419
110                   Madison Apgar    Anschutz     28654
111                     Joanna Chau    Anschutz     28516
112                  Jacklyn Ashmus    Anschutz     27946
113           Sudhanshu Shrivastava    Anschutz     26420
114                   Nathaly Limon    Anschutz     23586
115              Christopher Schaaf    Anschutz     23309
116                      Jacob Krol    Anschutz     22868
117                       Alyx Gray    Anschutz     21974
118                     Jace Aloway    Anschutz     21668
119               Alexandra Unangst    Anschutz     21243
120           Fabio Simoes de Souza    Anschutz     19632
121              Kaylee Rosenberger    Anschutz     19025
122                     Ethan Wolfe    Anschutz     18898
123                       Kyle Ross    Anschutz     18748
124                      Xiying Fan    Anschutz     17909
125                   Matthew Juber    Anschutz     16391
126                 Jonathan Shortt    Anschutz     15549
127                    Jeffrey Inen    Anschutz     15349
128                 Milton Pividori    Anschutz     15142
129                 Sarah Danielson    Anschutz     14872
130                     Korey Wylie    Anschutz     14378
131                       Nanxi Guo    Anschutz     14148
132                      Ava Warren    Anschutz     14016
133                         Michael    Anschutz     13824
134                       Eric Katz    Anschutz     13760
135           Khosbayar Lkhagvadorj    Anschutz     13485
136                Katerina Terwelp    Anschutz     13452
137                Johannes Strauss    Anschutz     13442
138                   Suraju Sadeeq    Anschutz     12517
139                    Maria Hansen    Anschutz     12483
140                       Sizhao Lu    Anschutz     12105
141                  Joseph Benthal    Anschutz     11919
142                   Monica Ransom    Anschutz     11897
143              Christian Anderson    Anschutz     11434
144                  Jessica Nelson    Anschutz     10848
145                    Alya Hussain    Anschutz     10642
146                  Jared Williams    Anschutz     10415
147                   Cameron Lowry    Anschutz      9795
148                      Elena Wall    Anschutz      9015
149                   Kaitlyn Walsh    Anschutz      8925
150                      Sara Wirth    Anschutz      8778
151                  Elliott Brooks    Anschutz      8034
152                        Tian Liu    Anschutz      7938
153                 Michael Ntrakwa    Anschutz      7937
154                        Thu Doan    Anschutz      7871
155             Sarah Albers Fester    Anschutz      7727
156                      Yifan Zhao    Anschutz      7584
157                  Charlie Repaci    Anschutz      7571
158                 Jenna Tomkinson    Anschutz      7473
159                 Grace Rodenberg    Anschutz      7068
160                     Kevin Fotso    Anschutz      6890
161             Jessica Prendergast    Anschutz      6736
162              Pranav Padmanabhan    Anschutz      6734
163        Lakshmi Venkata Karuturi    Anschutz      5843
164                Stephanie Gipson    Anschutz      5677
165                      Yichi Chen    Anschutz      5623
166                     Alex Romero    Anschutz      5600
167                 Nikita Pozdeyev    Anschutz      5564
168                  Amber Nashobaq    Anschutz      5496
169                       MJ Foster    Anschutz      5291
170                       Le Yiphyo    Anschutz      5199
171             Christopher Mancuso    Anschutz      5037
172                     Shujian Lin    Anschutz      4914
173                 Rawan Elshobaky    Anschutz      4851
174                    Ryan Summers    Anschutz      4739
175                         Thao Vu    Anschutz      4736
176                   Anna Dischler    Anschutz      4587
177                  Sana Paktinyar    Anschutz      4528
178                    Brennan Chan    Anschutz      4261
179                    Jordan Okada    Anschutz      4038
180                    Yaseer Sabir    Anschutz      3922
181                  Matthew Osmond    Anschutz      3835
182                    Noah Johnson    Anschutz      3796
183               Samuel Greenfield    Anschutz      3426
184                    Moomal Jatoi    Anschutz      3248
185                        Meng Lin    Anschutz      2923
186               Nathaniel Alzofon    Anschutz      2769
187                      Ziwei Tian    Anschutz      2645
188                   Maizy Brasher    Anschutz      2619
189                 Alexander McKim    Anschutz      2498
190            Susana Lopez-Ignacio    Anschutz      2493
191                   Rahul Thadani    Anschutz      2427
192             William Baumgartner    Anschutz      2407
193                   Nathan Witmer    Anschutz      2107
194                   Valerie Olsen    Anschutz      2002
195                Brandon Hilliard    Anschutz      1988
196               Benjamin Erickson    Anschutz      1949
197                        Qihua Ye    Anschutz      1927
198                 Maclean Sherren    Anschutz      1911
199                 Raymond Lesiyon    Anschutz      1867
200                    Kayla Medina    Anschutz      1760
201                    Lena Cedrone    Anschutz      1738
202                  Imrane Mariami    Anschutz      1690
203               Alexzanah Griffin    Anschutz      1681
204                    Lily Feldman    Anschutz      1680
205               Stephanie Crowley    Anschutz      1642
206                   Sarah Zweifel    Anschutz      1633
207                  Winston Hibler    Anschutz      1630
208                  Alexis Assante    Anschutz      1604
209                      Alex Camai    Anschutz      1598
210                   Zoe Bedrosian    Anschutz      1588
211                       Yujie Guo    Anschutz      1525
212                    Tushar Ghosh    Anschutz      1445
213                    Tamim Shaikh    Anschutz      1443
214                      Angela Ohm    Anschutz      1431
215                 Davyd Sadovskyy    Anschutz      1419
216                   Emma Trujillo    Anschutz      1416
217                   Emily Ekstrum    Anschutz      1399
218                Mohammad Mansoor    Anschutz      1362
219                Nicole Pihlstrom    Anschutz      1335
220                     Tada Vargas    Anschutz      1275
221               Aishwarya Mandava    Anschutz      1234
222                  Banabithi Bose    Anschutz      1204
223                  Emily DeCurtis    Anschutz      1119
224                   David Farrell    Anschutz      1099
225                Maggie Stanislaw    Anschutz      1087
226                    Sutanu Nandi    Anschutz      1025
227                     Anne Gumina    Anschutz       985
228                     Alden Paine    Anschutz       893
229               Karen Rossmassler    Anschutz       818
230                 Emily gregersen    Anschutz       807
231              Kairav Thiagarajah    Anschutz       777
232                  Madison Helsel    Anschutz       776
233                      Ilin Joshi    Anschutz       774
234              James Scott-Browne    Anschutz       751
235                   Minami Matsuo    Anschutz       688
236                     Joanne Cole    Anschutz       687
237                    Katie Marker    Anschutz       631
238                    Emily Mastej    Anschutz       614
239               Nicole Costantino    Anschutz       588
240                    Negar Janani    Anschutz       587
241                  Abigail Cozart    Anschutz       573
242          Sai Eashan Vankamamidi    Anschutz       560
243                      Edward Lau    Anschutz       544
244                     Tessa Allen    Anschutz       541
245                 Annalise Sturno    Anschutz       512
246                  Elizabeth Wynn    Anschutz       510
247                    David Bunten    Anschutz       473
248        Juan Samaniego Castaneda    Anschutz       463
249                Anna-Sophia Leon    Anschutz       438
250                   Maki Nakayama    Anschutz       432
251                  Morgan MacBeth    Anschutz       426
252                Shalom Gutierrez    Anschutz       422
253                  Kirk Hohsfield    Anschutz       421
254                   Marc DAntonio    Anschutz       409
255             Sreerag Venugopalan    Anschutz       409
256                   Kritika Verma    Anschutz       404
257              Faisal Alquaddoomi    Anschutz       384
258                Sierra Simmerman    Anschutz       369
259                 Stephanie DeVoe    Anschutz       355
260                      Yvonne Cui    Anschutz       355
261                      Broc Burke    Anschutz       349
262                  Keegan Carroll    Anschutz       348
263                    Sourav Kumar    Anschutz       345
264                   Ellen Bamberg    Anschutz       330
265           Jessica Olivas-Corral    Anschutz       315
266                      Nyjah Munn    Anschutz       309
267                   Shaunak Kapur    Anschutz       307
268                    Isabelle Hua    Anschutz       290
269                     Jessica Lee    Anschutz       271
270                       Fan Zhang    Anschutz       271
271                 Shruti Raghavan    Anschutz       270
272                   Michael Knitz    Anschutz       266
273                   Keshav Vembar    Anschutz       262
274                   Honey Hendesi    Anschutz       255
275                  Samantha Sills    Anschutz       246
276                   Katelyn Baker    Anschutz       238
277                     Emily Boyer    Anschutz       218
278                  Shannon Thomas    Anschutz       217
279                  Brenda Seymour    Anschutz       216
280              Eric Januszkiewicz    Anschutz       213
281            Madison Cho-Richmond    Anschutz       200
282                    Joshua Lingo    Anschutz       187
283                    Asha Masoudi    Anschutz       169
284                     Usman Hyder    Anschutz       165
285             Natasha Shrivastava    Anschutz       160
286                   Erika Desonie    Anschutz       160
287                     Megan Hupka    Anschutz       158
288                     Byron Brown    Anschutz       157
289                       Qian Fang    Anschutz       156
290                 Hadeel Khammash    Anschutz       147
291                      JInal Shah    Anschutz       146
292                Jonathan Teetsel    Anschutz       140
293                     Xiuqing Wei    Anschutz       134
294                   Sarah Stenske    Anschutz       127
295                     Yuzhu Cheng    Anschutz       125
296                Roselyn Fierkens    Anschutz       124
297                    Anisha Raghu    Anschutz       121
298                 Cameron Mattson    Anschutz       113
299                Michael McMurray    Anschutz       111
300                  Brittany Gomez    Anschutz       111
301                    Sophie Hicks    Anschutz       110
302                Anjelica Miranda    Anschutz       107
303                   Galen Squiers    Anschutz       105
304                  Nicole Messner    Anschutz        99
305                       Ted Shade    Anschutz        98
306                 Rebecca ORourke    Anschutz        97
307                      Adam Quach    Anschutz        94
308                Benjamin Willett    Anschutz        93
309                    Kaili Curtis    Anschutz        91
310                     Isaac Vigil    Anschutz        89
311              Yuliana Romo-Perez    Anschutz        87
312                     Erik Collet    Anschutz        87
313                     Paige Caley    Anschutz        85
314                  Cheng-Chang Wu    Anschutz        81
315               Clarissa Estrella    Anschutz        80
316               Vanessa Langarica    Anschutz        77
317                     Marc Granes    Anschutz        77
318                   Joshua Kirsch    Anschutz        77
319             Tomas Ghebreslassie    Anschutz        76
320                        Ying Jin    Anschutz        75
321            Ana Fairbanks-Mahnke    Anschutz        74
322                    Jeremy Fleck    Anschutz        74
323                  Scott Thompson    Anschutz        73
324                   Jasalyn Avila    Anschutz        72
325               Kristina Yamkovoy    Anschutz        71
326                   Tzu Lip Phang    Anschutz        71
327                 Samuel Burciaga    Anschutz        69
328                Karla Vela Lopez    Anschutz        68
329                Raymond Pomponio    Anschutz        68
330                     Kiely James    Anschutz        68
331           David Beltran-Cardona    Anschutz        67
332                 Benjamin Bearce    Anschutz        66
333                 Thomas Carrillo    Anschutz        66
334                     Luke Hanson    Anschutz        66
335                    Rachel Cohen    Anschutz        65
336                 Ashley Thompson    Anschutz        64
337                 Gabriel Medrano    Anschutz        63
338                     Jack Duryea    Anschutz        62
339                    Huaizhen Cai    Anschutz        62
340                  Opeyemi Jegede    Anschutz        62
341                     Laura Islas    Anschutz        61
342                     Kelsey Ryan    Anschutz        59
343                       Sam Fulte    Anschutz        59
344                       Laura Lim    Anschutz        56
345               Kayla Fairweather    Anschutz        54
346                 Arianne Crossen    Anschutz        53
347                   Cameron Manes    Anschutz        52
348              Victoria Hoelscher    Anschutz        51
349                   Angie Vazquez    Anschutz        50
350                  Lily Mussallem    Anschutz        49
351                  Courtney Cowan    Anschutz        46
352                   Kristin Uhler    Anschutz        45
353                      Karen Chau    Anschutz        45
354                     Helen Gomez    Anschutz        43
355                  Lauren Atencio    Anschutz        42
356                 Michael Harbell    Anschutz        42
357                     Sydney Hall    Anschutz        42
358                  Roxanne McPeck    Anschutz        40
359                  Jessica Beynor    Anschutz        39
360                     Sofia Celli    Anschutz        39
361               Matthew Mondragon    Anschutz        39
362                 Amanda Anderson    Anschutz        36
363                   Evelyn Ibarra    Anschutz        36
364                 Yoshiki Sakurai    Anschutz        35
365                   Jessica Smith    Anschutz        35
366               Clay Griffin-Derr    Anschutz        32
367              Mary Grace Carroll    Anschutz        32
368                     Matthew Igo    Anschutz        30
369                   Nicole Hansen    Anschutz        29
370                  Adam Giacalone    Anschutz        29
371              Courtney Schiebout    Anschutz        27
372                    Xiaoyuan Liu    Anschutz        26
373                    Mariah Meyer    Anschutz        24
374                Carlos Goncalves    Anschutz        24
375                        Hao Yuan    Anschutz        21
376                  Ashley Scadden    Anschutz        20
377                  Elizabeth Nail    Anschutz        20
378                 Thomas Salvetti    Anschutz        19
379                    John Finigan    Anschutz        19
380           Navin Kumar Balagopal    Anschutz        16
381               William Patterson    Anschutz        15
382                   Aileen Button    Anschutz        15
383                    Kayla Holder    Anschutz        14
384  Angela Sofia Burkhart Colorado    Anschutz        14
385                     Megan Kraus    Anschutz        14
386                 Cheyanne Durham    Anschutz        14
387                Uddeep Chaudhury    Anschutz        13
388                     Carol Amato    Anschutz        13
389                     Audrey Rood    Anschutz        13
390                    Trevor Isner    Anschutz        12
391                  Shivang Mistry    Anschutz        12
392                      Ian Purvis    Anschutz        12
393                   Kayla Johnson    Anschutz        12
394                    Brooke Gates    Anschutz        12
395                Cameron Morrison    Anschutz        12
396                   McKenna Casey    Anschutz        12
397                      Juan Pagan    Anschutz        12
398                    Teresa Smith    Anschutz        12
399                 Qierra Brockman    Anschutz        12
400              Mansooreh Ahmadian    Anschutz        12
401     julian grandvalletcontreras    Anschutz        10
402                       Kade Fink    Anschutz        10
403                 Jonathan Kurche    Anschutz        10
404                   Laurent Gapin    Anschutz         8
405                Natalie Davidson    Anschutz         8
406                    Yjuliana Tin    Anschutz         8
407                    Matthew Hill    Anschutz         7
408                   James DiLisio    Anschutz         6
409                     Lauren Kerr    Anschutz         6
410                        Ting Lou    Anschutz         5
411                     Marina Good    Anschutz         5
412                 Alyssa Margolis    Anschutz         5
413                Gabrielle Vragel    Anschutz         5
414               Nikhil Madhuripan    Anschutz         5
415                  Phillip Gilley    Anschutz         4
416                    Ananya Raghu    Anschutz         4
417                     Kaia Kinkel    Anschutz         3
418                      Ling Thang    Anschutz         3
419                  Crystal Musser    Anschutz         3
420                   Lauren Immink    Anschutz         3
421                      Ahmet Eken    Anschutz         3
422                 Jessica Borgers    Anschutz         3
423                    Gidon Felsen    Anschutz         3
424                      Julie Raab    Anschutz         2
425                 Zachary Caterer    Anschutz         2
426                   Praveer Singh    Anschutz         2
427                   Kyle Sullivan    Anschutz         2
428                   Shiomi Junker    Anschutz         2
429                         Vy Tran    Anschutz         2
430                     Ralf Dagdag    Anschutz         1
431                  Dylan Sarbaugh    Anschutz         1
432                  Molly McGuckin    Anschutz         1
433                   Caitlin Lewis    Anschutz         1
434                  David Westerly    Anschutz         1
435                   Logan Barrios    Anschutz         1
436                   Pranav Sristy    Anschutz         1
437                Katherina Cortes    Anschutz         1
438                   Jonathan Levi    Anschutz         1
439                     Ann Strange    Anschutz         1
440                   Lucia Guatney    Anschutz         1
441                     Lena Hansen    Anschutz         1
442              Alexandria Dickson    Anschutz         1
443                    Josh Hunkins    Anschutz         1
444                   Ali Abrowshan    Anschutz         1
445                    John DeSisto    Anschutz         1
446             Christopher Collora    Anschutz         1
447                    Brianna Hunt    Anschutz         1
448                       Yanyan Xu    Anschutz         1
449         Siddharth Krishnamurthy    Anschutz         1
450                     Jack Pattee    Anschutz         1
451            Ishanu Chattopadhyay    Anschutz         1
Compute and wait time for mlippincott@xsede.org by partition for the last 10000 days
            hours_computed      wait  wait_ratio
partition
aa100          4689.051667  212507.0   45.319825
acompile         99.668611       0.0    0.000000
al40              6.536111     657.0  100.518487
amem          11456.211667  160462.0   14.006550
ami100            0.191944       0.0    0.000000
amilan       244280.332778  179254.0    0.733804
amilan128c        3.502778       0.0    0.000000
atesting          0.055000       0.0    0.000000
atesting_+        6.298056       0.0    0.000000
mlippincott@xsede.org has waited a total of 63.11 years in queue in the last 10000 days
mlippincott@xsede.org has used a total of 29.74 years of compute time in the last 10000 days
mlippincott@xsede.org has used a total of 2230811 SUs in the last 10000 days for a total of 254.66 years if 1 SU = 1 hour of compute time
