no change     /curc/sw/anaconda3/2023.09/condabin/conda
no change     /curc/sw/anaconda3/2023.09/bin/conda
no change     /curc/sw/anaconda3/2023.09/bin/conda-env
no change     /curc/sw/anaconda3/2023.09/bin/activate
no change     /curc/sw/anaconda3/2023.09/bin/deactivate
no change     /curc/sw/anaconda3/2023.09/etc/profile.d/conda.sh
no change     /curc/sw/anaconda3/2023.09/etc/fish/conf.d/conda.fish
no change     /curc/sw/anaconda3/2023.09/shell/condabin/Conda.psm1
no change     /curc/sw/anaconda3/2023.09/shell/condabin/conda-hook.ps1
no change     /curc/sw/anaconda3/2023.09/lib/python3.11/site-packages/xontrib/conda.xsh
no change     /curc/sw/anaconda3/2023.09/etc/profile.d/conda.csh
no change     /home/mlippincott@xsede.org/.bashrc
No action taken.
[NbConvertApp] Converting notebook notebooks/slurm_stats.ipynb to script
[NbConvertApp] Writing 6187 bytes to scripts/slurm_stats.py
[NbConvertApp] Converting notebook notebooks/slurm_stats_plotting.ipynb to script
[NbConvertApp] Writing 5772 bytes to scripts/slurm_stats_plotting.py
Top 500 users by usage for the last 10000 days
                        Proper Name Institution      Used
0                         Jun Inamo    Anschutz  10927756
1                      Jill Hoffman    Anschutz   2538901
2                 Christopher Clark    Anschutz   2518569
3                        Siyang Ren    Anschutz   1794926
4                        Josh Mejia    Anschutz   1398442
5               Micahael Lippincott    Anschutz   1272621
6                    Samantha White    Anschutz   1272266
7                       Graham Peet    Anschutz   1237239
8                 Alon Poleg-Polsky    Anschutz   1190016
9                   Jonathan Pitsch    Anschutz   1146436
10                             Sean    Anschutz   1103828
11                     Nick Rafaels    Anschutz    967693
12                   Aaron Beckwith    Anschutz    748799
13                     Scott Kinder    Anschutz    744074
14                       Junxia Lin    Anschutz    663049
15                   Kewalin Samart    Anschutz    549223
16                         Yue Wang    Anschutz    544422
17                     Shane Ridoux    Anschutz    509736
18                       Megan Duff    Anschutz    498853
19                   Esteban Lucero    Anschutz    477313
20                  Shelby Andersen    Anschutz    462149
21                       Daniel Kao    Anschutz    449805
22                  Keenan Manpearl    Anschutz    443178
23                      Nannan Wang    Anschutz    442050
24                           Thomas    Anschutz    433687
25                Jonathan Cardwell    Anschutz    380936
26                   Kendra Ferrier    Anschutz    372504
27                     Jack Ustanik    Anschutz    341217
28                 Andrew Goodspeed    Anschutz    338263
29                   Abhirupa Ghosh    Anschutz    321704
30                 Ryan Porterfield    Anschutz    285784
31                    Adriana Ivich    Anschutz    284661
32                     Souha Tifour    Anschutz    276009
33                   Matthew Fisher    Anschutz    263508
34                  Revanth Krishna    Anschutz    259960
35                     Yunjing Hong    Anschutz    248900
36                   Maureen McHugo    Anschutz    237672
37                    Austin Gillen    Anschutz    236602
38                 Christopher Hill    Anschutz    213510
39                     Alison Brack    Anschutz    196444
40                          Han Zhu    Anschutz    195824
41                      Sarah Slack    Anschutz    192910
42                 Samantha Reynoso    Anschutz    188375
43              Lauren Vanderlinden    Anschutz    182047
44                    John O'Connor    Anschutz    154157
45                     Charmie Vang    Anschutz    148727
46                       Connor Eck    Anschutz    146815
47                 Gabriella Albert    Anschutz    126969
48                 Upasana Thakuria    Anschutz    124274
49                   Sierra Niemiec    Anschutz    124038
50                      Arnav Gupta    Anschutz    111377
51              Sanjeev Janarthanan    Anschutz    110066
52                  Abbigayl Burtis    Anschutz    109917
53                     Evan Brenner    Anschutz    105730
54                          Kristen    Anschutz    104629
55                 Kentaro Yomogida    Anschutz    104534
56                Laureline Logiaco    Anschutz     94035
57                    Kent Riemondy    Anschutz     93136
58                    Sarah Mentzer    Anschutz     86379
59                    Hitoshi Irabu    Anschutz     85851
60                      David Jones    Anschutz     85342
61                      Haoyu Zhang    Anschutz     77011
62                   Diego Restrepo    Anschutz     70585
63                  Vitaly Kheyfets    Anschutz     70511
64                     Grace Akatsu    Anschutz     69369
65                          Etienne    Anschutz     62816
66   Santhanagopalan Krishnamoorthy    Anschutz     62500
67                Lucas Gillenwater    Anschutz     61614
68                     Vedant Vohra    Anschutz     60644
69                    Kristen James    Anschutz     60520
70                     Shirli Cohen    Anschutz     57765
71                    Chuangqi Wang    Anschutz     56200
72                     Calvin Voong    Anschutz     55652
73           Meher Preethi Boorgula    Anschutz     55357
74                  Roman Schlimgen    Anschutz     55130
75                   Aiden Taghinia    Anschutz     54467
76                       Holly Vose    Anschutz     53598
77                       Jade Young    Anschutz     53463
78                       Kiran Paul    Anschutz     53023
79                   Luciana Vargas    Anschutz     48550
80                   Carson Wedding    Anschutz     46107
81                    Shaoming Xiao    Anschutz     44542
82                Josephina Hendrix    Anschutz     44438
83                 Elizabeth Geiger    Anschutz     42949
84              Yoga Advaith Veturi    Anschutz     41757
85                  Iain Konigsberg    Anschutz     41743
86                     Erin Baschal    Anschutz     41614
87                     Tyler Gibson    Anschutz     41255
88                       Weishan Li    Anschutz     41018
89                     Megan Stumpf    Anschutz     40339
90                      Harry Smith    Anschutz     38437
91                     Yunus Ozekin    Anschutz     37021
92                  Emma Lathouwers    Anschutz     35735
93                        Rose Doss    Anschutz     33624
94                         Xilin Su    Anschutz     33530
95    Sakaiza Rasolofomanana Rajery    Anschutz     32601
96                     Parker Hicks    Anschutz     30802
97                       Mike Orman    Anschutz     30563
98                   Tonya Brunetti    Anschutz     30495
99                      Joanna Chau    Anschutz     28516
100                   Madison Apgar    Anschutz     27845
101                    Aastha Kakar    Anschutz     26453
102           Sudhanshu Shrivastava    Anschutz     26420
103                   Nathaly Limon    Anschutz     23586
104              Christopher Schaaf    Anschutz     23309
105                      Jacob Krol    Anschutz     22868
106                       Alyx Gray    Anschutz     21930
107                  Jacklyn Ashmus    Anschutz     21078
108               Alexandra Unangst    Anschutz     20980
109           Fabio Simoes de Souza    Anschutz     19632
110              Kaylee Rosenberger    Anschutz     19025
111                     Ethan Wolfe    Anschutz     18898
112                       Kyle Ross    Anschutz     18748
113                      Xiying Fan    Anschutz     17909
114                    Jeffrey Inen    Anschutz     15349
115                 Milton Pividori    Anschutz     15142
116                 Sarah Danielson    Anschutz     14872
117                 Jonathan Shortt    Anschutz     14399
118                     Korey Wylie    Anschutz     14187
119                      Ava Warren    Anschutz     14016
120                 Jay Hesselberth    Anschutz     13839
121                       Eric Katz    Anschutz     13760
122                Katerina Terwelp    Anschutz     12572
123                   Monica Ransom    Anschutz     11897
124                    Alya Hussain    Anschutz     10604
125                  Jessica Nelson    Anschutz     10564
126                       Sizhao Lu    Anschutz     10499
127                   Matthew Juber    Anschutz     10472
128                       Nanxi Guo    Anschutz      9807
129             Akshay Kumar Avvaru    Anschutz      9344
130                      Elena Wall    Anschutz      9006
131                  Elliott Brooks    Anschutz      8034
132                        Tian Liu    Anschutz      7938
133                 Michael Ntrakwa    Anschutz      7937
134                  Jared Williams    Anschutz      7832
135             Sarah Albers Fester    Anschutz      7727
136                   Suraju Sadeeq    Anschutz      7514
137                      Yifan Zhao    Anschutz      6894
138              Christian Anderson    Anschutz      6876
139                        Thu Doan    Anschutz      6500
140              Pranav Padmanabhan    Anschutz      6353
141             Juan Vargas Alvarez    Anschutz      6167
142                 Harriet Dashnow    Anschutz      6164
143                     Kevin Fotso    Anschutz      6048
144                    Elbay Aliyev    Anschutz      5930
145        Lakshmi Venkata Karuturi    Anschutz      5843
146                      Yichi Chen    Anschutz      5623
147                     Alex Romero    Anschutz      5600
148                Stephanie Gipson    Anschutz      5593
149                  Amber Nashobaq    Anschutz      5496
150                       MJ Foster    Anschutz      5291
151                         Michael    Anschutz      5153
152             Christopher Mancuso    Anschutz      5035
153                 Rawan Elshobaky    Anschutz      4815
154                     Shujian Lin    Anschutz      4731
155                  Sana Paktinyar    Anschutz      4480
156                    Maria Hansen    Anschutz      4431
157                   Anna Dischler    Anschutz      4358
158                    Brennan Chan    Anschutz      4261
159                         Thao Vu    Anschutz      4256
160                    Jordan Okada    Anschutz      4038
161                      Sara Wirth    Anschutz      3983
162                  Matthew Osmond    Anschutz      3823
163                    Noah Johnson    Anschutz      3796
164                     Jace Aloway    Anschutz      3689
165                 Nikita Pozdeyev    Anschutz      3463
166               Samuel Greenfield    Anschutz      3426
167                    Yaseer Sabir    Anschutz      3378
168                        Meng Lin    Anschutz      2821
169               Nathaniel Alzofon    Anschutz      2769
170                      Ziwei Tian    Anschutz      2645
171                   Cameron Lowry    Anschutz      2444
172           Khosbayar Lkhagvadorj    Anschutz      2439
173             William Baumgartner    Anschutz      2407
174                 Alexander McKim    Anschutz      2290
175                   Nathan Witmer    Anschutz      1979
176                   Valerie Olsen    Anschutz      1959
177                        Qihua Ye    Anschutz      1927
178                 Raymond Lesiyon    Anschutz      1864
179                 Jenna Tomkinson    Anschutz      1862
180                 Maclean Sherren    Anschutz      1856
181             Jessica Prendergast    Anschutz      1793
182                    Kayla Medina    Anschutz      1760
183               Alexzanah Griffin    Anschutz      1681
184                    Lily Feldman    Anschutz      1680
185                      Alex Camai    Anschutz      1596
186                  Alexis Assante    Anschutz      1589
187                   Zoe Bedrosian    Anschutz      1576
188                    Lena Cedrone    Anschutz      1513
189                   Maizy Brasher    Anschutz      1458
190                    Tushar Ghosh    Anschutz      1445
191                    Tamim Shaikh    Anschutz      1443
192                      Angela Ohm    Anschutz      1431
193            Susana Lopez-Ignacio    Anschutz      1422
194                   Emily Ekstrum    Anschutz      1399
195                    Moomal Jatoi    Anschutz      1367
196                Nicole Pihlstrom    Anschutz      1335
197                       Yujie Guo    Anschutz      1288
198                     Tada Vargas    Anschutz      1275
199                  Emily DeCurtis    Anschutz      1119
200                Maggie Stanislaw    Anschutz      1087
201                   David Farrell    Anschutz      1087
202                    Sutanu Nandi    Anschutz      1023
203                     Anne Gumina    Anschutz       985
204                   Emma Trujillo    Anschutz       978
205                     Alden Paine    Anschutz       893
206               Karen Rossmassler    Anschutz       818
207                 Grace Rodenberg    Anschutz       795
208                      Ilin Joshi    Anschutz       762
209              James Scott-Browne    Anschutz       751
210                   Minami Matsuo    Anschutz       688
211                  Charlie Repaci    Anschutz       642
212                    Katie Marker    Anschutz       631
213                    Emily Mastej    Anschutz       614
214               Nicole Costantino    Anschutz       588
215                    Negar Janani    Anschutz       587
216                Johannes Strauss    Anschutz       580
217                  Abigail Cozart    Anschutz       573
218                      Edward Lau    Anschutz       544
219                     Tessa Allen    Anschutz       541
220                  Winston Hibler    Anschutz       535
221                  Elizabeth Wynn    Anschutz       510
222                    David Bunten    Anschutz       473
223                   Sarah Zweifel    Anschutz       465
224                  Kirk Hohsfield    Anschutz       421
225             Sreerag Venugopalan    Anschutz       409
226                   Marc DAntonio    Anschutz       409
227                   Kritika Verma    Anschutz       404
228              Faisal Alquaddoomi    Anschutz       384
229                   Maki Nakayama    Anschutz       383
230                Sierra Simmerman    Anschutz       369
231                 Stephanie DeVoe    Anschutz       355
232                Shalom Gutierrez    Anschutz       350
233                      Broc Burke    Anschutz       349
234                  Keegan Carroll    Anschutz       348
235                    Sourav Kumar    Anschutz       345
236           Jessica Olivas-Corral    Anschutz       315
237                      Nyjah Munn    Anschutz       309
238                   Shaunak Kapur    Anschutz       307
239                   Rahul Thadani    Anschutz       303
240                    Isabelle Hua    Anschutz       290
241          Sai Eashan Vankamamidi    Anschutz       277
242               Aishwarya Mandava    Anschutz       271
243                     Jessica Lee    Anschutz       271
244                       Fan Zhang    Anschutz       271
245                 Shruti Raghavan    Anschutz       270
246                   Michael Knitz    Anschutz       266
247                   Honey Hendesi    Anschutz       255
248                   Ellen Bamberg    Anschutz       252
249                  Samantha Sills    Anschutz       246
250                   Keshav Vembar    Anschutz       230
251                     Joanne Cole    Anschutz       220
252                     Emily Boyer    Anschutz       218
253            Madison Cho-Richmond    Anschutz       200
254                      Yvonne Cui    Anschutz       200
255              Eric Januszkiewicz    Anschutz       188
256                  Landon Buskirk    Anschutz       173
257                    Asha Masoudi    Anschutz       169
258                  Banabithi Bose    Anschutz       162
259                  Morgan MacBeth    Anschutz       161
260             Natasha Shrivastava    Anschutz       160
261                   Erika Desonie    Anschutz       159
262                       Qian Fang    Anschutz       156
263                Mohammad Mansoor    Anschutz       153
264                Brandon Hilliard    Anschutz       149
265                 Hadeel Khammash    Anschutz       147
266                     Megan Hupka    Anschutz       146
267                Jonathan Teetsel    Anschutz       140
268                     Xiuqing Wei    Anschutz       134
269                 Davyd Sadovskyy    Anschutz       132
270               Benjamin Erickson    Anschutz       131
271                   Sarah Stenske    Anschutz       127
272                Roselyn Fierkens    Anschutz       124
273                 Alexandra Lucas    Anschutz       122
274                    Anisha Raghu    Anschutz       121
275                 Cameron Mattson    Anschutz       113
276                Michael McMurray    Anschutz       111
277                  Brittany Gomez    Anschutz       111
278                    Sophie Hicks    Anschutz       110
279                Anjelica Miranda    Anschutz       107
280                Anna-Sophia Leon    Anschutz       104
281                    Joshua Lingo    Anschutz       101
282               Stephanie Crowley    Anschutz        99
283                       Ted Shade    Anschutz        98
284                Benjamin Willett    Anschutz        93
285                    Kaili Curtis    Anschutz        91
286                     Isaac Vigil    Anschutz        89
287                  Joseph Benthal    Anschutz        88
288              Yuliana Romo-Perez    Anschutz        87
289                     Paige Caley    Anschutz        85
290                  Cheng-Chang Wu    Anschutz        81
291               Clarissa Estrella    Anschutz        80
292                   Joshua Kirsch    Anschutz        77
293               Vanessa Langarica    Anschutz        77
294             Tomas Ghebreslassie    Anschutz        76
295                        Ying Jin    Anschutz        75
296                    Jeremy Fleck    Anschutz        74
297                  Scott Thompson    Anschutz        73
298                   Jasalyn Avila    Anschutz        72
299                  Nicole Messner    Anschutz        72
300                   Tzu Lip Phang    Anschutz        71
301                 Samuel Burciaga    Anschutz        69
302                     Kiely James    Anschutz        68
303                Karla Vela Lopez    Anschutz        68
304                Raymond Pomponio    Anschutz        68
305                     Luke Hanson    Anschutz        66
306                 Benjamin Bearce    Anschutz        66
307                 Thomas Carrillo    Anschutz        66
308                    Rachel Cohen    Anschutz        65
309                 Ashley Thompson    Anschutz        64
310                 Gabriel Medrano    Anschutz        63
311                     Erik Collet    Anschutz        62
312               Kristina Yamkovoy    Anschutz        62
313                    Huaizhen Cai    Anschutz        62
314                  Opeyemi Jegede    Anschutz        62
315                     Laura Islas    Anschutz        61
316                 Annalise Sturno    Anschutz        59
317                       Sam Fulte    Anschutz        59
318                       Laura Lim    Anschutz        56
319            Ana Fairbanks-Mahnke    Anschutz        55
320               Kayla Fairweather    Anschutz        54
321                 Arianne Crossen    Anschutz        53
322                   Cameron Manes    Anschutz        52
323              Victoria Hoelscher    Anschutz        51
324                   Angie Vazquez    Anschutz        50
325                  Lily Mussallem    Anschutz        49
326                  Courtney Cowan    Anschutz        46
327                   Kristin Uhler    Anschutz        45
328                      Karen Chau    Anschutz        45
329                     Helen Gomez    Anschutz        43
330                     Sydney Hall    Anschutz        42
331                  Lauren Atencio    Anschutz        42
332                 Michael Harbell    Anschutz        42
333                  Roxanne McPeck    Anschutz        40
334                  Jessica Beynor    Anschutz        39
335                     Sofia Celli    Anschutz        39
336               Matthew Mondragon    Anschutz        39
337                   Evelyn Ibarra    Anschutz        36
338                 Amanda Anderson    Anschutz        36
339                 Yoshiki Sakurai    Anschutz        35
340              Mary Grace Carroll    Anschutz        32
341                   Nicole Hansen    Anschutz        29
342              Courtney Schiebout    Anschutz        27
343                    Xiaoyuan Liu    Anschutz        26
344                Carlos Goncalves    Anschutz        24
345                    Mariah Meyer    Anschutz        24
346                        Hao Yuan    Anschutz        21
347                  Ashley Scadden    Anschutz        20
348                  Elizabeth Nail    Anschutz        20
349                 Thomas Salvetti    Anschutz        19
350                   Jessica Smith    Anschutz        19
351                    John Finigan    Anschutz        19
352                       Le Yiphyo    Anschutz        16
353           Navin Kumar Balagopal    Anschutz        16
354  Angela Sofia Burkhart Colorado    Anschutz        14
355                     Megan Kraus    Anschutz        14
356                    Kayla Holder    Anschutz        14
357                 Cheyanne Durham    Anschutz        14
358                Uddeep Chaudhury    Anschutz        13
359                    Teresa Smith    Anschutz        12
360                   Kayla Johnson    Anschutz        12
361                   Aileen Button    Anschutz        12
362                Cameron Morrison    Anschutz        12
363                      Ian Purvis    Anschutz        12
364                  Shivang Mistry    Anschutz        12
365                      Juan Pagan    Anschutz        12
366                    Trevor Isner    Anschutz        12
367                 Qierra Brockman    Anschutz        12
368              Mansooreh Ahmadian    Anschutz        12
369                   McKenna Casey    Anschutz        12
370               William Patterson    Anschutz        11
371                 Jonathan Kurche    Anschutz        10
372     julian grandvalletcontreras    Anschutz        10
373                    Yjuliana Tin    Anschutz         8
374                Natalie Davidson    Anschutz         8
375                    Matthew Hill    Anschutz         7
376                   James DiLisio    Anschutz         6
377                     Lauren Kerr    Anschutz         6
378                        Ting Lou    Anschutz         5
379                 Alyssa Margolis    Anschutz         5
380                     Marina Good    Anschutz         5
381                Gabrielle Vragel    Anschutz         5
382               Nikhil Madhuripan    Anschutz         5
383                    Ananya Raghu    Anschutz         4
384                  Phillip Gilley    Anschutz         4
385                      Ling Thang    Anschutz         3
386                 Jessica Borgers    Anschutz         3
387                      Ahmet Eken    Anschutz         3
388                   Laurent Gapin    Anschutz         3
389                   Lauren Immink    Anschutz         3
390                  Crystal Musser    Anschutz         3
391                    Gidon Felsen    Anschutz         3
392                      Julie Raab    Anschutz         2
393                   Praveer Singh    Anschutz         2
394                 Zachary Caterer    Anschutz         2
395                   Shiomi Junker    Anschutz         2
396           David Beltran-Cardona    Anschutz         2
397                         Vy Tran    Anschutz         2
398                   Galen Squiers    Anschutz         2
399                  David Westerly    Anschutz         1
400              Alexandria Dickson    Anschutz         1
401                     Jack Pattee    Anschutz         1
402                   Ali Abrowshan    Anschutz         1
403                     Ann Strange    Anschutz         1
404                     Lena Hansen    Anschutz         1
405                  Molly McGuckin    Anschutz         1
406                  Dylan Sarbaugh    Anschutz         1
407                   Logan Barrios    Anschutz         1
408                   Lucia Guatney    Anschutz         1
409                   Caitlin Lewis    Anschutz         1
410                       Yanyan Xu    Anschutz         1
411         Siddharth Krishnamurthy    Anschutz         1
412                    John DeSisto    Anschutz         1
413                Katherina Cortes    Anschutz         1
414                   Pranav Sristy    Anschutz         1
415            Ishanu Chattopadhyay    Anschutz         1
416             Christopher Collora    Anschutz         1
417                     Ralf Dagdag    Anschutz         1
418                    Josh Hunkins    Anschutz         1
Compute and wait time for mlippincott@xsede.org by partition for the last 10000 days
            hours_computed      wait  wait_ratio
partition
aa100          1194.224444   97463.0   81.611962
acompile         92.335278       0.0    0.000000
al40              6.516944     657.0  100.814117
amem          11456.211667  160462.0   14.006550
ami100            0.191944       0.0    0.000000
amilan       169332.148056   42783.0    0.252657
amilan128c        3.502778       0.0    0.000000
atesting          0.055000       0.0    0.000000
atesting_+        6.298056       0.0    0.000000
mlippincott@xsede.org has waited a total of 34.4 years in queue in the last 10000 days
mlippincott@xsede.org has used a total of 20.79 years of compute time in the last 10000 days
mlippincott@xsede.org has used a total of 1272621 SUs in the last 10000 days for a total of 145.28 years if 1 SU = 1 hour of compute time
