no change     /curc/sw/anaconda3/2023.09/condabin/conda
no change     /curc/sw/anaconda3/2023.09/bin/conda
no change     /curc/sw/anaconda3/2023.09/bin/conda-env
no change     /curc/sw/anaconda3/2023.09/bin/activate
no change     /curc/sw/anaconda3/2023.09/bin/deactivate
no change     /curc/sw/anaconda3/2023.09/etc/profile.d/conda.sh
no change     /curc/sw/anaconda3/2023.09/etc/fish/conf.d/conda.fish
no change     /curc/sw/anaconda3/2023.09/shell/condabin/Conda.psm1
no change     /curc/sw/anaconda3/2023.09/shell/condabin/conda-hook.ps1
no change     /curc/sw/anaconda3/2023.09/lib/python3.11/site-packages/xontrib/conda.xsh
no change     /curc/sw/anaconda3/2023.09/etc/profile.d/conda.csh
modified      /home/mlippincott@xsede.org/.bashrc

==> For changes to take effect, close and re-open your current shell. <==

[NbConvertApp] Converting notebook notebooks/slurm_stats.ipynb to script
[NbConvertApp] Writing 6187 bytes to scripts/slurm_stats.py
[NbConvertApp] Converting notebook notebooks/slurm_stats_plotting.ipynb to script
[NbConvertApp] Writing 5772 bytes to scripts/slurm_stats_plotting.py
Top 500 users by usage for the last 10000 days
                        Proper Name Institution      Used
0                         Jun Inamo    Anschutz  10927756
1                      Jill Hoffman    Anschutz   3051578
2                 Christopher Clark    Anschutz   2551313
3               Micahael Lippincott    Anschutz   2164819
4                        Siyang Ren    Anschutz   1985622
5                 Alon Poleg-Polsky    Anschutz   1704697
6                        Josh Mejia    Anschutz   1442928
7                    Samantha White    Anschutz   1333619
8                       Graham Peet    Anschutz   1303311
9                   Jonathan Pitsch    Anschutz   1146436
10                             Sean    Anschutz   1111487
11                     Nick Rafaels    Anschutz   1087395
12                   Kewalin Samart    Anschutz    949419
13                   Aaron Beckwith    Anschutz    748807
14                     Scott Kinder    Anschutz    744074
15                       Junxia Lin    Anschutz    676858
16                  Shelby Andersen    Anschutz    667167
17                  Keenan Manpearl    Anschutz    586921
18                         Yue Wang    Anschutz    544422
19                     Shane Ridoux    Anschutz    509736
20                       Megan Duff    Anschutz    498853
21                 Ryan Porterfield    Anschutz    493034
22                      Nannan Wang    Anschutz    486690
23                   Esteban Lucero    Anschutz    477646
24                       Daniel Kao    Anschutz    449805
25                     Jack Ustanik    Anschutz    440582
26                           Thomas    Anschutz    439209
27                Jonathan Cardwell    Anschutz    380936
28                   Kendra Ferrier    Anschutz    372538
29                 Andrew Goodspeed    Anschutz    338888
30                   Abhirupa Ghosh    Anschutz    335309
31                    Adriana Ivich    Anschutz    293350
32                       Weishan Li    Anschutz    292417
33                 Christopher Hill    Anschutz    292162
34                  Revanth Krishna    Anschutz    289689
35                     Souha Tifour    Anschutz    276009
36                   Matthew Fisher    Anschutz    263508
37                     Yunjing Hong    Anschutz    252231
38                    Austin Gillen    Anschutz    251825
39                   Maureen McHugo    Anschutz    237672
40                 Samantha Reynoso    Anschutz    235630
41                          Han Zhu    Anschutz    201875
42                     Alison Brack    Anschutz    196444
43                      Sarah Slack    Anschutz    193312
44              Lauren Vanderlinden    Anschutz    188935
45                    Hitoshi Irabu    Anschutz    160192
46                     Charmie Vang    Anschutz    155771
47                    John O'Connor    Anschutz    155303
48                       Connor Eck    Anschutz    152640
49                 Gabriella Albert    Anschutz    126969
50                 Upasana Thakuria    Anschutz    124274
51                   Sierra Niemiec    Anschutz    124038
52                Laureline Logiaco    Anschutz    116215
53              Sanjeev Janarthanan    Anschutz    116099
54                      Arnav Gupta    Anschutz    111409
55                     Evan Brenner    Anschutz    109946
56                  Abbigayl Burtis    Anschutz    109917
57                          Kristen    Anschutz    105267
58                 Kentaro Yomogida    Anschutz    104534
59                    Kent Riemondy    Anschutz     93136
60                     Grace Akatsu    Anschutz     91290
61                    Sarah Mentzer    Anschutz     86427
62                      David Jones    Anschutz     85342
63                      Haoyu Zhang    Anschutz     77507
64                    Shaoming Xiao    Anschutz     72123
65                   Diego Restrepo    Anschutz     70585
66                  Vitaly Kheyfets    Anschutz     70511
67                          Etienne    Anschutz     68409
68                    Chuangqi Wang    Anschutz     62769
69   Santhanagopalan Krishnamoorthy    Anschutz     62500
70                Lucas Gillenwater    Anschutz     62094
71                    Kristen James    Anschutz     60869
72                     Vedant Vohra    Anschutz     60644
73                     Shirli Cohen    Anschutz     60052
74                     Erin Baschal    Anschutz     60003
75                Josephina Hendrix    Anschutz     56798
76                     Calvin Voong    Anschutz     55652
77           Meher Preethi Boorgula    Anschutz     55357
78                  Roman Schlimgen    Anschutz     55130
79                   Aiden Taghinia    Anschutz     54467
80                       Holly Vose    Anschutz     53811
81                       Jade Young    Anschutz     53463
82                   Luciana Vargas    Anschutz     53416
83                       Kiran Paul    Anschutz     53033
84                   Landon Buskirk    Anschutz     50311
85                   Carson Wedding    Anschutz     46107
86                  Emma Lathouwers    Anschutz     45714
87                 Elizabeth Geiger    Anschutz     42949
88                  Jay Hesselberth    Anschutz     42651
89                  Iain Konigsberg    Anschutz     42045
90              Yoga Advaith Veturi    Anschutz     41757
91                     Tyler Gibson    Anschutz     41300
92                        Rose Doss    Anschutz     40975
93                     Megan Stumpf    Anschutz     40339
94                      Harry Smith    Anschutz     38478
95                     Yunus Ozekin    Anschutz     37528
96    Sakaiza Rasolofomanana Rajery    Anschutz     35622
97                         Xilin Su    Anschutz     35493
98                       Mike Orman    Anschutz     34327
99                   Tonya Brunetti    Anschutz     31151
100                    Parker Hicks    Anschutz     30805
101                    Elbay Aliyev    Anschutz     28972
102                     Joanna Chau    Anschutz     28516
103                   Madison Apgar    Anschutz     28346
104                  Jacklyn Ashmus    Anschutz     27946
105                    Aastha Kakar    Anschutz     27244
106           Sudhanshu Shrivastava    Anschutz     26420
107                   Nathaly Limon    Anschutz     23586
108              Christopher Schaaf    Anschutz     23309
109                 Harriet Dashnow    Anschutz     23099
110                      Jacob Krol    Anschutz     22868
111                       Alyx Gray    Anschutz     21973
112               Alexandra Unangst    Anschutz     20992
113           Fabio Simoes de Souza    Anschutz     19632
114              Kaylee Rosenberger    Anschutz     19025
115                     Ethan Wolfe    Anschutz     18898
116                       Kyle Ross    Anschutz     18748
117             Akshay Kumar Avvaru    Anschutz     18656
118                      Xiying Fan    Anschutz     17909
119                    Jeffrey Inen    Anschutz     15349
120                 Milton Pividori    Anschutz     15142
121                 Sarah Danielson    Anschutz     14872
122                 Jonathan Shortt    Anschutz     14423
123                     Korey Wylie    Anschutz     14187
124                      Ava Warren    Anschutz     14016
125                       Nanxi Guo    Anschutz     13798
126                       Eric Katz    Anschutz     13760
127           Khosbayar Lkhagvadorj    Anschutz     13008
128                Katerina Terwelp    Anschutz     12638
129                   Suraju Sadeeq    Anschutz     12505
130                   Matthew Juber    Anschutz     11990
131                   Monica Ransom    Anschutz     11897
132                       Sizhao Lu    Anschutz     10775
133                  Jessica Nelson    Anschutz     10771
134              Christian Anderson    Anschutz     10705
135                    Alya Hussain    Anschutz     10604
136                  Jared Williams    Anschutz     10335
137                   Cameron Lowry    Anschutz      9795
138                      Elena Wall    Anschutz      9015
139                  Elliott Brooks    Anschutz      8034
140                        Tian Liu    Anschutz      7938
141                 Michael Ntrakwa    Anschutz      7937
142             Sarah Albers Fester    Anschutz      7727
143                      Sara Wirth    Anschutz      7480
144                      Yifan Zhao    Anschutz      7289
145                        Thu Doan    Anschutz      7126
146              Pranav Padmanabhan    Anschutz      6731
147                         Michael    Anschutz      6483
148                  Joseph Benthal    Anschutz      6434
149             Juan Vargas Alvarez    Anschutz      6430
150                     Kevin Fotso    Anschutz      6230
151        Lakshmi Venkata Karuturi    Anschutz      5843
152                Stephanie Gipson    Anschutz      5677
153                      Yichi Chen    Anschutz      5623
154                     Alex Romero    Anschutz      5600
155                  Amber Nashobaq    Anschutz      5496
156                       MJ Foster    Anschutz      5291
157             Christopher Mancuso    Anschutz      5035
158                    Maria Hansen    Anschutz      4981
159                     Shujian Lin    Anschutz      4914
160                 Rawan Elshobaky    Anschutz      4851
161                         Thao Vu    Anschutz      4736
162                 Grace Rodenberg    Anschutz      4618
163                   Anna Dischler    Anschutz      4540
164                  Sana Paktinyar    Anschutz      4480
165                     Jace Aloway    Anschutz      4431
166                    Brennan Chan    Anschutz      4261
167                    Jordan Okada    Anschutz      4038
168                  Matthew Osmond    Anschutz      3823
169                    Yaseer Sabir    Anschutz      3799
170                    Noah Johnson    Anschutz      3796
171                 Nikita Pozdeyev    Anschutz      3463
172               Samuel Greenfield    Anschutz      3426
173                 Alexandra Lucas    Anschutz      3162
174                        Meng Lin    Anschutz      2915
175                 Jenna Tomkinson    Anschutz      2820
176               Nathaniel Alzofon    Anschutz      2769
177                      Ziwei Tian    Anschutz      2645
178             William Baumgartner    Anschutz      2407
179                 Alexander McKim    Anschutz      2290
180             Jessica Prendergast    Anschutz      2154
181                   Nathan Witmer    Anschutz      1979
182            Susana Lopez-Ignacio    Anschutz      1975
183                   Valerie Olsen    Anschutz      1959
184               Benjamin Erickson    Anschutz      1949
185                        Qihua Ye    Anschutz      1927
186                 Maclean Sherren    Anschutz      1892
187                 Raymond Lesiyon    Anschutz      1866
188                    Kayla Medina    Anschutz      1760
189                  Imrane Mariami    Anschutz      1690
190               Alexzanah Griffin    Anschutz      1681
191                    Lily Feldman    Anschutz      1680
192                  Winston Hibler    Anschutz      1630
193                  Alexis Assante    Anschutz      1604
194                      Alex Camai    Anschutz      1596
195                   Zoe Bedrosian    Anschutz      1588
196                    Moomal Jatoi    Anschutz      1575
197               Stephanie Crowley    Anschutz      1546
198                   Maizy Brasher    Anschutz      1528
199                    Lena Cedrone    Anschutz      1513
200                       Yujie Guo    Anschutz      1508
201                    Tushar Ghosh    Anschutz      1445
202                    Tamim Shaikh    Anschutz      1443
203                      Angela Ohm    Anschutz      1431
204                   Emma Trujillo    Anschutz      1416
205                   Emily Ekstrum    Anschutz      1399
206                Nicole Pihlstrom    Anschutz      1335
207                     Tada Vargas    Anschutz      1275
208                  Emily DeCurtis    Anschutz      1119
209                Maggie Stanislaw    Anschutz      1087
210                   David Farrell    Anschutz      1087
211                    Sutanu Nandi    Anschutz      1023
212                     Anne Gumina    Anschutz       985
213                   Rahul Thadani    Anschutz       984
214                     Alden Paine    Anschutz       893
215               Karen Rossmassler    Anschutz       818
216                      Ilin Joshi    Anschutz       773
217              James Scott-Browne    Anschutz       751
218                   Minami Matsuo    Anschutz       688
219                     Joanne Cole    Anschutz       655
220                  Charlie Repaci    Anschutz       645
221                    Katie Marker    Anschutz       631
222                    Emily Mastej    Anschutz       614
223               Nicole Costantino    Anschutz       588
224                    Negar Janani    Anschutz       587
225                Johannes Strauss    Anschutz       580
226                  Abigail Cozart    Anschutz       573
227                      Edward Lau    Anschutz       544
228                     Tessa Allen    Anschutz       541
229                 Annalise Sturno    Anschutz       511
230                  Elizabeth Wynn    Anschutz       510
231                   Sarah Zweifel    Anschutz       494
232                    David Bunten    Anschutz       473
233                     Jared Rieck    Anschutz       444
234                   Maki Nakayama    Anschutz       432
235                Shalom Gutierrez    Anschutz       422
236                  Kirk Hohsfield    Anschutz       421
237             Sreerag Venugopalan    Anschutz       409
238                   Marc DAntonio    Anschutz       409
239                   Kritika Verma    Anschutz       404
240              Faisal Alquaddoomi    Anschutz       384
241                Sierra Simmerman    Anschutz       369
242                 Stephanie DeVoe    Anschutz       355
243                      Broc Burke    Anschutz       349
244                  Keegan Carroll    Anschutz       348
245                    Sourav Kumar    Anschutz       345
246                Anna-Sophia Leon    Anschutz       322
247           Jessica Olivas-Corral    Anschutz       315
248          Sai Eashan Vankamamidi    Anschutz       312
249                      Nyjah Munn    Anschutz       309
250                   Shaunak Kapur    Anschutz       307
251                    Isabelle Hua    Anschutz       290
252                  Banabithi Bose    Anschutz       280
253                      Yvonne Cui    Anschutz       279
254                   Ellen Bamberg    Anschutz       277
255               Aishwarya Mandava    Anschutz       272
256                     Jessica Lee    Anschutz       271
257                       Fan Zhang    Anschutz       271
258                 Shruti Raghavan    Anschutz       270
259                   Michael Knitz    Anschutz       266
260                   Honey Hendesi    Anschutz       255
261                  Samantha Sills    Anschutz       246
262                   Katelyn Baker    Anschutz       238
263                 Davyd Sadovskyy    Anschutz       230
264                   Keshav Vembar    Anschutz       230
265                     Emily Boyer    Anschutz       218
266              Eric Januszkiewicz    Anschutz       213
267            Madison Cho-Richmond    Anschutz       200
268                    Asha Masoudi    Anschutz       169
269                     Usman Hyder    Anschutz       165
270                Brandon Hilliard    Anschutz       161
271                  Morgan MacBeth    Anschutz       161
272             Natasha Shrivastava    Anschutz       160
273                   Erika Desonie    Anschutz       159
274                     Megan Hupka    Anschutz       158
275                       Qian Fang    Anschutz       156
276                Mohammad Mansoor    Anschutz       153
277                    Joshua Lingo    Anschutz       149
278                 Hadeel Khammash    Anschutz       147
279                Jonathan Teetsel    Anschutz       140
280                     Xiuqing Wei    Anschutz       134
281                   Sarah Stenske    Anschutz       127
282                Roselyn Fierkens    Anschutz       124
283                    Anisha Raghu    Anschutz       121
284                 Cameron Mattson    Anschutz       113
285                Michael McMurray    Anschutz       111
286                  Brittany Gomez    Anschutz       111
287                    Sophie Hicks    Anschutz       110
288                Anjelica Miranda    Anschutz       107
289                       Ted Shade    Anschutz        98
290                 Rebecca ORourke    Anschutz        97
291                Benjamin Willett    Anschutz        93
292                    Kaili Curtis    Anschutz        91
293                     Isaac Vigil    Anschutz        89
294                     Yuzhu Cheng    Anschutz        88
295              Yuliana Romo-Perez    Anschutz        87
296                     Erik Collet    Anschutz        86
297                     Paige Caley    Anschutz        85
298                  Cheng-Chang Wu    Anschutz        81
299               Clarissa Estrella    Anschutz        80
300                   Joshua Kirsch    Anschutz        77
301               Vanessa Langarica    Anschutz        77
302             Tomas Ghebreslassie    Anschutz        76
303                        Ying Jin    Anschutz        75
304                    Jeremy Fleck    Anschutz        74
305                  Scott Thompson    Anschutz        73
306                   Jasalyn Avila    Anschutz        72
307                  Nicole Messner    Anschutz        72
308                   Tzu Lip Phang    Anschutz        71
309                 Samuel Burciaga    Anschutz        69
310                Karla Vela Lopez    Anschutz        68
311                     Kiely James    Anschutz        68
312                Raymond Pomponio    Anschutz        68
313           David Beltran-Cardona    Anschutz        67
314                 Benjamin Bearce    Anschutz        66
315                     Luke Hanson    Anschutz        66
316                 Thomas Carrillo    Anschutz        66
317                    Rachel Cohen    Anschutz        65
318                       Le Yiphyo    Anschutz        64
319                 Ashley Thompson    Anschutz        64
320                 Gabriel Medrano    Anschutz        63
321               Kristina Yamkovoy    Anschutz        62
322                  Opeyemi Jegede    Anschutz        62
323                    Huaizhen Cai    Anschutz        62
324                     Laura Islas    Anschutz        61
325                      Adam Quach    Anschutz        61
326                       Sam Fulte    Anschutz        59
327                       Laura Lim    Anschutz        56
328            Ana Fairbanks-Mahnke    Anschutz        55
329               Kayla Fairweather    Anschutz        54
330                 Arianne Crossen    Anschutz        53
331                   Cameron Manes    Anschutz        52
332              Victoria Hoelscher    Anschutz        51
333                   Angie Vazquez    Anschutz        50
334                  Lily Mussallem    Anschutz        49
335                  Courtney Cowan    Anschutz        46
336                      Karen Chau    Anschutz        45
337                   Kristin Uhler    Anschutz        45
338                     Helen Gomez    Anschutz        43
339                     Sydney Hall    Anschutz        42
340                 Michael Harbell    Anschutz        42
341                  Lauren Atencio    Anschutz        42
342                  Roxanne McPeck    Anschutz        40
343                  Jessica Beynor    Anschutz        39
344               Matthew Mondragon    Anschutz        39
345                     Sofia Celli    Anschutz        39
346                 Amanda Anderson    Anschutz        36
347                   Evelyn Ibarra    Anschutz        36
348                   Jessica Smith    Anschutz        35
349                 Yoshiki Sakurai    Anschutz        35
350              Mary Grace Carroll    Anschutz        32
351                   Nicole Hansen    Anschutz        29
352              Courtney Schiebout    Anschutz        27
353                    Xiaoyuan Liu    Anschutz        26
354                    Mariah Meyer    Anschutz        24
355                Carlos Goncalves    Anschutz        24
356                        Hao Yuan    Anschutz        21
357                  Ashley Scadden    Anschutz        20
358                  Elizabeth Nail    Anschutz        20
359                    John Finigan    Anschutz        19
360                 Thomas Salvetti    Anschutz        19
361           Navin Kumar Balagopal    Anschutz        16
362                   Kaitlyn Walsh    Anschutz        16
363               William Patterson    Anschutz        15
364                    Kayla Holder    Anschutz        14
365  Angela Sofia Burkhart Colorado    Anschutz        14
366                 Cheyanne Durham    Anschutz        14
367                     Megan Kraus    Anschutz        14
368                Uddeep Chaudhury    Anschutz        13
369                 Emily gregersen    Anschutz        12
370                      Ian Purvis    Anschutz        12
371                    Teresa Smith    Anschutz        12
372                      Juan Pagan    Anschutz        12
373                    Trevor Isner    Anschutz        12
374                Cameron Morrison    Anschutz        12
375                   McKenna Casey    Anschutz        12
376                 Qierra Brockman    Anschutz        12
377                   Kayla Johnson    Anschutz        12
378                  Shivang Mistry    Anschutz        12
379                   Aileen Button    Anschutz        12
380              Mansooreh Ahmadian    Anschutz        12
381     julian grandvalletcontreras    Anschutz        10
382                 Jonathan Kurche    Anschutz        10
383                    Yjuliana Tin    Anschutz         8
384                Natalie Davidson    Anschutz         8
385                    Matthew Hill    Anschutz         7
386                     Lauren Kerr    Anschutz         6
387                   James DiLisio    Anschutz         6
388                 Alyssa Margolis    Anschutz         5
389                     Marina Good    Anschutz         5
390               Nikhil Madhuripan    Anschutz         5
391                Gabrielle Vragel    Anschutz         5
392                        Ting Lou    Anschutz         5
393                    Ananya Raghu    Anschutz         4
394                  Phillip Gilley    Anschutz         4
395                      Ahmet Eken    Anschutz         3
396                   Lauren Immink    Anschutz         3
397                 Jessica Borgers    Anschutz         3
398                    Gidon Felsen    Anschutz         3
399                  Crystal Musser    Anschutz         3
400                      Ling Thang    Anschutz         3
401                   Laurent Gapin    Anschutz         3
402                   Kyle Sullivan    Anschutz         2
403                   Galen Squiers    Anschutz         2
404                 Zachary Caterer    Anschutz         2
405                         Vy Tran    Anschutz         2
406                      Julie Raab    Anschutz         2
407                   Praveer Singh    Anschutz         2
408                   Shiomi Junker    Anschutz         2
409                   Ali Abrowshan    Anschutz         1
410                   Pranav Sristy    Anschutz         1
411                   Logan Barrios    Anschutz         1
412                   Caitlin Lewis    Anschutz         1
413                   Lucia Guatney    Anschutz         1
414              Alexandria Dickson    Anschutz         1
415                     Lena Hansen    Anschutz         1
416                       Yanyan Xu    Anschutz         1
417            Ishanu Chattopadhyay    Anschutz         1
418               Clay Griffin-Derr    Anschutz         1
419             Christopher Collora    Anschutz         1
420                  Molly McGuckin    Anschutz         1
421                  Dylan Sarbaugh    Anschutz         1
422                Katherina Cortes    Anschutz         1
423                  David Westerly    Anschutz         1
424                     Jack Pattee    Anschutz         1
425                     Ralf Dagdag    Anschutz         1
426                    John DeSisto    Anschutz         1
427         Siddharth Krishnamurthy    Anschutz         1
428                    Josh Hunkins    Anschutz         1
429                     Ann Strange    Anschutz         1
430                    Ryan Summers    Anschutz         1
Compute and wait time for mlippincott@xsede.org by partition for the last 10000 days
            hours_computed      wait  wait_ratio
partition
aa100          4527.068611  204069.0   45.077514
acompile         98.662222       0.0    0.000000
al40              6.536111     657.0  100.518487
amem          11456.211667  160462.0   14.006550
ami100            0.191944       0.0    0.000000
amilan       238038.493611  170987.0    0.718317
amilan128c        3.502778       0.0    0.000000
atesting          0.055000       0.0    0.000000
atesting_+        6.298056       0.0    0.000000
mlippincott@xsede.org has waited a total of 61.21 years in queue in the last 10000 days
mlippincott@xsede.org has used a total of 29.01 years of compute time in the last 10000 days
mlippincott@xsede.org has used a total of 2164819 SUs in the last 10000 days for a total of 247.13 years if 1 SU = 1 hour of compute time
