no change     /curc/sw/anaconda3/2023.09/condabin/conda
no change     /curc/sw/anaconda3/2023.09/bin/conda
no change     /curc/sw/anaconda3/2023.09/bin/conda-env
no change     /curc/sw/anaconda3/2023.09/bin/activate
no change     /curc/sw/anaconda3/2023.09/bin/deactivate
no change     /curc/sw/anaconda3/2023.09/etc/profile.d/conda.sh
no change     /curc/sw/anaconda3/2023.09/etc/fish/conf.d/conda.fish
no change     /curc/sw/anaconda3/2023.09/shell/condabin/Conda.psm1
no change     /curc/sw/anaconda3/2023.09/shell/condabin/conda-hook.ps1
no change     /curc/sw/anaconda3/2023.09/lib/python3.11/site-packages/xontrib/conda.xsh
no change     /curc/sw/anaconda3/2023.09/etc/profile.d/conda.csh
no change     /home/mlippincott@xsede.org/.bashrc
No action taken.
[NbConvertApp] Converting notebook notebooks/slurm_stats.ipynb to script
[NbConvertApp] Writing 6187 bytes to scripts/slurm_stats.py
[NbConvertApp] Converting notebook notebooks/slurm_stats_plotting.ipynb to script
[NbConvertApp] Writing 5772 bytes to scripts/slurm_stats_plotting.py
Top 500 users by usage for the last 10000 days
                        Proper Name Institution      Used
0                         Jun Inamo    Anschutz  11483955
1                      Jill Hoffman    Anschutz   4002007
2                        Siyang Ren    Anschutz   3195637
3               Micahael Lippincott    Anschutz   3057026
4                 Christopher Clark    Anschutz   2551313
5                 Alon Poleg-Polsky    Anschutz   2008372
6                    Samantha White    Anschutz   1668407
7                       Graham Peet    Anschutz   1631585
8                   Shelby Andersen    Anschutz   1613123
9                        Josh Mejia    Anschutz   1565333
10                             Sean    Anschutz   1179730
11                  Jonathan Pitsch    Anschutz   1146436
12                    Abhijnana Das    Anschutz   1112433
13                     Nick Rafaels    Anschutz   1088813
14                   Kewalin Samart    Anschutz   1080544
15                   Aaron Beckwith    Anschutz    885515
16                         Yue Wang    Anschutz    818842
17                       Weishan Li    Anschutz    751740
18                     Jack Ustanik    Anschutz    746424
19                     Scott Kinder    Anschutz    744074
20                       Junxia Lin    Anschutz    676858
21                  Keenan Manpearl    Anschutz    659531
22                Laureline Logiaco    Anschutz    643678
23                      Nannan Wang    Anschutz    636325
24                        Le Yiphyo    Anschutz    611564
25                     Shane Ridoux    Anschutz    602102
26                 Christopher Hill    Anschutz    584247
27                   Abhirupa Ghosh    Anschutz    583882
28                 Ryan Porterfield    Anschutz    551485
29                       Daniel Kao    Anschutz    520613
30                    Austin Gillen    Anschutz    505333
31                       Megan Duff    Anschutz    498853
32                   Esteban Lucero    Anschutz    494026
33                           Thomas    Anschutz    439961
34              Akshay Kumar Avvaru    Anschutz    427565
35                  Revanth Krishna    Anschutz    406968
36                Jonathan Cardwell    Anschutz    391794
37                   Kendra Ferrier    Anschutz    372557
38                 Samantha Reynoso    Anschutz    371712
39                   Landon Buskirk    Anschutz    354880
40                 Andrew Goodspeed    Anschutz    338888
41                          Han Zhu    Anschutz    325118
42                    Adriana Ivich    Anschutz    293359
43              Juan Vargas Alvarez    Anschutz    291979
44                      Marc Granes    Anschutz    281757
45                     Souha Tifour    Anschutz    276009
46                   Matthew Fisher    Anschutz    263508
47                     Grace Akatsu    Anschutz    258217
48                     Yunjing Hong    Anschutz    252245
49                       Abbott Ali    Anschutz    239421
50                    Hitoshi Irabu    Anschutz    239122
51                   Maureen McHugo    Anschutz    237987
52                    Laurent Gapin    Anschutz    217344
53                     Charmie Vang    Anschutz    216971
54              Lauren Vanderlinden    Anschutz    211244
55                  Roman Schlimgen    Anschutz    206575
56                     Alison Brack    Anschutz    196444
57                      Sarah Slack    Anschutz    193339
58                  Alexandra Lucas    Anschutz    178555
59                       Connor Eck    Anschutz    176710
60              Sanjeev Janarthanan    Anschutz    176215
61                    John O'Connor    Anschutz    168769
62                     Elbay Aliyev    Anschutz    142377
63                      Jared Rieck    Anschutz    134707
64                  Emma Lathouwers    Anschutz    132638
65                 Gabriella Albert    Anschutz    126969
66                 Upasana Thakuria    Anschutz    124274
67                   Sierra Niemiec    Anschutz    124038
68                     Evan Brenner    Anschutz    121640
69                  Abbigayl Burtis    Anschutz    120609
70                          Etienne    Anschutz    116395
71                          Kristen    Anschutz    115049
72                      Arnav Gupta    Anschutz    112917
73                 Kentaro Yomogida    Anschutz    106612
74                    Shaoming Xiao    Anschutz    104885
75                    Kent Riemondy    Anschutz     93136
76                      Haoyu Zhang    Anschutz     89641
77                    Sarah Mentzer    Anschutz     86427
78                      David Jones    Anschutz     85342
79                       Holly Vose    Anschutz     83120
80                     Erin Baschal    Anschutz     77093
81                     Shirli Cohen    Anschutz     73282
82                  Vitaly Kheyfets    Anschutz     73153
83                 Johannes Strauss    Anschutz     71561
84                   Diego Restrepo    Anschutz     70585
85                Lucas Gillenwater    Anschutz     67792
86                        Rose Doss    Anschutz     64967
87                    Kristen James    Anschutz     63735
88                     Teresa Smith    Anschutz     63652
89                Aishwarya Mandava    Anschutz     63002
90                    Chuangqi Wang    Anschutz     62769
91   Santhanagopalan Krishnamoorthy    Anschutz     62500
92                Josephina Hendrix    Anschutz     62492
93                  Jay Hesselberth    Anschutz     62347
94                     Vedant Vohra    Anschutz     60715
95    Sakaiza Rasolofomanana Rajery    Anschutz     59802
96                     Calvin Voong    Anschutz     55652
97           Meher Preethi Boorgula    Anschutz     55357
98                   Aiden Taghinia    Anschutz     54467
99                   Luciana Vargas    Anschutz     53674
100                      Jade Young    Anschutz     53573
101                      Kiran Paul    Anschutz     53033
102                 Iain Konigsberg    Anschutz     52205
103                    Megan Stumpf    Anschutz     52051
104                  Carson Wedding    Anschutz     46107
105                Elizabeth Geiger    Anschutz     42949
106                        Xilin Su    Anschutz     42850
107             Yoga Advaith Veturi    Anschutz     41757
108                 Jenna Tomkinson    Anschutz     41400
109                    Tyler Gibson    Anschutz     41301
110                Anjelica Miranda    Anschutz     40633
111                     Harry Smith    Anschutz     39209
112                      JInal Shah    Anschutz     38157
113                    Parker Hicks    Anschutz     38027
114                    Yunus Ozekin    Anschutz     37528
115                  Tonya Brunetti    Anschutz     35772
116                      Mike Orman    Anschutz     34560
117                    Aastha Kakar    Anschutz     34118
118                 Harriet Dashnow    Anschutz     33742
119                   Madison Apgar    Anschutz     31066
120                     Joanna Chau    Anschutz     28516
121                  Jacklyn Ashmus    Anschutz     27946
122           Sudhanshu Shrivastava    Anschutz     26420
123                   Matthew Juber    Anschutz     25071
124                       Alyx Gray    Anschutz     24861
125               Alexandra Unangst    Anschutz     24035
126                   Nathaly Limon    Anschutz     23586
127              Christopher Schaaf    Anschutz     23309
128                      Jacob Krol    Anschutz     22868
129               Shunsuke Uchiyama    Anschutz     22864
130                  Banabithi Bose    Anschutz     22809
131                     Jace Aloway    Anschutz     22158
132                   Kaitlyn Walsh    Anschutz     22019
133                         Michael    Anschutz     21249
134               Manjushree Aithal    Anschutz     20294
135           Fabio Simoes de Souza    Anschutz     20036
136                   Gabriel Yette    Anschutz     19588
137                Katerina Terwelp    Anschutz     19133
138              Kaylee Rosenberger    Anschutz     19025
139                     Ethan Wolfe    Anschutz     18898
140                       Kyle Ross    Anschutz     18748
141                 Jonathan Shortt    Anschutz     18126
142                      Xiying Fan    Anschutz     17910
143           Khosbayar Lkhagvadorj    Anschutz     17364
144                   Suraju Sadeeq    Anschutz     15968
145                    Jeffrey Inen    Anschutz     15349
146                     yanqi huang    Anschutz     15324
147                 Milton Pividori    Anschutz     15142
148                 Sarah Danielson    Anschutz     14872
149                       Nanxi Guo    Anschutz     14839
150                       Lane Drew    Anschutz     14385
151                     Korey Wylie    Anschutz     14378
152                      Ava Warren    Anschutz     14016
153                    Ryan Summers    Anschutz     13848
154                       Eric Katz    Anschutz     13760
155                        Thu Doan    Anschutz     13692
156                      Yifan Zhao    Anschutz     13391
157                    Maria Hansen    Anschutz     13095
158                  Joseph Benthal    Anschutz     12931
159                       Sizhao Lu    Anschutz     12156
160                 Alexander McKim    Anschutz     11919
161              Christian Anderson    Anschutz     11916
162                   Monica Ransom    Anschutz     11897
163              Kairav Thiagarajah    Anschutz     11300
164                 Maxwell Stevens    Anschutz     11173
165                  Jessica Nelson    Anschutz     10869
166                    Alya Hussain    Anschutz     10642
167                  Jared Williams    Anschutz     10426
168                  Charlie Repaci    Anschutz      9831
169                   Cameron Lowry    Anschutz      9795
170                      Sara Wirth    Anschutz      9614
171                      Elena Wall    Anschutz      9015
172                 Davyd Sadovskyy    Anschutz      8544
173                  Elliott Brooks    Anschutz      8034
174                 Michael Ntrakwa    Anschutz      7961
175                        Tian Liu    Anschutz      7938
176                     Kevin Fotso    Anschutz      7792
177             Sarah Albers Fester    Anschutz      7727
178                      Ziwei Tian    Anschutz      7359
179             Jessica Prendergast    Anschutz      7113
180                 Grace Rodenberg    Anschutz      7068
181              Pranav Padmanabhan    Anschutz      6740
182                   Maizy Brasher    Anschutz      6572
183                  Winston Hibler    Anschutz      6432
184                      Yichi Chen    Anschutz      6053
185                     Shujian Lin    Anschutz      5903
186        Lakshmi Venkata Karuturi    Anschutz      5843
187                         Thao Vu    Anschutz      5837
188               Kristina Yamkovoy    Anschutz      5730
189                Stephanie Gipson    Anschutz      5677
190                       MJ Foster    Anschutz      5652
191                Mohammad Mansoor    Anschutz      5613
192                     Alex Romero    Anschutz      5600
193                 Nikita Pozdeyev    Anschutz      5565
194                    Lena Cedrone    Anschutz      5538
195                  Amber Nashobaq    Anschutz      5496
196             Christopher Mancuso    Anschutz      5037
197                 Rawan Elshobaky    Anschutz      4921
198                   Anna Dischler    Anschutz      4644
199                Thi Thuy Linh Le    Anschutz      4625
200                  Sana Paktinyar    Anschutz      4528
201                    Brennan Chan    Anschutz      4261
202                    Yaseer Sabir    Anschutz      4212
203                    Jordan Okada    Anschutz      4038
204                   Rahul Thadani    Anschutz      3907
205                  Matthew Osmond    Anschutz      3835
206                    Noah Johnson    Anschutz      3796
207                     Byron Brown    Anschutz      3749
208            Susana Lopez-Ignacio    Anschutz      3646
209                Brandon Hilliard    Anschutz      3540
210               Samuel Greenfield    Anschutz      3426
211                    Moomal Jatoi    Anschutz      3315
212                   Kalyn Kearney    Anschutz      3296
213                  Alexis Assante    Anschutz      3180
214                        Meng Lin    Anschutz      2951
215                   Nathan Witmer    Anschutz      2916
216                   Valerie Olsen    Anschutz      2800
217               Nathaniel Alzofon    Anschutz      2769
218                      Edward Lau    Anschutz      2628
219                  Madison Helsel    Anschutz      2572
220             William Baumgartner    Anschutz      2407
221                   Sarah Zweifel    Anschutz      2187
222                       Yujie Guo    Anschutz      2159
223                   Cailin Deiter    Anschutz      2004
224                 Maclean Sherren    Anschutz      2001
225               Benjamin Erickson    Anschutz      1949
226                        Qihua Ye    Anschutz      1927
227                 Raymond Lesiyon    Anschutz      1883
228                   Zoe Bedrosian    Anschutz      1844
229                Preston Stafford    Anschutz      1835
230                    Kayla Medina    Anschutz      1760
231                      Sarah Bird    Anschutz      1712
232                  Imrane Mariami    Anschutz      1690
233               Alexzanah Griffin    Anschutz      1681
234                    Lily Feldman    Anschutz      1680
235               Stephanie Crowley    Anschutz      1642
236                      Alex Camai    Anschutz      1601
237                      Ling Thang    Anschutz      1517
238                    Tushar Ghosh    Anschutz      1445
239                    Tamim Shaikh    Anschutz      1443
240                      Angela Ohm    Anschutz      1431
241                   Emma Trujillo    Anschutz      1416
242                   Emily Ekstrum    Anschutz      1404
243                    Saloni Dixon    Anschutz      1345
244                Nicole Pihlstrom    Anschutz      1335
245                     Tada Vargas    Anschutz      1275
246                  Gabriel Zinser    Anschutz      1174
247                   David Farrell    Anschutz      1159
248                  Emily DeCurtis    Anschutz      1119
249                Maggie Stanislaw    Anschutz      1087
250                      Yvonne Cui    Anschutz      1074
251                    Sutanu Nandi    Anschutz      1056
252          Sai Eashan Vankamamidi    Anschutz      1014
253                     Anne Gumina    Anschutz       985
254                  Morgan MacBeth    Anschutz       931
255                     Alden Paine    Anschutz       893
256               Karen Rossmassler    Anschutz       818
257                 Emily gregersen    Anschutz       807
258                      Ilin Joshi    Anschutz       774
259                     Joanne Cole    Anschutz       774
260              James Scott-Browne    Anschutz       751
261                   Minami Matsuo    Anschutz       688
262                    Katie Marker    Anschutz       631
263                    Emily Mastej    Anschutz       614
264               Nicole Costantino    Anschutz       588
265                    Negar Janani    Anschutz       587
266                  Abigail Cozart    Anschutz       573
267                     Tessa Allen    Anschutz       541
268                 Annalise Sturno    Anschutz       512
269                  Elizabeth Wynn    Anschutz       510
270               Clay Griffin-Derr    Anschutz       498
271                    David Bunten    Anschutz       474
272        Juan Samaniego Castaneda    Anschutz       468
273                      Dawid Zyla    Anschutz       449
274                   Maki Nakayama    Anschutz       444
275                Anna-Sophia Leon    Anschutz       438
276                Shalom Gutierrez    Anschutz       422
277                  Kirk Hohsfield    Anschutz       421
278                   Marc DAntonio    Anschutz       409
279             Sreerag Venugopalan    Anschutz       409
280                   Kritika Verma    Anschutz       404
281                  Garrison Arner    Anschutz       399
282              Faisal Alquaddoomi    Anschutz       384
283                Sierra Simmerman    Anschutz       369
284                   Ellen Bamberg    Anschutz       362
285                 Stephanie DeVoe    Anschutz       355
286                      Broc Burke    Anschutz       349
287                  Keegan Carroll    Anschutz       348
288                    Sourav Kumar    Anschutz       345
289           Jessica Olivas-Corral    Anschutz       315
290                    Joshua Lingo    Anschutz       314
291            Ana Fairbanks-Mahnke    Anschutz       312
292                      Nyjah Munn    Anschutz       309
293                   Shaunak Kapur    Anschutz       307
294                   Keshav Vembar    Anschutz       306
295                    Isabelle Hua    Anschutz       290
296                 Cameron Mattson    Anschutz       288
297                       Fan Zhang    Anschutz       283
298                   Daniele Marcy    Anschutz       282
299                     Jessica Lee    Anschutz       271
300                 Shruti Raghavan    Anschutz       270
301                     Sofia Celli    Anschutz       268
302                    Yonghao Zhao    Anschutz       266
303                   Michael Knitz    Anschutz       266
304                   Honey Hendesi    Anschutz       255
305                  Samantha Sills    Anschutz       246
306                   Katelyn Baker    Anschutz       238
307                 Yulduz Rakibova    Anschutz       230
308                     Emily Boyer    Anschutz       218
309                  Shannon Thomas    Anschutz       217
310                  Brenda Seymour    Anschutz       216
311              Eric Januszkiewicz    Anschutz       213
312            Madison Cho-Richmond    Anschutz       200
313                Michelle Kubicki    Anschutz       184
314                     Matthew Igo    Anschutz       182
315                 Rebecca ORourke    Anschutz       172
316                    Asha Masoudi    Anschutz       169
317                     Usman Hyder    Anschutz       165
318                     Megan Hupka    Anschutz       161
319                     Kelsey Ryan    Anschutz       161
320                   Erika Desonie    Anschutz       160
321             Natasha Shrivastava    Anschutz       160
322                       Qian Fang    Anschutz       156
323                 Hadeel Khammash    Anschutz       147
324                Jonathan Teetsel    Anschutz       140
325                     Lauren Kerr    Anschutz       136
326                     Xiuqing Wei    Anschutz       134
327                   Sarah Stenske    Anschutz       127
328                     Yuzhu Cheng    Anschutz       125
329                Roselyn Fierkens    Anschutz       124
330                    Anisha Raghu    Anschutz       121
331                   Aileen Button    Anschutz       115
332                Michael McMurray    Anschutz       111
333                  Brittany Gomez    Anschutz       111
334                    Sophie Hicks    Anschutz       110
335                   Galen Squiers    Anschutz       108
336                   James Hassell    Anschutz       104
337                  Nicole Messner    Anschutz       104
338                       Ted Shade    Anschutz        98
339               William Patterson    Anschutz        96
340                      Adam Quach    Anschutz        94
341                Benjamin Willett    Anschutz        93
342                Uddeep Chaudhury    Anschutz        93
343                    Kaili Curtis    Anschutz        91
344                     Isaac Vigil    Anschutz        89
345              Yuliana Romo-Perez    Anschutz        87
346                     Erik Collet    Anschutz        87
347                     Paige Caley    Anschutz        85
348                  Cheng-Chang Wu    Anschutz        81
349               Clarissa Estrella    Anschutz        80
350               Vanessa Langarica    Anschutz        77
351                   Joshua Kirsch    Anschutz        77
352             Tomas Ghebreslassie    Anschutz        76
353                        Ying Jin    Anschutz        75
354                    Jeremy Fleck    Anschutz        74
355                  Scott Thompson    Anschutz        73
356                   Jasalyn Avila    Anschutz        72
357                   Tzu Lip Phang    Anschutz        71
358                   Jonathan Levi    Anschutz        71
359                 Samuel Burciaga    Anschutz        69
360                Raymond Pomponio    Anschutz        68
361                     Kiely James    Anschutz        68
362           David Beltran-Cardona    Anschutz        68
363                Karla Vela Lopez    Anschutz        68
364                     Luke Hanson    Anschutz        66
365                 Benjamin Bearce    Anschutz        66
366                 Thomas Carrillo    Anschutz        66
367                    Rachel Cohen    Anschutz        65
368                 Ashley Thompson    Anschutz        64
369                 Gabriel Medrano    Anschutz        63
370                  Opeyemi Jegede    Anschutz        62
371                    Huaizhen Cai    Anschutz        62
372                     Jack Duryea    Anschutz        62
373                     Laura Islas    Anschutz        61
374                       Sam Fulte    Anschutz        59
375                       Laura Lim    Anschutz        56
376               Kayla Fairweather    Anschutz        54
377                 Arianne Crossen    Anschutz        53
378                   Cameron Manes    Anschutz        52
379              Victoria Hoelscher    Anschutz        51
380                   Angie Vazquez    Anschutz        50
381                  Lily Mussallem    Anschutz        49
382                  Courtney Cowan    Anschutz        46
383                      Karen Chau    Anschutz        45
384                   Kristin Uhler    Anschutz        45
385                     Helen Gomez    Anschutz        43
386                     Sydney Hall    Anschutz        42
387                  Adam Giacalone    Anschutz        42
388                 Michael Harbell    Anschutz        42
389                  Lauren Atencio    Anschutz        42
390                  Roxanne McPeck    Anschutz        40
391                  Jessica Beynor    Anschutz        39
392               Matthew Mondragon    Anschutz        39
393                    Brooke Gates    Anschutz        38
394                 Amanda Anderson    Anschutz        36
395                   Evelyn Ibarra    Anschutz        36
396                 Yoshiki Sakurai    Anschutz        35
397                   Jessica Smith    Anschutz        35
398              Mary Grace Carroll    Anschutz        32
399                         Amy Han    Anschutz        32
400                   Nicole Hansen    Anschutz        29
401              Courtney Schiebout    Anschutz        27
402                Carlos Goncalves    Anschutz        27
403                    Xiaoyuan Liu    Anschutz        26
404                    Mariah Meyer    Anschutz        24
405                        Hao Yuan    Anschutz        21
406                  Ashley Scadden    Anschutz        20
407                  Elizabeth Nail    Anschutz        20
408                    John Finigan    Anschutz        19
409                 Thomas Salvetti    Anschutz        19
410                    Tiffany Love    Anschutz        18
411           Navin Kumar Balagopal    Anschutz        16
412                 Cheyanne Durham    Anschutz        14
413  Angela Sofia Burkhart Colorado    Anschutz        14
414                     Megan Kraus    Anschutz        14
415                    Kayla Holder    Anschutz        14
416                     Audrey Rood    Anschutz        13
417                     Carol Amato    Anschutz        13
418                  Shivang Mistry    Anschutz        12
419                      Juan Pagan    Anschutz        12
420                 Qierra Brockman    Anschutz        12
421                Cameron Morrison    Anschutz        12
422                      Ian Purvis    Anschutz        12
423                       Kade Fink    Anschutz        12
424                   McKenna Casey    Anschutz        12
425                   Kayla Johnson    Anschutz        12
426              Mansooreh Ahmadian    Anschutz        12
427                    Trevor Isner    Anschutz        12
428                 Jonathan Kurche    Anschutz        10
429     julian grandvalletcontreras    Anschutz        10
430                 Marta Carbonell    Anschutz         9
431                Natalie Davidson    Anschutz         8
432                    Yjuliana Tin    Anschutz         8
433                    Matthew Hill    Anschutz         7
434                   James DiLisio    Anschutz         6
435                     Marina Good    Anschutz         5
436                        Ting Lou    Anschutz         5
437                 Alyssa Margolis    Anschutz         5
438               Nikhil Madhuripan    Anschutz         5
439                Gabrielle Vragel    Anschutz         5
440                        Sean Lee    Anschutz         5
441                    Ananya Raghu    Anschutz         4
442                  Phillip Gilley    Anschutz         4
443                   Lauren Immink    Anschutz         3
444                      Ahmet Eken    Anschutz         3
445                     Kaia Kinkel    Anschutz         3
446                 Jessica Borgers    Anschutz         3
447                  Crystal Musser    Anschutz         3
448                       Shaoju Wu    Anschutz         3
449                    Gidon Felsen    Anschutz         3
450                   Shiomi Junker    Anschutz         2
451                         Vy Tran    Anschutz         2
452                   Praveer Singh    Anschutz         2
453                      Julie Raab    Anschutz         2
454                   Kyle Sullivan    Anschutz         2
455                  Caroline Reges    Anschutz         2
456                 Zachary Caterer    Anschutz         2
457                     Jack Pattee    Anschutz         1
458                  Dylan Sarbaugh    Anschutz         1
459                     Ann Strange    Anschutz         1
460                   Ali Abrowshan    Anschutz         1
461                   Caitlin Lewis    Anschutz         1
462                    Brianna Hunt    Anschutz         1
463                     Lena Hansen    Anschutz         1
464                   Lucia Guatney    Anschutz         1
465              Alexandria Dickson    Anschutz         1
466                       Yanyan Xu    Anschutz         1
467                  Molly McGuckin    Anschutz         1
468                   Logan Barrios    Anschutz         1
469             Christopher Collora    Anschutz         1
470                Katherina Cortes    Anschutz         1
471     Sai Pradeep Chandra Bompada    Anschutz         1
472                    Josh Hunkins    Anschutz         1
473                    John DeSisto    Anschutz         1
474                     Ralf Dagdag    Anschutz         1
475         Siddharth Krishnamurthy    Anschutz         1
476            Ishanu Chattopadhyay    Anschutz         1
477                   Pranav Sristy    Anschutz         1
478                  David Westerly    Anschutz         1
Compute and wait time for mlippincott@xsede.org by partition for the last 10000 days
            hours_computed      wait  wait_ratio
partition
aa100         11249.646389  568624.0   50.545944
acompile        136.916111       0.0    0.000000
al40              7.484167     658.0   87.918940
amem          11456.220556  160465.0   14.006801
ami100            0.191944       0.0    0.000000
amilan       252472.202778  179806.0    0.712181
amilan128c        3.502778       0.0    0.000000
atesting          0.055000       0.0    0.000000
atesting_+       13.422500       0.0    0.000000
mlippincott@xsede.org has waited a total of 103.83 years in queue in the last 10000 days
mlippincott@xsede.org has used a total of 31.43 years of compute time in the last 10000 days
mlippincott@xsede.org has used a total of 3057026 SUs in the last 10000 days for a total of 348.98 years if 1 SU = 1 hour of compute time
