no change     /curc/sw/anaconda3/2023.09/condabin/conda
no change     /curc/sw/anaconda3/2023.09/bin/conda
no change     /curc/sw/anaconda3/2023.09/bin/conda-env
no change     /curc/sw/anaconda3/2023.09/bin/activate
no change     /curc/sw/anaconda3/2023.09/bin/deactivate
no change     /curc/sw/anaconda3/2023.09/etc/profile.d/conda.sh
no change     /curc/sw/anaconda3/2023.09/etc/fish/conf.d/conda.fish
no change     /curc/sw/anaconda3/2023.09/shell/condabin/Conda.psm1
no change     /curc/sw/anaconda3/2023.09/shell/condabin/conda-hook.ps1
no change     /curc/sw/anaconda3/2023.09/lib/python3.11/site-packages/xontrib/conda.xsh
no change     /curc/sw/anaconda3/2023.09/etc/profile.d/conda.csh
modified      /home/mlippincott@xsede.org/.bashrc

==> For changes to take effect, close and re-open your current shell. <==

[NbConvertApp] Converting notebook notebooks/slurm_stats.ipynb to script
[NbConvertApp] Writing 6187 bytes to scripts/slurm_stats.py
[NbConvertApp] Converting notebook notebooks/slurm_stats_plotting.ipynb to script
[NbConvertApp] Writing 5772 bytes to scripts/slurm_stats_plotting.py
Top 500 users by usage for the last 10000 days
                        Proper Name Institution      Used
0                         Jun Inamo    Anschutz  10927756
1                      Jill Hoffman    Anschutz   2667592
2                 Christopher Clark    Anschutz   2551312
3                        Siyang Ren    Anschutz   1974937
4               Micahael Lippincott    Anschutz   1545940
5                        Josh Mejia    Anschutz   1414138
6                    Samantha White    Anschutz   1297578
7                 Alon Poleg-Polsky    Anschutz   1273148
8                       Graham Peet    Anschutz   1266886
9                   Jonathan Pitsch    Anschutz   1146436
10                             Sean    Anschutz   1105569
11                     Nick Rafaels    Anschutz   1086302
12                   Aaron Beckwith    Anschutz    748799
13                     Scott Kinder    Anschutz    744074
14                   Kewalin Samart    Anschutz    713529
15                       Junxia Lin    Anschutz    676858
16                  Shelby Andersen    Anschutz    626852
17                  Keenan Manpearl    Anschutz    586873
18                         Yue Wang    Anschutz    544422
19                     Shane Ridoux    Anschutz    509736
20                       Megan Duff    Anschutz    498853
21                 Ryan Porterfield    Anschutz    490381
22                      Nannan Wang    Anschutz    486678
23                   Esteban Lucero    Anschutz    477442
24                       Daniel Kao    Anschutz    449805
25                           Thomas    Anschutz    438860
26                     Jack Ustanik    Anschutz    394544
27                Jonathan Cardwell    Anschutz    380936
28                   Kendra Ferrier    Anschutz    372538
29                 Andrew Goodspeed    Anschutz    338877
30                   Abhirupa Ghosh    Anschutz    326139
31                    Adriana Ivich    Anschutz    293334
32                  Revanth Krishna    Anschutz    282021
33                     Souha Tifour    Anschutz    276009
34                   Matthew Fisher    Anschutz    263508
35                 Christopher Hill    Anschutz    262698
36                     Yunjing Hong    Anschutz    252227
37                    Austin Gillen    Anschutz    242066
38                   Maureen McHugo    Anschutz    237672
39                 Samantha Reynoso    Anschutz    210936
40                     Alison Brack    Anschutz    196444
41                          Han Zhu    Anschutz    196025
42                      Sarah Slack    Anschutz    193310
43              Lauren Vanderlinden    Anschutz    186695
44                       Weishan Li    Anschutz    176537
45                     Charmie Vang    Anschutz    155202
46                    John O'Connor    Anschutz    154341
47                       Connor Eck    Anschutz    150182
48                 Gabriella Albert    Anschutz    126969
49                 Upasana Thakuria    Anschutz    124274
50                   Sierra Niemiec    Anschutz    124038
51                    Hitoshi Irabu    Anschutz    118950
52              Sanjeev Janarthanan    Anschutz    115672
53                Laureline Logiaco    Anschutz    115665
54                      Arnav Gupta    Anschutz    111409
55                  Abbigayl Burtis    Anschutz    109917
56                     Evan Brenner    Anschutz    109784
57                          Kristen    Anschutz    104935
58                 Kentaro Yomogida    Anschutz    104534
59                    Kent Riemondy    Anschutz     93136
60                    Sarah Mentzer    Anschutz     86427
61                      David Jones    Anschutz     85342
62                      Haoyu Zhang    Anschutz     77507
63                     Grace Akatsu    Anschutz     76475
64                   Diego Restrepo    Anschutz     70585
65                  Vitaly Kheyfets    Anschutz     70511
66                          Etienne    Anschutz     64344
67                    Chuangqi Wang    Anschutz     62769
68   Santhanagopalan Krishnamoorthy    Anschutz     62500
69                Lucas Gillenwater    Anschutz     62078
70                     Vedant Vohra    Anschutz     60644
71                    Kristen James    Anschutz     60561
72                     Erin Baschal    Anschutz     58035
73                     Shirli Cohen    Anschutz     57780
74                     Calvin Voong    Anschutz     55652
75           Meher Preethi Boorgula    Anschutz     55357
76                  Roman Schlimgen    Anschutz     55130
77                   Aiden Taghinia    Anschutz     54467
78                       Holly Vose    Anschutz     53675
79                       Jade Young    Anschutz     53463
80                       Kiran Paul    Anschutz     53033
81                   Luciana Vargas    Anschutz     50611
82                Josephina Hendrix    Anschutz     46860
83                   Carson Wedding    Anschutz     46107
84                    Shaoming Xiao    Anschutz     44542
85                 Elizabeth Geiger    Anschutz     42949
86                  Iain Konigsberg    Anschutz     41993
87              Yoga Advaith Veturi    Anschutz     41757
88                  Jay Hesselberth    Anschutz     41713
89                     Tyler Gibson    Anschutz     41289
90                     Megan Stumpf    Anschutz     40339
91                      Harry Smith    Anschutz     38478
92                        Rose Doss    Anschutz     37692
93                     Yunus Ozekin    Anschutz     37512
94                  Emma Lathouwers    Anschutz     37037
95                       Mike Orman    Anschutz     34232
96                         Xilin Su    Anschutz     34162
97    Sakaiza Rasolofomanana Rajery    Anschutz     34070
98                   Tonya Brunetti    Anschutz     31148
99                     Parker Hicks    Anschutz     30805
100                     Joanna Chau    Anschutz     28516
101                   Madison Apgar    Anschutz     28123
102                    Aastha Kakar    Anschutz     26583
103                  Jacklyn Ashmus    Anschutz     26539
104           Sudhanshu Shrivastava    Anschutz     26420
105                   Nathaly Limon    Anschutz     23586
106              Christopher Schaaf    Anschutz     23309
107                      Jacob Krol    Anschutz     22868
108                       Alyx Gray    Anschutz     21964
109               Alexandra Unangst    Anschutz     20980
110           Fabio Simoes de Souza    Anschutz     19632
111              Kaylee Rosenberger    Anschutz     19025
112                     Ethan Wolfe    Anschutz     18898
113                       Kyle Ross    Anschutz     18748
114                      Xiying Fan    Anschutz     17909
115                    Jeffrey Inen    Anschutz     15349
116                 Milton Pividori    Anschutz     15142
117                 Sarah Danielson    Anschutz     14872
118                 Jonathan Shortt    Anschutz     14399
119             Akshay Kumar Avvaru    Anschutz     14296
120                     Korey Wylie    Anschutz     14187
121                      Ava Warren    Anschutz     14016
122                       Nanxi Guo    Anschutz     13786
123                       Eric Katz    Anschutz     13760
124                Katerina Terwelp    Anschutz     12620
125                   Monica Ransom    Anschutz     11897
126                  Jessica Nelson    Anschutz     10674
127                    Alya Hussain    Anschutz     10604
128              Christian Anderson    Anschutz     10556
129                       Sizhao Lu    Anschutz     10544
130                   Matthew Juber    Anschutz     10472
131                   Cameron Lowry    Anschutz      9432
132           Khosbayar Lkhagvadorj    Anschutz      9243
133                   Suraju Sadeeq    Anschutz      9122
134                      Elena Wall    Anschutz      9006
135                  Elliott Brooks    Anschutz      8034
136                        Tian Liu    Anschutz      7938
137                 Michael Ntrakwa    Anschutz      7937
138                  Jared Williams    Anschutz      7832
139             Sarah Albers Fester    Anschutz      7727
140                    Elbay Aliyev    Anschutz      7638
141                      Yifan Zhao    Anschutz      7289
142                      Sara Wirth    Anschutz      7085
143                        Thu Doan    Anschutz      6748
144              Pranav Padmanabhan    Anschutz      6718
145             Juan Vargas Alvarez    Anschutz      6418
146                     Kevin Fotso    Anschutz      6197
147                 Harriet Dashnow    Anschutz      6164
148        Lakshmi Venkata Karuturi    Anschutz      5843
149                Stephanie Gipson    Anschutz      5677
150                      Yichi Chen    Anschutz      5623
151                     Alex Romero    Anschutz      5600
152                  Amber Nashobaq    Anschutz      5496
153                       MJ Foster    Anschutz      5291
154                         Michael    Anschutz      5153
155             Christopher Mancuso    Anschutz      5035
156                 Rawan Elshobaky    Anschutz      4851
157                         Thao Vu    Anschutz      4736
158                     Shujian Lin    Anschutz      4731
159                  Sana Paktinyar    Anschutz      4480
160                   Anna Dischler    Anschutz      4476
161                    Maria Hansen    Anschutz      4471
162                     Jace Aloway    Anschutz      4420
163                    Brennan Chan    Anschutz      4261
164                    Jordan Okada    Anschutz      4038
165                  Matthew Osmond    Anschutz      3823
166                    Noah Johnson    Anschutz      3796
167                 Nikita Pozdeyev    Anschutz      3463
168               Samuel Greenfield    Anschutz      3426
169                    Yaseer Sabir    Anschutz      3389
170                        Meng Lin    Anschutz      2914
171                 Jenna Tomkinson    Anschutz      2820
172                  Joseph Benthal    Anschutz      2800
173               Nathaniel Alzofon    Anschutz      2769
174                      Ziwei Tian    Anschutz      2645
175             William Baumgartner    Anschutz      2407
176                 Alexander McKim    Anschutz      2290
177                   Nathan Witmer    Anschutz      1979
178                   Valerie Olsen    Anschutz      1959
179             Jessica Prendergast    Anschutz      1930
180                        Qihua Ye    Anschutz      1927
181            Susana Lopez-Ignacio    Anschutz      1882
182                 Maclean Sherren    Anschutz      1875
183                 Raymond Lesiyon    Anschutz      1866
184                    Kayla Medina    Anschutz      1760
185               Alexzanah Griffin    Anschutz      1681
186                    Lily Feldman    Anschutz      1680
187                  Winston Hibler    Anschutz      1630
188                  Alexis Assante    Anschutz      1604
189                      Alex Camai    Anschutz      1596
190                   Zoe Bedrosian    Anschutz      1588
191                   Maizy Brasher    Anschutz      1518
192                    Lena Cedrone    Anschutz      1513
193                       Yujie Guo    Anschutz      1508
194                    Tushar Ghosh    Anschutz      1445
195                 Grace Rodenberg    Anschutz      1444
196                    Tamim Shaikh    Anschutz      1443
197                      Angela Ohm    Anschutz      1431
198                   Emma Trujillo    Anschutz      1415
199                    Moomal Jatoi    Anschutz      1412
200                   Emily Ekstrum    Anschutz      1399
201                Nicole Pihlstrom    Anschutz      1335
202                     Tada Vargas    Anschutz      1275
203               Benjamin Erickson    Anschutz      1246
204               Stephanie Crowley    Anschutz      1130
205                  Emily DeCurtis    Anschutz      1119
206                Maggie Stanislaw    Anschutz      1087
207                   David Farrell    Anschutz      1087
208                    Sutanu Nandi    Anschutz      1023
209                     Anne Gumina    Anschutz       985
210                     Alden Paine    Anschutz       893
211               Karen Rossmassler    Anschutz       818
212                      Ilin Joshi    Anschutz       773
213                   Rahul Thadani    Anschutz       757
214              James Scott-Browne    Anschutz       751
215                   Minami Matsuo    Anschutz       688
216                  Charlie Repaci    Anschutz       642
217                    Katie Marker    Anschutz       631
218                    Emily Mastej    Anschutz       614
219               Nicole Costantino    Anschutz       588
220                    Negar Janani    Anschutz       587
221                Johannes Strauss    Anschutz       580
222                  Abigail Cozart    Anschutz       573
223                      Edward Lau    Anschutz       544
224                     Tessa Allen    Anschutz       541
225                  Elizabeth Wynn    Anschutz       510
226                 Annalise Sturno    Anschutz       486
227                    David Bunten    Anschutz       473
228                   Sarah Zweifel    Anschutz       465
229                     Joanne Cole    Anschutz       460
230                Shalom Gutierrez    Anschutz       422
231                  Kirk Hohsfield    Anschutz       421
232                   Maki Nakayama    Anschutz       412
233                   Marc DAntonio    Anschutz       409
234             Sreerag Venugopalan    Anschutz       409
235                   Kritika Verma    Anschutz       404
236              Faisal Alquaddoomi    Anschutz       384
237                 Alexandra Lucas    Anschutz       374
238                Sierra Simmerman    Anschutz       369
239                 Stephanie DeVoe    Anschutz       355
240                      Broc Burke    Anschutz       349
241                  Keegan Carroll    Anschutz       348
242                    Sourav Kumar    Anschutz       345
243           Jessica Olivas-Corral    Anschutz       315
244                      Nyjah Munn    Anschutz       309
245                   Shaunak Kapur    Anschutz       307
246                    Isabelle Hua    Anschutz       290
247          Sai Eashan Vankamamidi    Anschutz       277
248                   Ellen Bamberg    Anschutz       273
249               Aishwarya Mandava    Anschutz       272
250                     Jessica Lee    Anschutz       271
251                       Fan Zhang    Anschutz       271
252                 Shruti Raghavan    Anschutz       270
253                   Michael Knitz    Anschutz       266
254                   Honey Hendesi    Anschutz       255
255                  Banabithi Bose    Anschutz       248
256                  Samantha Sills    Anschutz       246
257                   Keshav Vembar    Anschutz       230
258                 Davyd Sadovskyy    Anschutz       230
259                     Emily Boyer    Anschutz       218
260                      Yvonne Cui    Anschutz       200
261            Madison Cho-Richmond    Anschutz       200
262              Eric Januszkiewicz    Anschutz       188
263                  Landon Buskirk    Anschutz       185
264                    Asha Masoudi    Anschutz       169
265                Brandon Hilliard    Anschutz       161
266                  Morgan MacBeth    Anschutz       161
267             Natasha Shrivastava    Anschutz       160
268                   Erika Desonie    Anschutz       159
269                       Qian Fang    Anschutz       156
270                Mohammad Mansoor    Anschutz       153
271                     Megan Hupka    Anschutz       147
272                 Hadeel Khammash    Anschutz       147
273                Jonathan Teetsel    Anschutz       140
274                    Joshua Lingo    Anschutz       137
275                     Xiuqing Wei    Anschutz       134
276                   Sarah Stenske    Anschutz       127
277                Roselyn Fierkens    Anschutz       124
278                    Anisha Raghu    Anschutz       121
279                 Cameron Mattson    Anschutz       113
280                Michael McMurray    Anschutz       111
281                  Brittany Gomez    Anschutz       111
282                    Sophie Hicks    Anschutz       110
283                Anjelica Miranda    Anschutz       107
284                Anna-Sophia Leon    Anschutz       104
285                       Ted Shade    Anschutz        98
286                Benjamin Willett    Anschutz        93
287                    Kaili Curtis    Anschutz        91
288                     Isaac Vigil    Anschutz        89
289              Yuliana Romo-Perez    Anschutz        87
290                   Katelyn Baker    Anschutz        86
291                     Paige Caley    Anschutz        85
292                  Cheng-Chang Wu    Anschutz        81
293               Clarissa Estrella    Anschutz        80
294                   Joshua Kirsch    Anschutz        77
295               Vanessa Langarica    Anschutz        77
296             Tomas Ghebreslassie    Anschutz        76
297                        Ying Jin    Anschutz        75
298                    Jeremy Fleck    Anschutz        74
299                  Scott Thompson    Anschutz        73
300                  Nicole Messner    Anschutz        72
301                   Jasalyn Avila    Anschutz        72
302                   Tzu Lip Phang    Anschutz        71
303                 Samuel Burciaga    Anschutz        69
304                Karla Vela Lopez    Anschutz        68
305                     Kiely James    Anschutz        68
306                Raymond Pomponio    Anschutz        68
307                     Luke Hanson    Anschutz        66
308                 Benjamin Bearce    Anschutz        66
309                 Thomas Carrillo    Anschutz        66
310                    Rachel Cohen    Anschutz        65
311                 Ashley Thompson    Anschutz        64
312                 Gabriel Medrano    Anschutz        63
313                  Opeyemi Jegede    Anschutz        62
314               Kristina Yamkovoy    Anschutz        62
315                     Erik Collet    Anschutz        62
316                    Huaizhen Cai    Anschutz        62
317                     Laura Islas    Anschutz        61
318                       Sam Fulte    Anschutz        59
319                       Laura Lim    Anschutz        56
320            Ana Fairbanks-Mahnke    Anschutz        55
321               Kayla Fairweather    Anschutz        54
322                 Arianne Crossen    Anschutz        53
323                   Cameron Manes    Anschutz        52
324                      Adam Quach    Anschutz        51
325              Victoria Hoelscher    Anschutz        51
326                   Angie Vazquez    Anschutz        50
327                  Lily Mussallem    Anschutz        49
328                  Courtney Cowan    Anschutz        46
329                      Karen Chau    Anschutz        45
330                   Kristin Uhler    Anschutz        45
331                     Helen Gomez    Anschutz        43
332                     Sydney Hall    Anschutz        42
333                  Lauren Atencio    Anschutz        42
334                 Michael Harbell    Anschutz        42
335                  Roxanne McPeck    Anschutz        40
336                  Jessica Beynor    Anschutz        39
337                     Sofia Celli    Anschutz        39
338               Matthew Mondragon    Anschutz        39
339                     Usman Hyder    Anschutz        37
340                   Evelyn Ibarra    Anschutz        36
341                 Amanda Anderson    Anschutz        36
342                 Yoshiki Sakurai    Anschutz        35
343              Mary Grace Carroll    Anschutz        32
344                   Nicole Hansen    Anschutz        29
345              Courtney Schiebout    Anschutz        27
346                    Xiaoyuan Liu    Anschutz        26
347                    Mariah Meyer    Anschutz        24
348                Carlos Goncalves    Anschutz        24
349                        Hao Yuan    Anschutz        21
350                  Ashley Scadden    Anschutz        20
351                  Elizabeth Nail    Anschutz        20
352                   Jessica Smith    Anschutz        19
353                    John Finigan    Anschutz        19
354                 Thomas Salvetti    Anschutz        19
355                       Le Yiphyo    Anschutz        16
356           Navin Kumar Balagopal    Anschutz        16
357  Angela Sofia Burkhart Colorado    Anschutz        14
358                 Cheyanne Durham    Anschutz        14
359                    Kayla Holder    Anschutz        14
360                     Megan Kraus    Anschutz        14
361                Uddeep Chaudhury    Anschutz        13
362               William Patterson    Anschutz        13
363                      Ian Purvis    Anschutz        12
364                   Kayla Johnson    Anschutz        12
365              Mansooreh Ahmadian    Anschutz        12
366                 Emily gregersen    Anschutz        12
367                    Trevor Isner    Anschutz        12
368                      Juan Pagan    Anschutz        12
369                  Shivang Mistry    Anschutz        12
370                 Qierra Brockman    Anschutz        12
371                   McKenna Casey    Anschutz        12
372                    Teresa Smith    Anschutz        12
373                Cameron Morrison    Anschutz        12
374                   Aileen Button    Anschutz        12
375                 Jonathan Kurche    Anschutz        10
376     julian grandvalletcontreras    Anschutz        10
377           David Beltran-Cardona    Anschutz         8
378                Natalie Davidson    Anschutz         8
379                    Yjuliana Tin    Anschutz         8
380                    Matthew Hill    Anschutz         7
381                     Lauren Kerr    Anschutz         6
382                   James DiLisio    Anschutz         6
383               Nikhil Madhuripan    Anschutz         5
384                     Marina Good    Anschutz         5
385                        Ting Lou    Anschutz         5
386                Gabrielle Vragel    Anschutz         5
387                 Alyssa Margolis    Anschutz         5
388                  Phillip Gilley    Anschutz         4
389                    Ananya Raghu    Anschutz         4
390                   Kaitlyn Walsh    Anschutz         4
391                      Ling Thang    Anschutz         3
392                   Lauren Immink    Anschutz         3
393                  Crystal Musser    Anschutz         3
394                      Ahmet Eken    Anschutz         3
395                 Jessica Borgers    Anschutz         3
396                    Gidon Felsen    Anschutz         3
397                   Laurent Gapin    Anschutz         3
398                         Vy Tran    Anschutz         2
399                   Galen Squiers    Anschutz         2
400                      Julie Raab    Anschutz         2
401                   Praveer Singh    Anschutz         2
402                   Shiomi Junker    Anschutz         2
403                 Zachary Caterer    Anschutz         2
404              Alexandria Dickson    Anschutz         1
405                  David Westerly    Anschutz         1
406             Christopher Collora    Anschutz         1
407                     Ann Strange    Anschutz         1
408                   Lucia Guatney    Anschutz         1
409                  Molly McGuckin    Anschutz         1
410                 Rebecca ORourke    Anschutz         1
411                     Ralf Dagdag    Anschutz         1
412                   Pranav Sristy    Anschutz         1
413                     Lena Hansen    Anschutz         1
414                       Yanyan Xu    Anschutz         1
415                   Ali Abrowshan    Anschutz         1
416         Siddharth Krishnamurthy    Anschutz         1
417               Clay Griffin-Derr    Anschutz         1
418                Katherina Cortes    Anschutz         1
419                    John DeSisto    Anschutz         1
420                   Logan Barrios    Anschutz         1
421            Ishanu Chattopadhyay    Anschutz         1
422                    Josh Hunkins    Anschutz         1
423                   Caitlin Lewis    Anschutz         1
424                     Yuzhu Cheng    Anschutz         1
425                     Jack Pattee    Anschutz         1
426                  Dylan Sarbaugh    Anschutz         1
Traceback (most recent call last):
  File "/projects/mlippincott@xsede.org/SLURM-Cheat-Sheet/slurm_stats_check/scripts/slurm_stats.py", line 188, in <module>
    df.columns = new_columns
    ^^^^^^^^^^
  File "/projects/mlippincott@xsede.org/software/anaconda/envs/slurm_stats_env/lib/python3.12/site-packages/pandas/core/generic.py", line 6313, in __setattr__
    return object.__setattr__(self, name, value)
           ^^^^^^^^^^^^^^^^^^^^^^^^^^^^^^^^^^^^^
  File "properties.pyx", line 69, in pandas._libs.properties.AxisProperty.__set__
  File "/projects/mlippincott@xsede.org/software/anaconda/envs/slurm_stats_env/lib/python3.12/site-packages/pandas/core/generic.py", line 814, in _set_axis
    self._mgr.set_axis(axis, labels)
  File "/projects/mlippincott@xsede.org/software/anaconda/envs/slurm_stats_env/lib/python3.12/site-packages/pandas/core/internals/managers.py", line 238, in set_axis
    self._validate_set_axis(axis, new_labels)
  File "/projects/mlippincott@xsede.org/software/anaconda/envs/slurm_stats_env/lib/python3.12/site-packages/pandas/core/internals/base.py", line 98, in _validate_set_axis
    raise ValueError(
ValueError: Length mismatch: Expected axis has 0 elements, new values have 11 elements
slurmstepd: error: Detected 1 oom_kill event in StepId=21254060.batch. Some of the step tasks have been OOM Killed.
