no change     /curc/sw/anaconda3/2023.09/condabin/conda
no change     /curc/sw/anaconda3/2023.09/bin/conda
no change     /curc/sw/anaconda3/2023.09/bin/conda-env
no change     /curc/sw/anaconda3/2023.09/bin/activate
no change     /curc/sw/anaconda3/2023.09/bin/deactivate
no change     /curc/sw/anaconda3/2023.09/etc/profile.d/conda.sh
no change     /curc/sw/anaconda3/2023.09/etc/fish/conf.d/conda.fish
no change     /curc/sw/anaconda3/2023.09/shell/condabin/Conda.psm1
no change     /curc/sw/anaconda3/2023.09/shell/condabin/conda-hook.ps1
no change     /curc/sw/anaconda3/2023.09/lib/python3.11/site-packages/xontrib/conda.xsh
no change     /curc/sw/anaconda3/2023.09/etc/profile.d/conda.csh
modified      /home/mlippincott@xsede.org/.bashrc

==> For changes to take effect, close and re-open your current shell. <==

[NbConvertApp] Converting notebook notebooks/slurm_stats.ipynb to script
[NbConvertApp] Writing 6187 bytes to scripts/slurm_stats.py
[NbConvertApp] Converting notebook notebooks/slurm_stats_plotting.ipynb to script
[NbConvertApp] Writing 5772 bytes to scripts/slurm_stats_plotting.py
Top 500 users by usage for the last 10000 days
                        Proper Name Institution      Used
0                         Jun Inamo    Anschutz  10927196
1                 Christopher Clark    Anschutz   1376545
2                      Jill Hoffman    Anschutz   1306969
3               Micahael Lippincott    Anschutz   1247666
4                        Josh Mejia    Anschutz   1179593
5                   Jonathan Pitsch    Anschutz   1146436
6                 Alon Poleg-Polsky    Anschutz    948004
7                       Graham Peet    Anschutz    878947
8                        Siyang Ren    Anschutz    760808
9                    Aaron Beckwith    Anschutz    748799
10                     Scott Kinder    Anschutz    744074
11                     Nick Rafaels    Anschutz    655824
12                   Samantha White    Anschutz    597859
13                         Yue Wang    Anschutz    540048
14                     Shane Ridoux    Anschutz    509736
15                       Megan Duff    Anschutz    498853
16                   Esteban Lucero    Anschutz    477238
17                  Shelby Andersen    Anschutz    462149
18                       Daniel Kao    Anschutz    444345
19                       Junxia Lin    Anschutz    392594
20                Jonathan Cardwell    Anschutz    380935
21                   Kendra Ferrier    Anschutz    371676
22                 Andrew Goodspeed    Anschutz    301929
23                   Abhirupa Ghosh    Anschutz    285128
24                    Adriana Ivich    Anschutz    278581
25                     Souha Tifour    Anschutz    276009
26                   Matthew Fisher    Anschutz    263508
27                   Kewalin Samart    Anschutz    262979
28                      Nannan Wang    Anschutz    249040
29                   Maureen McHugo    Anschutz    237672
30                     Alison Brack    Anschutz    196444
31                      Sarah Slack    Anschutz    188151
32                 Samantha Reynoso    Anschutz    165571
33                    Austin Gillen    Anschutz    160642
34                  Revanth Krishna    Anschutz    156841
35              Lauren Vanderlinden    Anschutz    135676
36                     Charmie Vang    Anschutz    132582
37                 Gabriella Albert    Anschutz    126969
38                 Upasana Thakuria    Anschutz    124274
39                   Sierra Niemiec    Anschutz    124038
40                  Abbigayl Burtis    Anschutz    101861
41                     Evan Brenner    Anschutz    101165
42                 Kentaro Yomogida    Anschutz     98266
43                          Kristen    Anschutz     95131
44                    Kent Riemondy    Anschutz     93136
45                       Connor Eck    Anschutz     88805
46                 Christopher Hill    Anschutz     86549
47                      David Jones    Anschutz     85342
48                    John O'Connor    Anschutz     82317
49                      Arnav Gupta    Anschutz     80129
50                      Haoyu Zhang    Anschutz     75052
51                   Diego Restrepo    Anschutz     70585
52                 Ryan Porterfield    Anschutz     70002
53                  Vitaly Kheyfets    Anschutz     65223
54   Santhanagopalan Krishnamoorthy    Anschutz     62500
55                          Han Zhu    Anschutz     61094
56                     Vedant Vohra    Anschutz     60644
57           Meher Preethi Boorgula    Anschutz     55357
58                    Chuangqi Wang    Anschutz     54632
59                     Shirli Cohen    Anschutz     54136
60                       Jade Young    Anschutz     53458
61                       Kiran Paul    Anschutz     53007
62                Lucas Gillenwater    Anschutz     49372
63                   Carson Wedding    Anschutz     46098
64                 Elizabeth Geiger    Anschutz     42949
65              Yoga Advaith Veturi    Anschutz     41757
66                  Iain Konigsberg    Anschutz     40879
67                       Holly Vose    Anschutz     40791
68                     Megan Stumpf    Anschutz     40266
69                     Yunus Ozekin    Anschutz     36855
70                      Harry Smith    Anschutz     36630
71                        Rose Doss    Anschutz     33624
72    Sakaiza Rasolofomanana Rajery    Anschutz     31435
73                  Emma Lathouwers    Anschutz     30638
74                         Xilin Su    Anschutz     30104
75                      Joanna Chau    Anschutz     28516
76                       Mike Orman    Anschutz     28243
77                     Tyler Gibson    Anschutz     28050
78                Josephina Hendrix    Anschutz     27684
79                   Luciana Vargas    Anschutz     27624
80            Sudhanshu Shrivastava    Anschutz     26378
81                   Aiden Taghinia    Anschutz     25729
82                    Nathaly Limon    Anschutz     23586
83                       Jacob Krol    Anschutz     22868
84               Christopher Schaaf    Anschutz     21400
85                Alexandra Unangst    Anschutz     20887
86                    Madison Apgar    Anschutz     19866
87            Fabio Simoes de Souza    Anschutz     19632
88                        Alyx Gray    Anschutz     19181
89                      Ethan Wolfe    Anschutz     18885
90                    Sarah Mentzer    Anschutz     18106
91               Kaylee Rosenberger    Anschutz     17996
92                   Tonya Brunetti    Anschutz     17846
93                     Jeffrey Inen    Anschutz     15349
94                  Milton Pividori    Anschutz     15142
95                  Sarah Danielson    Anschutz     14831
96                     Aastha Kakar    Anschutz     14047
97                       Ava Warren    Anschutz     14016
98                     Erin Baschal    Anschutz     13408
99                        Eric Katz    Anschutz     12789
100                     Korey Wylie    Anschutz     12574
101                   Kristen James    Anschutz     12509
102                   Monica Ransom    Anschutz     11897
103                      Xiying Fan    Anschutz     11330
104                  Jessica Nelson    Anschutz     10419
105                    Alya Hussain    Anschutz     10314
106                Katerina Terwelp    Anschutz     10281
107                       Nanxi Guo    Anschutz      9571
108                 Jonathan Shortt    Anschutz      9002
109                      Elena Wall    Anschutz      8674
110             Akshay Kumar Avvaru    Anschutz      8035
111                  Elliott Brooks    Anschutz      8032
112                        Tian Liu    Anschutz      7938
113                 Michael Ntrakwa    Anschutz      7937
114                  Jared Williams    Anschutz      7832
115             Sarah Albers Fester    Anschutz      7726
116                       Sizhao Lu    Anschutz      7184
117                 Harriet Dashnow    Anschutz      6164
118                    Parker Hicks    Anschutz      6090
119        Lakshmi Venkata Karuturi    Anschutz      5843
120              Pranav Padmanabhan    Anschutz      5738
121                     Alex Romero    Anschutz      5600
122                  Amber Nashobaq    Anschutz      5496
123             Christopher Mancuso    Anschutz      5035
124                        Thu Doan    Anschutz      4684
125                  Jacklyn Ashmus    Anschutz      4555
126                  Sana Paktinyar    Anschutz      4480
127                    Brennan Chan    Anschutz      4261
128                    Jordan Okada    Anschutz      4038
129                Stephanie Gipson    Anschutz      3947
130                   Suraju Sadeeq    Anschutz      3929
131                      Yichi Chen    Anschutz      3879
132                  Matthew Osmond    Anschutz      3823
133                    Noah Johnson    Anschutz      3796
134                     Kevin Fotso    Anschutz      3751
135                 Nikita Pozdeyev    Anschutz      3463
136               Samuel Greenfield    Anschutz      3426
137                 Keenan Manpearl    Anschutz      3310
138                        Meng Lin    Anschutz      2815
139               Nathaniel Alzofon    Anschutz      2769
140                    Maria Hansen    Anschutz      2528
141             William Baumgartner    Anschutz      2407
142                       MJ Foster    Anschutz      2370
143                 Alexander McKim    Anschutz      2290
144                      Sara Wirth    Anschutz      2040
145                   Valerie Olsen    Anschutz      1959
146                        Qihua Ye    Anschutz      1927
147                 Jenna Tomkinson    Anschutz      1862
148                 Maclean Sherren    Anschutz      1811
149                 Raymond Lesiyon    Anschutz      1805
150                   Cameron Lowry    Anschutz      1760
151                    Kayla Medina    Anschutz      1760
152                    Grace Akatsu    Anschutz      1751
153               Alexzanah Griffin    Anschutz      1681
154                    Lily Feldman    Anschutz      1680
155                      Alex Camai    Anschutz      1596
156                   Zoe Bedrosian    Anschutz      1538
157                  Alexis Assante    Anschutz      1511
158                    Tamim Shaikh    Anschutz      1443
159                      Angela Ohm    Anschutz      1431
160                    Lena Cedrone    Anschutz      1398
161                Nicole Pihlstrom    Anschutz      1335
162                     Tada Vargas    Anschutz      1275
163                   Maizy Brasher    Anschutz      1268
164                  Emily DeCurtis    Anschutz      1119
165                Maggie Stanislaw    Anschutz      1087
166                    Sutanu Nandi    Anschutz      1023
167                     Anne Gumina    Anschutz       985
168                   Emma Trujillo    Anschutz       978
169                   David Farrell    Anschutz       957
170               Karen Rossmassler    Anschutz       818
171                   Shaoming Xiao    Anschutz       804
172             Juan Vargas Alvarez    Anschutz       802
173                   Anna Dischler    Anschutz       754
174              James Scott-Browne    Anschutz       751
175                   Minami Matsuo    Anschutz       688
176                    Moomal Jatoi    Anschutz       680
177                  Charlie Repaci    Anschutz       642
178                    Katie Marker    Anschutz       631
179                    Emily Mastej    Anschutz       614
180               Nicole Costantino    Anschutz       588
181                    Negar Janani    Anschutz       587
182                Johannes Strauss    Anschutz       580
183                  Abigail Cozart    Anschutz       573
184                     Tessa Allen    Anschutz       541
185             Sanjeev Janarthanan    Anschutz       528
186                       Yujie Guo    Anschutz       528
187                  Elizabeth Wynn    Anschutz       510
188                    Tushar Ghosh    Anschutz       493
189                    David Bunten    Anschutz       473
190                   Hitoshi Irabu    Anschutz       452
191                     Shujian Lin    Anschutz       436
192                  Kirk Hohsfield    Anschutz       421
193                   Marc DAntonio    Anschutz       409
194             Sreerag Venugopalan    Anschutz       409
195                   Kritika Verma    Anschutz       404
196              Faisal Alquaddoomi    Anschutz       383
197                Sierra Simmerman    Anschutz       369
198                 Stephanie DeVoe    Anschutz       355
199                Shalom Gutierrez    Anschutz       350
200                      Broc Burke    Anschutz       349
201                  Keegan Carroll    Anschutz       348
202           Jessica Olivas-Corral    Anschutz       315
203                      Nyjah Munn    Anschutz       309
204                   Shaunak Kapur    Anschutz       307
205                      Ziwei Tian    Anschutz       298
206                    Sourav Kumar    Anschutz       297
207                     Jessica Lee    Anschutz       271
208                       Fan Zhang    Anschutz       271
209                 Shruti Raghavan    Anschutz       270
210                   Michael Knitz    Anschutz       266
211                   Honey Hendesi    Anschutz       255
212            Susana Lopez-Ignacio    Anschutz       246
213                  Samantha Sills    Anschutz       246
214                   Ellen Bamberg    Anschutz       242
215                   Keshav Vembar    Anschutz       225
216             Jessica Prendergast    Anschutz       224
217                     Emily Boyer    Anschutz       218
218            Madison Cho-Richmond    Anschutz       200
219                     Joanne Cole    Anschutz       200
220                    Asha Masoudi    Anschutz       169
221                  Morgan MacBeth    Anschutz       161
222                   Erika Desonie    Anschutz       159
223                       Qian Fang    Anschutz       156
224                Mohammad Mansoor    Anschutz       153
225                     Jace Aloway    Anschutz       134
226                     Xiuqing Wei    Anschutz       134
227                      Ilin Joshi    Anschutz       128
228                   Sarah Stenske    Anschutz       127
229                Roselyn Fierkens    Anschutz       124
230                    Anisha Raghu    Anschutz       121
231               Aishwarya Mandava    Anschutz       115
232                 Cameron Mattson    Anschutz       113
233                  Brittany Gomez    Anschutz       111
234                    Sophie Hicks    Anschutz       110
235                Anjelica Miranda    Anschutz       107
236                Anna-Sophia Leon    Anschutz       104
237                       Ted Shade    Anschutz        98
238                   Sarah Zweifel    Anschutz        94
239                Benjamin Willett    Anschutz        93
240              Yuliana Romo-Perez    Anschutz        87
241                  Cheng-Chang Wu    Anschutz        81
242               Benjamin Erickson    Anschutz        79
243               Vanessa Langarica    Anschutz        77
244                   Joshua Kirsch    Anschutz        77
245                Brandon Hilliard    Anschutz        76
246                        Ying Jin    Anschutz        75
247                    Jeremy Fleck    Anschutz        74
248                  Scott Thompson    Anschutz        73
249                     Paige Caley    Anschutz        73
250                   Tzu Lip Phang    Anschutz        71
251                 Samuel Burciaga    Anschutz        69
252                     Kiely James    Anschutz        68
253                Karla Vela Lopez    Anschutz        68
254                Raymond Pomponio    Anschutz        68
255                     Megan Hupka    Anschutz        68
256                 Benjamin Bearce    Anschutz        66
257                    Rachel Cohen    Anschutz        65
258                Michael McMurray    Anschutz        63
259                    Huaizhen Cai    Anschutz        62
260                  Opeyemi Jegede    Anschutz        62
261           Khosbayar Lkhagvadorj    Anschutz        60
262                       Laura Lim    Anschutz        56
263            Ana Fairbanks-Mahnke    Anschutz        55
264                 Arianne Crossen    Anschutz        53
265                   Cameron Manes    Anschutz        52
266              Victoria Hoelscher    Anschutz        51
267                   Angie Vazquez    Anschutz        50
268                  Courtney Cowan    Anschutz        46
269                      Karen Chau    Anschutz        45
270                     Helen Gomez    Anschutz        43
271                 Michael Harbell    Anschutz        42
272                     Sydney Hall    Anschutz        42
273                   Kristin Uhler    Anschutz        41
274                  Jessica Beynor    Anschutz        39
275                 Amanda Anderson    Anschutz        36
276              Mary Grace Carroll    Anschutz        32
277                   Nicole Hansen    Anschutz        29
278              Courtney Schiebout    Anschutz        27
279                   Maki Nakayama    Anschutz        27
280                    Xiaoyuan Liu    Anschutz        26
281                Carlos Goncalves    Anschutz        24
282                    Mariah Meyer    Anschutz        24
283                        Hao Yuan    Anschutz        21
284                  Elizabeth Nail    Anschutz        20
285                  Ashley Scadden    Anschutz        20
286                 Thomas Salvetti    Anschutz        19
287                    John Finigan    Anschutz        19
288                  Banabithi Bose    Anschutz        17
289                       Le Yiphyo    Anschutz        16
290                    Kayla Holder    Anschutz        14
291                     Megan Kraus    Anschutz        14
292  Angela Sofia Burkhart Colorado    Anschutz        14
293                 Cheyanne Durham    Anschutz        14
294                    Trevor Isner    Anschutz        12
295                Cameron Morrison    Anschutz        12
296                 Qierra Brockman    Anschutz        12
297                   Kayla Johnson    Anschutz        12
298                   McKenna Casey    Anschutz        12
299              Mansooreh Ahmadian    Anschutz        12
300                      Juan Pagan    Anschutz        12
301                   Aileen Button    Anschutz        12
302                  Shivang Mistry    Anschutz        12
303               William Patterson    Anschutz        11
304               Kristina Yamkovoy    Anschutz        11
305                 Jonathan Kurche    Anschutz        10
306     julian grandvalletcontreras    Anschutz        10
307                    Yjuliana Tin    Anschutz         8
308                Natalie Davidson    Anschutz         8
309                    Matthew Hill    Anschutz         7
310                   James DiLisio    Anschutz         6
311                     Marina Good    Anschutz         5
312               Nikhil Madhuripan    Anschutz         5
313                 Alyssa Margolis    Anschutz         5
314                        Ting Lou    Anschutz         5
315                Uddeep Chaudhury    Anschutz         5
316                Gabrielle Vragel    Anschutz         5
317                         Thao Vu    Anschutz         4
318                  Phillip Gilley    Anschutz         4
319                    Ananya Raghu    Anschutz         4
320                   Laurent Gapin    Anschutz         3
321                    Gidon Felsen    Anschutz         3
322                 Jessica Borgers    Anschutz         3
323                      Ling Thang    Anschutz         3
324                  Crystal Musser    Anschutz         3
325                   Lauren Immink    Anschutz         3
326                     Erik Collet    Anschutz         2
327                         Vy Tran    Anschutz         2
328                      Weishan Li    Anschutz         2
329                      Julie Raab    Anschutz         2
330                 Zachary Caterer    Anschutz         2
331                   Praveer Singh    Anschutz         2
332                    Elbay Aliyev    Anschutz         1
333              Alexandria Dickson    Anschutz         1
334                Katherina Cortes    Anschutz         1
335                   Lucia Guatney    Anschutz         1
336                  Molly McGuckin    Anschutz         1
337                   Pranav Sristy    Anschutz         1
338                     Jack Pattee    Anschutz         1
339             Christopher Collora    Anschutz         1
340                     Ann Strange    Anschutz         1
341                  Dylan Sarbaugh    Anschutz         1
342            Ishanu Chattopadhyay    Anschutz         1
343                  David Westerly    Anschutz         1
344                    Josh Hunkins    Anschutz         1
345                    John DeSisto    Anschutz         1
346                     Ralf Dagdag    Anschutz         1
347         Siddharth Krishnamurthy    Anschutz         1
348                   Caitlin Lewis    Anschutz         1
349                     Lena Hansen    Anschutz         1
350                   Logan Barrios    Anschutz         1
351                  Landon Buskirk    Anschutz         1
Compute and wait time for mlippincott@xsede.org by partition for the last 10000 days
            hours_computed      wait  wait_ratio
partition                                       
aa100          1015.452500   85188.0   83.891664
acompile         90.065833       0.0    0.000000
al40              6.516944     657.0  100.814117
amem          11456.211667  160462.0   14.006550
ami100            0.191944       0.0    0.000000
amilan       169138.863056   42783.0    0.252946
amilan128c        3.502778       0.0    0.000000
atesting          0.055000       0.0    0.000000
atesting_+        6.298056       0.0    0.000000
mlippincott@xsede.org has waited a total of 33.0 years in queue in the last 10000 days
mlippincott@xsede.org has used a total of 20.74 years of compute time in the last 10000 days
mlippincott@xsede.org has used a total of 1247666 SUs in the last 10000 days for a total of 142.43 years if 1 SU = 1 hour of compute time
