no change     /curc/sw/anaconda3/2023.09/condabin/conda
no change     /curc/sw/anaconda3/2023.09/bin/conda
no change     /curc/sw/anaconda3/2023.09/bin/conda-env
no change     /curc/sw/anaconda3/2023.09/bin/activate
no change     /curc/sw/anaconda3/2023.09/bin/deactivate
no change     /curc/sw/anaconda3/2023.09/etc/profile.d/conda.sh
no change     /curc/sw/anaconda3/2023.09/etc/fish/conf.d/conda.fish
no change     /curc/sw/anaconda3/2023.09/shell/condabin/Conda.psm1
no change     /curc/sw/anaconda3/2023.09/shell/condabin/conda-hook.ps1
no change     /curc/sw/anaconda3/2023.09/lib/python3.11/site-packages/xontrib/conda.xsh
no change     /curc/sw/anaconda3/2023.09/etc/profile.d/conda.csh
no change     /home/mlippincott@xsede.org/.bashrc
No action taken.
[NbConvertApp] Converting notebook notebooks/slurm_stats.ipynb to script
[NbConvertApp] Writing 6187 bytes to scripts/slurm_stats.py
[NbConvertApp] Converting notebook notebooks/slurm_stats_plotting.ipynb to script
[NbConvertApp] Writing 5772 bytes to scripts/slurm_stats_plotting.py
Top 500 users by usage for the last 10000 days
                        Proper Name Institution      Used
0                         Jun Inamo    Anschutz  11483955
1                      Jill Hoffman    Anschutz   4001957
2                        Siyang Ren    Anschutz   3195186
3               Micahael Lippincott    Anschutz   3056265
4                 Christopher Clark    Anschutz   2551313
5                 Alon Poleg-Polsky    Anschutz   2008372
6                    Samantha White    Anschutz   1668227
7                       Graham Peet    Anschutz   1631585
8                   Shelby Andersen    Anschutz   1613123
9                        Josh Mejia    Anschutz   1565333
10                             Sean    Anschutz   1179412
11                  Jonathan Pitsch    Anschutz   1146436
12                    Abhijnana Das    Anschutz   1112433
13                     Nick Rafaels    Anschutz   1088801
14                   Kewalin Samart    Anschutz   1072831
15                   Aaron Beckwith    Anschutz    885515
16                         Yue Wang    Anschutz    818842
17                       Weishan Li    Anschutz    751740
18                     Jack Ustanik    Anschutz    746361
19                     Scott Kinder    Anschutz    744074
20                       Junxia Lin    Anschutz    676858
21                  Keenan Manpearl    Anschutz    659531
22                      Nannan Wang    Anschutz    636325
23                Laureline Logiaco    Anschutz    634606
24                        Le Yiphyo    Anschutz    611053
25                     Shane Ridoux    Anschutz    602102
26                   Abhirupa Ghosh    Anschutz    581349
27                 Christopher Hill    Anschutz    578573
28                 Ryan Porterfield    Anschutz    550951
29                       Daniel Kao    Anschutz    520559
30                    Austin Gillen    Anschutz    505333
31                       Megan Duff    Anschutz    498853
32                   Esteban Lucero    Anschutz    494026
33                           Thomas    Anschutz    439961
34              Akshay Kumar Avvaru    Anschutz    427565
35                  Revanth Krishna    Anschutz    406840
36                Jonathan Cardwell    Anschutz    391794
37                   Kendra Ferrier    Anschutz    372557
38                 Samantha Reynoso    Anschutz    362356
39                   Landon Buskirk    Anschutz    349884
40                 Andrew Goodspeed    Anschutz    338888
41                          Han Zhu    Anschutz    325118
42                    Adriana Ivich    Anschutz    293359
43              Juan Vargas Alvarez    Anschutz    291655
44                      Marc Granes    Anschutz    281757
45                     Souha Tifour    Anschutz    276009
46                   Matthew Fisher    Anschutz    263508
47                     Grace Akatsu    Anschutz    254881
48                     Yunjing Hong    Anschutz    252245
49                       Abbott Ali    Anschutz    239421
50                    Hitoshi Irabu    Anschutz    238966
51                   Maureen McHugo    Anschutz    237987
52                    Laurent Gapin    Anschutz    217344
53                     Charmie Vang    Anschutz    216922
54              Lauren Vanderlinden    Anschutz    211011
55                  Roman Schlimgen    Anschutz    206575
56                     Alison Brack    Anschutz    196444
57                      Sarah Slack    Anschutz    193339
58                  Alexandra Lucas    Anschutz    178555
59              Sanjeev Janarthanan    Anschutz    176215
60                       Connor Eck    Anschutz    176192
61                    John O'Connor    Anschutz    168769
62                     Elbay Aliyev    Anschutz    142232
63                      Jared Rieck    Anschutz    134707
64                  Emma Lathouwers    Anschutz    132009
65                 Gabriella Albert    Anschutz    126969
66                 Upasana Thakuria    Anschutz    124274
67                   Sierra Niemiec    Anschutz    124038
68                     Evan Brenner    Anschutz    121640
69                  Abbigayl Burtis    Anschutz    120609
70                          Etienne    Anschutz    116395
71                          Kristen    Anschutz    114986
72                      Arnav Gupta    Anschutz    112917
73                 Kentaro Yomogida    Anschutz    106612
74                    Shaoming Xiao    Anschutz    104773
75                    Kent Riemondy    Anschutz     93136
76                      Haoyu Zhang    Anschutz     89641
77                    Sarah Mentzer    Anschutz     86427
78                      David Jones    Anschutz     85342
79                       Holly Vose    Anschutz     82838
80                     Erin Baschal    Anschutz     77093
81                     Shirli Cohen    Anschutz     73282
82                  Vitaly Kheyfets    Anschutz     72909
83                 Johannes Strauss    Anschutz     71561
84                   Diego Restrepo    Anschutz     70585
85                Lucas Gillenwater    Anschutz     67792
86                        Rose Doss    Anschutz     64967
87                    Kristen James    Anschutz     63735
88                     Teresa Smith    Anschutz     63652
89                Aishwarya Mandava    Anschutz     62958
90                    Chuangqi Wang    Anschutz     62769
91   Santhanagopalan Krishnamoorthy    Anschutz     62500
92                Josephina Hendrix    Anschutz     62492
93                  Jay Hesselberth    Anschutz     62347
94                     Vedant Vohra    Anschutz     60715
95    Sakaiza Rasolofomanana Rajery    Anschutz     59802
96                     Calvin Voong    Anschutz     55652
97           Meher Preethi Boorgula    Anschutz     55357
98                   Aiden Taghinia    Anschutz     54467
99                   Luciana Vargas    Anschutz     53674
100                      Jade Young    Anschutz     53573
101                      Kiran Paul    Anschutz     53033
102                 Iain Konigsberg    Anschutz     52188
103                    Megan Stumpf    Anschutz     52051
104                  Carson Wedding    Anschutz     46107
105                Elizabeth Geiger    Anschutz     42949
106                        Xilin Su    Anschutz     42721
107             Yoga Advaith Veturi    Anschutz     41757
108                 Jenna Tomkinson    Anschutz     41400
109                    Tyler Gibson    Anschutz     41301
110                Anjelica Miranda    Anschutz     40633
111                     Harry Smith    Anschutz     39209
112                      JInal Shah    Anschutz     38157
113                    Parker Hicks    Anschutz     38027
114                    Yunus Ozekin    Anschutz     37528
115                  Tonya Brunetti    Anschutz     35772
116                      Mike Orman    Anschutz     34560
117                    Aastha Kakar    Anschutz     34118
118                 Harriet Dashnow    Anschutz     33742
119                   Madison Apgar    Anschutz     31066
120                     Joanna Chau    Anschutz     28516
121                  Jacklyn Ashmus    Anschutz     27946
122           Sudhanshu Shrivastava    Anschutz     26420
123                   Matthew Juber    Anschutz     25071
124                       Alyx Gray    Anschutz     24861
125               Alexandra Unangst    Anschutz     24035
126                   Nathaly Limon    Anschutz     23586
127              Christopher Schaaf    Anschutz     23309
128                      Jacob Krol    Anschutz     22868
129                  Banabithi Bose    Anschutz     22809
130               Shunsuke Uchiyama    Anschutz     22761
131                     Jace Aloway    Anschutz     22158
132                   Kaitlyn Walsh    Anschutz     22019
133                         Michael    Anschutz     21247
134               Manjushree Aithal    Anschutz     20294
135           Fabio Simoes de Souza    Anschutz     20036
136                   Gabriel Yette    Anschutz     19588
137                Katerina Terwelp    Anschutz     19117
138              Kaylee Rosenberger    Anschutz     19025
139                     Ethan Wolfe    Anschutz     18898
140                       Kyle Ross    Anschutz     18748
141                 Jonathan Shortt    Anschutz     18119
142                      Xiying Fan    Anschutz     17910
143           Khosbayar Lkhagvadorj    Anschutz     17364
144                   Suraju Sadeeq    Anschutz     15968
145                    Jeffrey Inen    Anschutz     15349
146                     yanqi huang    Anschutz     15324
147                 Milton Pividori    Anschutz     15142
148                 Sarah Danielson    Anschutz     14872
149                       Nanxi Guo    Anschutz     14839
150                       Lane Drew    Anschutz     14385
151                     Korey Wylie    Anschutz     14378
152                      Ava Warren    Anschutz     14016
153                    Ryan Summers    Anschutz     13848
154                       Eric Katz    Anschutz     13760
155                        Thu Doan    Anschutz     13541
156                      Yifan Zhao    Anschutz     13391
157                    Maria Hansen    Anschutz     13095
158                  Joseph Benthal    Anschutz     12931
159                       Sizhao Lu    Anschutz     12156
160                 Alexander McKim    Anschutz     11919
161              Christian Anderson    Anschutz     11916
162                   Monica Ransom    Anschutz     11897
163              Kairav Thiagarajah    Anschutz     11298
164                 Maxwell Stevens    Anschutz     11150
165                  Jessica Nelson    Anschutz     10869
166                    Alya Hussain    Anschutz     10642
167                  Jared Williams    Anschutz     10426
168                  Charlie Repaci    Anschutz      9831
169                   Cameron Lowry    Anschutz      9795
170                      Sara Wirth    Anschutz      9614
171                      Elena Wall    Anschutz      9015
172                 Davyd Sadovskyy    Anschutz      8544
173                  Elliott Brooks    Anschutz      8034
174                 Michael Ntrakwa    Anschutz      7961
175                        Tian Liu    Anschutz      7938
176                     Kevin Fotso    Anschutz      7792
177             Sarah Albers Fester    Anschutz      7727
178                      Ziwei Tian    Anschutz      7359
179             Jessica Prendergast    Anschutz      7113
180                 Grace Rodenberg    Anschutz      7068
181              Pranav Padmanabhan    Anschutz      6740
182                   Maizy Brasher    Anschutz      6572
183                  Winston Hibler    Anschutz      6432
184                      Yichi Chen    Anschutz      6053
185                     Shujian Lin    Anschutz      5903
186        Lakshmi Venkata Karuturi    Anschutz      5843
187                         Thao Vu    Anschutz      5837
188                Stephanie Gipson    Anschutz      5677
189                       MJ Foster    Anschutz      5634
190                Mohammad Mansoor    Anschutz      5613
191                     Alex Romero    Anschutz      5600
192                 Nikita Pozdeyev    Anschutz      5565
193                  Amber Nashobaq    Anschutz      5496
194                    Lena Cedrone    Anschutz      5442
195             Christopher Mancuso    Anschutz      5037
196                 Rawan Elshobaky    Anschutz      4907
197                   Anna Dischler    Anschutz      4644
198                  Sana Paktinyar    Anschutz      4528
199                Thi Thuy Linh Le    Anschutz      4505
200                    Brennan Chan    Anschutz      4261
201                    Yaseer Sabir    Anschutz      4209
202                    Jordan Okada    Anschutz      4038
203                   Rahul Thadani    Anschutz      3907
204                  Matthew Osmond    Anschutz      3835
205                    Noah Johnson    Anschutz      3796
206                     Byron Brown    Anschutz      3749
207            Susana Lopez-Ignacio    Anschutz      3646
208                Brandon Hilliard    Anschutz      3540
209               Samuel Greenfield    Anschutz      3426
210                    Moomal Jatoi    Anschutz      3315
211                  Alexis Assante    Anschutz      3180
212                        Meng Lin    Anschutz      2951
213                   Nathan Witmer    Anschutz      2780
214               Nathaniel Alzofon    Anschutz      2769
215                   Valerie Olsen    Anschutz      2672
216                      Edward Lau    Anschutz      2628
217                  Madison Helsel    Anschutz      2572
218             William Baumgartner    Anschutz      2407
219                   Sarah Zweifel    Anschutz      2187
220                       Yujie Guo    Anschutz      2151
221               Kristina Yamkovoy    Anschutz      2092
222                 Maclean Sherren    Anschutz      2001
223               Benjamin Erickson    Anschutz      1949
224                        Qihua Ye    Anschutz      1927
225                 Raymond Lesiyon    Anschutz      1883
226                   Zoe Bedrosian    Anschutz      1844
227                Preston Stafford    Anschutz      1835
228                    Kayla Medina    Anschutz      1760
229                      Sarah Bird    Anschutz      1712
230                  Imrane Mariami    Anschutz      1690
231               Alexzanah Griffin    Anschutz      1681
232                    Lily Feldman    Anschutz      1680
233               Stephanie Crowley    Anschutz      1642
234                   Cailin Deiter    Anschutz      1638
235                      Alex Camai    Anschutz      1601
236                   Kalyn Kearney    Anschutz      1538
237                      Ling Thang    Anschutz      1517
238                    Tushar Ghosh    Anschutz      1445
239                    Tamim Shaikh    Anschutz      1443
240                      Angela Ohm    Anschutz      1431
241                   Emma Trujillo    Anschutz      1416
242                   Emily Ekstrum    Anschutz      1404
243                    Saloni Dixon    Anschutz      1345
244                Nicole Pihlstrom    Anschutz      1335
245                     Tada Vargas    Anschutz      1275
246                  Gabriel Zinser    Anschutz      1174
247                   David Farrell    Anschutz      1159
248                  Emily DeCurtis    Anschutz      1119
249                Maggie Stanislaw    Anschutz      1087
250                    Sutanu Nandi    Anschutz      1056
251          Sai Eashan Vankamamidi    Anschutz      1014
252                     Anne Gumina    Anschutz       985
253                      Yvonne Cui    Anschutz       983
254                  Morgan MacBeth    Anschutz       931
255                     Alden Paine    Anschutz       893
256               Karen Rossmassler    Anschutz       818
257                 Emily gregersen    Anschutz       807
258                     Joanne Cole    Anschutz       774
259                      Ilin Joshi    Anschutz       774
260              James Scott-Browne    Anschutz       751
261                   Minami Matsuo    Anschutz       688
262                    Katie Marker    Anschutz       631
263                    Emily Mastej    Anschutz       614
264               Nicole Costantino    Anschutz       588
265                    Negar Janani    Anschutz       587
266                  Abigail Cozart    Anschutz       573
267                     Tessa Allen    Anschutz       541
268                 Annalise Sturno    Anschutz       512
269                  Elizabeth Wynn    Anschutz       510
270               Clay Griffin-Derr    Anschutz       498
271                    David Bunten    Anschutz       474
272        Juan Samaniego Castaneda    Anschutz       468
273                      Dawid Zyla    Anschutz       449
274                   Maki Nakayama    Anschutz       444
275                Anna-Sophia Leon    Anschutz       438
276                Shalom Gutierrez    Anschutz       422
277                  Kirk Hohsfield    Anschutz       421
278             Sreerag Venugopalan    Anschutz       409
279                   Marc DAntonio    Anschutz       409
280                   Kritika Verma    Anschutz       404
281              Faisal Alquaddoomi    Anschutz       384
282                Sierra Simmerman    Anschutz       369
283                   Ellen Bamberg    Anschutz       362
284                  Garrison Arner    Anschutz       358
285                 Stephanie DeVoe    Anschutz       355
286                      Broc Burke    Anschutz       349
287                  Keegan Carroll    Anschutz       348
288                    Sourav Kumar    Anschutz       345
289           Jessica Olivas-Corral    Anschutz       315
290                    Joshua Lingo    Anschutz       314
291                      Nyjah Munn    Anschutz       309
292                   Shaunak Kapur    Anschutz       307
293                   Keshav Vembar    Anschutz       306
294                    Isabelle Hua    Anschutz       290
295            Ana Fairbanks-Mahnke    Anschutz       286
296                       Fan Zhang    Anschutz       283
297                   Daniele Marcy    Anschutz       282
298                     Jessica Lee    Anschutz       271
299                 Shruti Raghavan    Anschutz       270
300                    Yonghao Zhao    Anschutz       266
301                   Michael Knitz    Anschutz       266
302                   Honey Hendesi    Anschutz       255
303                  Samantha Sills    Anschutz       246
304                   Katelyn Baker    Anschutz       238
305                 Yulduz Rakibova    Anschutz       230
306                     Emily Boyer    Anschutz       218
307                  Shannon Thomas    Anschutz       217
308                  Brenda Seymour    Anschutz       216
309              Eric Januszkiewicz    Anschutz       213
310                 Cameron Mattson    Anschutz       202
311            Madison Cho-Richmond    Anschutz       200
312                Michelle Kubicki    Anschutz       184
313                     Matthew Igo    Anschutz       182
314                 Rebecca ORourke    Anschutz       172
315                    Asha Masoudi    Anschutz       169
316                     Usman Hyder    Anschutz       165
317                     Kelsey Ryan    Anschutz       161
318                     Megan Hupka    Anschutz       161
319             Natasha Shrivastava    Anschutz       160
320                   Erika Desonie    Anschutz       160
321                       Qian Fang    Anschutz       156
322                 Hadeel Khammash    Anschutz       147
323                Jonathan Teetsel    Anschutz       140
324                     Xiuqing Wei    Anschutz       134
325                   Sarah Stenske    Anschutz       127
326                     Lauren Kerr    Anschutz       127
327                     Yuzhu Cheng    Anschutz       125
328                Roselyn Fierkens    Anschutz       124
329                    Anisha Raghu    Anschutz       121
330                   Aileen Button    Anschutz       115
331                  Brittany Gomez    Anschutz       111
332                Michael McMurray    Anschutz       111
333                    Sophie Hicks    Anschutz       110
334                   Galen Squiers    Anschutz       108
335                  Nicole Messner    Anschutz       104
336                   James Hassell    Anschutz       104
337                       Ted Shade    Anschutz        98
338               William Patterson    Anschutz        96
339                      Adam Quach    Anschutz        94
340                     Sofia Celli    Anschutz        93
341                Benjamin Willett    Anschutz        93
342                Uddeep Chaudhury    Anschutz        93
343                    Kaili Curtis    Anschutz        91
344                     Isaac Vigil    Anschutz        89
345              Yuliana Romo-Perez    Anschutz        87
346                     Erik Collet    Anschutz        87
347                     Paige Caley    Anschutz        85
348                  Cheng-Chang Wu    Anschutz        81
349               Clarissa Estrella    Anschutz        80
350                   Joshua Kirsch    Anschutz        77
351               Vanessa Langarica    Anschutz        77
352             Tomas Ghebreslassie    Anschutz        76
353                        Ying Jin    Anschutz        75
354                    Jeremy Fleck    Anschutz        74
355                  Scott Thompson    Anschutz        73
356                   Jasalyn Avila    Anschutz        72
357                   Jonathan Levi    Anschutz        71
358                   Tzu Lip Phang    Anschutz        71
359                 Samuel Burciaga    Anschutz        69
360                     Kiely James    Anschutz        68
361                Raymond Pomponio    Anschutz        68
362           David Beltran-Cardona    Anschutz        68
363                Karla Vela Lopez    Anschutz        68
364                 Benjamin Bearce    Anschutz        66
365                     Luke Hanson    Anschutz        66
366                 Thomas Carrillo    Anschutz        66
367                    Rachel Cohen    Anschutz        65
368                 Ashley Thompson    Anschutz        64
369                 Gabriel Medrano    Anschutz        63
370                  Opeyemi Jegede    Anschutz        62
371                     Jack Duryea    Anschutz        62
372                    Huaizhen Cai    Anschutz        62
373                     Laura Islas    Anschutz        61
374                       Sam Fulte    Anschutz        59
375                       Laura Lim    Anschutz        56
376               Kayla Fairweather    Anschutz        54
377                 Arianne Crossen    Anschutz        53
378                   Cameron Manes    Anschutz        52
379              Victoria Hoelscher    Anschutz        51
380                   Angie Vazquez    Anschutz        50
381                  Lily Mussallem    Anschutz        49
382                  Courtney Cowan    Anschutz        46
383                      Karen Chau    Anschutz        45
384                   Kristin Uhler    Anschutz        45
385                     Helen Gomez    Anschutz        43
386                 Michael Harbell    Anschutz        42
387                  Lauren Atencio    Anschutz        42
388                     Sydney Hall    Anschutz        42
389                  Adam Giacalone    Anschutz        42
390                  Roxanne McPeck    Anschutz        40
391                  Jessica Beynor    Anschutz        39
392               Matthew Mondragon    Anschutz        39
393                    Brooke Gates    Anschutz        38
394                 Amanda Anderson    Anschutz        36
395                   Evelyn Ibarra    Anschutz        36
396                 Yoshiki Sakurai    Anschutz        35
397                   Jessica Smith    Anschutz        35
398              Mary Grace Carroll    Anschutz        32
399                         Amy Han    Anschutz        32
400                   Nicole Hansen    Anschutz        29
401                Carlos Goncalves    Anschutz        27
402              Courtney Schiebout    Anschutz        27
403                    Xiaoyuan Liu    Anschutz        26
404                    Mariah Meyer    Anschutz        24
405                        Hao Yuan    Anschutz        21
406                  Ashley Scadden    Anschutz        20
407                  Elizabeth Nail    Anschutz        20
408                 Thomas Salvetti    Anschutz        19
409                    John Finigan    Anschutz        19
410                    Tiffany Love    Anschutz        18
411           Navin Kumar Balagopal    Anschutz        16
412  Angela Sofia Burkhart Colorado    Anschutz        14
413                 Cheyanne Durham    Anschutz        14
414                    Kayla Holder    Anschutz        14
415                     Megan Kraus    Anschutz        14
416                     Audrey Rood    Anschutz        13
417                     Carol Amato    Anschutz        13
418                Cameron Morrison    Anschutz        12
419                 Qierra Brockman    Anschutz        12
420                    Trevor Isner    Anschutz        12
421                      Ian Purvis    Anschutz        12
422                      Juan Pagan    Anschutz        12
423              Mansooreh Ahmadian    Anschutz        12
424                   Kayla Johnson    Anschutz        12
425                       Kade Fink    Anschutz        12
426                   McKenna Casey    Anschutz        12
427                  Shivang Mistry    Anschutz        12
428     julian grandvalletcontreras    Anschutz        10
429                 Jonathan Kurche    Anschutz        10
430                 Marta Carbonell    Anschutz         9
431                Natalie Davidson    Anschutz         8
432                    Yjuliana Tin    Anschutz         8
433                    Matthew Hill    Anschutz         7
434                   James DiLisio    Anschutz         6
435               Nikhil Madhuripan    Anschutz         5
436                     Marina Good    Anschutz         5
437                 Alyssa Margolis    Anschutz         5
438                        Ting Lou    Anschutz         5
439                        Sean Lee    Anschutz         5
440                Gabrielle Vragel    Anschutz         5
441                  Phillip Gilley    Anschutz         4
442                    Ananya Raghu    Anschutz         4
443                  Crystal Musser    Anschutz         3
444                      Ahmet Eken    Anschutz         3
445                   Lauren Immink    Anschutz         3
446                     Kaia Kinkel    Anschutz         3
447                 Jessica Borgers    Anschutz         3
448                       Shaoju Wu    Anschutz         3
449                    Gidon Felsen    Anschutz         3
450                         Vy Tran    Anschutz         2
451                   Shiomi Junker    Anschutz         2
452                   Praveer Singh    Anschutz         2
453                  Caroline Reges    Anschutz         2
454                   Kyle Sullivan    Anschutz         2
455                      Julie Raab    Anschutz         2
456                 Zachary Caterer    Anschutz         2
457                  Dylan Sarbaugh    Anschutz         1
458                  David Westerly    Anschutz         1
459                     Ann Strange    Anschutz         1
460                   Ali Abrowshan    Anschutz         1
461             Christopher Collora    Anschutz         1
462                    Brianna Hunt    Anschutz         1
463                   Logan Barrios    Anschutz         1
464                   Lucia Guatney    Anschutz         1
465              Alexandria Dickson    Anschutz         1
466                       Yanyan Xu    Anschutz         1
467                     Lena Hansen    Anschutz         1
468                  Molly McGuckin    Anschutz         1
469                Katherina Cortes    Anschutz         1
470                   Caitlin Lewis    Anschutz         1
471            Ishanu Chattopadhyay    Anschutz         1
472                     Ralf Dagdag    Anschutz         1
473                    Josh Hunkins    Anschutz         1
474                    John DeSisto    Anschutz         1
475         Siddharth Krishnamurthy    Anschutz         1
476     Sai Pradeep Chandra Bompada    Anschutz         1
477                   Pranav Sristy    Anschutz         1
478                     Jack Pattee    Anschutz         1
Traceback (most recent call last):
  File "/projects/mlippincott@xsede.org/SLURM-Cheat-Sheet/slurm_stats_check/scripts/slurm_stats.py", line 188, in <module>
    df.columns = new_columns
    ^^^^^^^^^^
  File "/projects/mlippincott@xsede.org/software/anaconda/envs/slurm_stats_env/lib/python3.12/site-packages/pandas/core/generic.py", line 6313, in __setattr__
    return object.__setattr__(self, name, value)
           ^^^^^^^^^^^^^^^^^^^^^^^^^^^^^^^^^^^^^
  File "properties.pyx", line 69, in pandas._libs.properties.AxisProperty.__set__
  File "/projects/mlippincott@xsede.org/software/anaconda/envs/slurm_stats_env/lib/python3.12/site-packages/pandas/core/generic.py", line 814, in _set_axis
    self._mgr.set_axis(axis, labels)
  File "/projects/mlippincott@xsede.org/software/anaconda/envs/slurm_stats_env/lib/python3.12/site-packages/pandas/core/internals/managers.py", line 238, in set_axis
    self._validate_set_axis(axis, new_labels)
  File "/projects/mlippincott@xsede.org/software/anaconda/envs/slurm_stats_env/lib/python3.12/site-packages/pandas/core/internals/base.py", line 98, in _validate_set_axis
    raise ValueError(
ValueError: Length mismatch: Expected axis has 0 elements, new values have 11 elements
slurmstepd: error: Detected 1 oom_kill event in StepId=29696805.batch. Some of the step tasks have been OOM Killed.
