no change     /curc/sw/anaconda3/2023.09/condabin/conda
no change     /curc/sw/anaconda3/2023.09/bin/conda
no change     /curc/sw/anaconda3/2023.09/bin/conda-env
no change     /curc/sw/anaconda3/2023.09/bin/activate
no change     /curc/sw/anaconda3/2023.09/bin/deactivate
no change     /curc/sw/anaconda3/2023.09/etc/profile.d/conda.sh
no change     /curc/sw/anaconda3/2023.09/etc/fish/conf.d/conda.fish
no change     /curc/sw/anaconda3/2023.09/shell/condabin/Conda.psm1
no change     /curc/sw/anaconda3/2023.09/shell/condabin/conda-hook.ps1
no change     /curc/sw/anaconda3/2023.09/lib/python3.11/site-packages/xontrib/conda.xsh
no change     /curc/sw/anaconda3/2023.09/etc/profile.d/conda.csh
modified      /home/mlippincott@xsede.org/.bashrc

==> For changes to take effect, close and re-open your current shell. <==

[NbConvertApp] Converting notebook notebooks/slurm_stats.ipynb to script
[NbConvertApp] Writing 6187 bytes to scripts/slurm_stats.py
[NbConvertApp] Converting notebook notebooks/slurm_stats_plotting.ipynb to script
[NbConvertApp] Writing 5772 bytes to scripts/slurm_stats_plotting.py
Top 500 users by usage for the last 10000 days
                        Proper Name Institution      Used
0                         Jun Inamo    Anschutz  11483906
1                      Jill Hoffman    Anschutz   3727460
2               Micahael Lippincott    Anschutz   2686221
3                        Siyang Ren    Anschutz   2658025
4                 Christopher Clark    Anschutz   2551313
5                 Alon Poleg-Polsky    Anschutz   1972973
6                    Samantha White    Anschutz   1634838
7                       Graham Peet    Anschutz   1584787
8                        Josh Mejia    Anschutz   1544553
9                   Shelby Andersen    Anschutz   1335530
10                  Jonathan Pitsch    Anschutz   1146436
11                             Sean    Anschutz   1130695
12                     Nick Rafaels    Anschutz   1088413
13                   Kewalin Samart    Anschutz   1006987
14                   Aaron Beckwith    Anschutz    885515
15                    Abhijnana Das    Anschutz    782922
16                       Weishan Li    Anschutz    751740
17                     Scott Kinder    Anschutz    744074
18                     Jack Ustanik    Anschutz    716101
19                       Junxia Lin    Anschutz    676858
20                      Nannan Wang    Anschutz    636265
21                  Keenan Manpearl    Anschutz    633170
22                     Shane Ridoux    Anschutz    602102
23                         Yue Wang    Anschutz    548509
24                 Ryan Porterfield    Anschutz    538126
25                       Daniel Kao    Anschutz    507105
26                       Megan Duff    Anschutz    498853
27                   Esteban Lucero    Anschutz    486690
28                           Thomas    Anschutz    439242
29                   Abhirupa Ghosh    Anschutz    425887
30                    Austin Gillen    Anschutz    409902
31                 Christopher Hill    Anschutz    405775
32                Jonathan Cardwell    Anschutz    380936
33                  Revanth Krishna    Anschutz    373989
34                   Kendra Ferrier    Anschutz    372557
35                 Andrew Goodspeed    Anschutz    338888
36                          Han Zhu    Anschutz    295728
37                    Adriana Ivich    Anschutz    293359
38                Laureline Logiaco    Anschutz    292904
39              Juan Vargas Alvarez    Anschutz    290950
40                     Souha Tifour    Anschutz    276009
41                 Samantha Reynoso    Anschutz    265304
42                      Marc Granes    Anschutz    264226
43                   Matthew Fisher    Anschutz    263508
44                     Yunjing Hong    Anschutz    252245
45                        Le Yiphyo    Anschutz    251809
46                   Landon Buskirk    Anschutz    251165
47                       Abbott Ali    Anschutz    239421
48                   Maureen McHugo    Anschutz    237843
49                    Hitoshi Irabu    Anschutz    229605
50                  Roman Schlimgen    Anschutz    206575
51              Lauren Vanderlinden    Anschutz    203223
52                     Alison Brack    Anschutz    196444
53                      Sarah Slack    Anschutz    193312
54                  Alexandra Lucas    Anschutz    178555
55                     Charmie Vang    Anschutz    178277
56                     Grace Akatsu    Anschutz    168759
57                       Connor Eck    Anschutz    167932
58                    John O'Connor    Anschutz    167523
59                     Elbay Aliyev    Anschutz    135878
60              Sanjeev Janarthanan    Anschutz    132253
61                      Jared Rieck    Anschutz    130343
62                 Gabriella Albert    Anschutz    126969
63                 Upasana Thakuria    Anschutz    124274
64                   Sierra Niemiec    Anschutz    124038
65                     Evan Brenner    Anschutz    118843
66                  Abbigayl Burtis    Anschutz    118066
67                  Emma Lathouwers    Anschutz    115855
68                          Kristen    Anschutz    113381
69                      Arnav Gupta    Anschutz    112911
70                 Kentaro Yomogida    Anschutz    106612
71                    Shaoming Xiao    Anschutz    104594
72                    Kent Riemondy    Anschutz     93136
73                          Etienne    Anschutz     92325
74                      Haoyu Zhang    Anschutz     89641
75                    Sarah Mentzer    Anschutz     86427
76                      David Jones    Anschutz     85342
77                     Erin Baschal    Anschutz     77093
78                       Holly Vose    Anschutz     73910
79                   Diego Restrepo    Anschutz     70585
80                  Vitaly Kheyfets    Anschutz     70511
81                     Shirli Cohen    Anschutz     70357
82                Lucas Gillenwater    Anschutz     65678
83                    Kristen James    Anschutz     63237
84                    Chuangqi Wang    Anschutz     62769
85   Santhanagopalan Krishnamoorthy    Anschutz     62500
86                        Rose Doss    Anschutz     62455
87                  Jay Hesselberth    Anschutz     62347
88                     Vedant Vohra    Anschutz     60715
89                Josephina Hendrix    Anschutz     60053
90    Sakaiza Rasolofomanana Rajery    Anschutz     58725
91                     Calvin Voong    Anschutz     55652
92           Meher Preethi Boorgula    Anschutz     55357
93                   Aiden Taghinia    Anschutz     54467
94                   Luciana Vargas    Anschutz     53674
95                       Jade Young    Anschutz     53521
96                       Kiran Paul    Anschutz     53033
97                     Megan Stumpf    Anschutz     52051
98                   Carson Wedding    Anschutz     46107
99                 Johannes Strauss    Anschutz     46044
100                 Iain Konigsberg    Anschutz     46013
101                Elizabeth Geiger    Anschutz     42949
102             Yoga Advaith Veturi    Anschutz     41757
103                    Tyler Gibson    Anschutz     41301
104                    Teresa Smith    Anschutz     40742
105                        Xilin Su    Anschutz     39561
106                     Harry Smith    Anschutz     39209
107                    Yunus Ozekin    Anschutz     37528
108                    Parker Hicks    Anschutz     37426
109             Akshay Kumar Avvaru    Anschutz     36213
110                 Jenna Tomkinson    Anschutz     35678
111                  Tonya Brunetti    Anschutz     35392
112                      Mike Orman    Anschutz     34560
113                 Harriet Dashnow    Anschutz     33742
114                    Aastha Kakar    Anschutz     33045
115                      JInal Shah    Anschutz     33036
116                   Madison Apgar    Anschutz     28654
117                     Joanna Chau    Anschutz     28516
118                  Jacklyn Ashmus    Anschutz     27946
119           Sudhanshu Shrivastava    Anschutz     26420
120               Alexandra Unangst    Anschutz     23877
121                   Matthew Juber    Anschutz     23800
122                       Alyx Gray    Anschutz     23725
123                   Nathaly Limon    Anschutz     23586
124              Christopher Schaaf    Anschutz     23309
125                      Jacob Krol    Anschutz     22868
126                     Jace Aloway    Anschutz     21793
127           Fabio Simoes de Souza    Anschutz     20036
128              Kaylee Rosenberger    Anschutz     19025
129                     Ethan Wolfe    Anschutz     18898
130                       Kyle Ross    Anschutz     18748
131                      Xiying Fan    Anschutz     17910
132                   Gabriel Yette    Anschutz     17732
133                  Banabithi Bose    Anschutz     17207
134                         Michael    Anschutz     16860
135                 Jonathan Shortt    Anschutz     16378
136                   Suraju Sadeeq    Anschutz     15790
137                    Jeffrey Inen    Anschutz     15349
138                 Milton Pividori    Anschutz     15142
139                 Sarah Danielson    Anschutz     14872
140                       Nanxi Guo    Anschutz     14827
141               Aishwarya Mandava    Anschutz     14790
142                     Korey Wylie    Anschutz     14378
143                      Ava Warren    Anschutz     14016
144                Katerina Terwelp    Anschutz     13813
145                       Eric Katz    Anschutz     13760
146           Khosbayar Lkhagvadorj    Anschutz     13485
147                    Maria Hansen    Anschutz     13014
148                  Joseph Benthal    Anschutz     12159
149                       Sizhao Lu    Anschutz     12109
150                   Monica Ransom    Anschutz     11897
151                   Kaitlyn Walsh    Anschutz     11618
152              Christian Anderson    Anschutz     11438
153                  Jessica Nelson    Anschutz     10869
154                    Alya Hussain    Anschutz     10642
155                  Jared Williams    Anschutz     10426
156                    Ryan Summers    Anschutz     10348
157                        Thu Doan    Anschutz     10221
158                   Cameron Lowry    Anschutz      9795
159                      Sara Wirth    Anschutz      9614
160                      Elena Wall    Anschutz      9015
161                      Yifan Zhao    Anschutz      8466
162                  Elliott Brooks    Anschutz      8034
163                        Tian Liu    Anschutz      7938
164                 Michael Ntrakwa    Anschutz      7937
165             Sarah Albers Fester    Anschutz      7727
166                  Charlie Repaci    Anschutz      7571
167                     Kevin Fotso    Anschutz      7500
168                 Davyd Sadovskyy    Anschutz      7193
169                 Grace Rodenberg    Anschutz      7068
170             Jessica Prendergast    Anschutz      6869
171              Pranav Padmanabhan    Anschutz      6740
172                   Maizy Brasher    Anschutz      6544
173                      Yichi Chen    Anschutz      6053
174        Lakshmi Venkata Karuturi    Anschutz      5843
175                         Thao Vu    Anschutz      5837
176                Stephanie Gipson    Anschutz      5677
177                 Maxwell Stevens    Anschutz      5638
178                     Alex Romero    Anschutz      5600
179                 Nikita Pozdeyev    Anschutz      5564
180                  Amber Nashobaq    Anschutz      5496
181                Mohammad Mansoor    Anschutz      5362
182                       MJ Foster    Anschutz      5335
183             Christopher Mancuso    Anschutz      5037
184                     Shujian Lin    Anschutz      4914
185                 Rawan Elshobaky    Anschutz      4851
186                   Anna Dischler    Anschutz      4587
187                  Sana Paktinyar    Anschutz      4528
188                    Brennan Chan    Anschutz      4261
189                    Yaseer Sabir    Anschutz      4205
190                    Jordan Okada    Anschutz      4038
191                  Matthew Osmond    Anschutz      3835
192                    Noah Johnson    Anschutz      3796
193                     Byron Brown    Anschutz      3749
194                 Alexander McKim    Anschutz      3690
195                   Rahul Thadani    Anschutz      3633
196                Brandon Hilliard    Anschutz      3540
197               Samuel Greenfield    Anschutz      3426
198                    Moomal Jatoi    Anschutz      3315
199                    Lena Cedrone    Anschutz      3030
200                        Meng Lin    Anschutz      2948
201               Nathaniel Alzofon    Anschutz      2769
202            Susana Lopez-Ignacio    Anschutz      2698
203                      Ziwei Tian    Anschutz      2645
204                  Madison Helsel    Anschutz      2572
205             William Baumgartner    Anschutz      2407
206                  Alexis Assante    Anschutz      2381
207                   Nathan Witmer    Anschutz      2330
208              Kairav Thiagarajah    Anschutz      2198
209                   Sarah Zweifel    Anschutz      2159
210                   Valerie Olsen    Anschutz      2002
211                 Maclean Sherren    Anschutz      1988
212                       Yujie Guo    Anschutz      1970
213               Benjamin Erickson    Anschutz      1949
214                        Qihua Ye    Anschutz      1927
215                 Raymond Lesiyon    Anschutz      1867
216                Preston Stafford    Anschutz      1835
217                    Kayla Medina    Anschutz      1760
218                      Sarah Bird    Anschutz      1712
219                  Imrane Mariami    Anschutz      1690
220               Alexzanah Griffin    Anschutz      1681
221                    Lily Feldman    Anschutz      1680
222                   Zoe Bedrosian    Anschutz      1680
223               Stephanie Crowley    Anschutz      1642
224                  Winston Hibler    Anschutz      1630
225                      Alex Camai    Anschutz      1601
226                    Tushar Ghosh    Anschutz      1445
227                    Tamim Shaikh    Anschutz      1443
228                      Angela Ohm    Anschutz      1431
229                   Emma Trujillo    Anschutz      1416
230                   Emily Ekstrum    Anschutz      1404
231                Nicole Pihlstrom    Anschutz      1335
232                     Tada Vargas    Anschutz      1275
233                   David Farrell    Anschutz      1119
234                  Emily DeCurtis    Anschutz      1119
235                Maggie Stanislaw    Anschutz      1087
236                    Sutanu Nandi    Anschutz      1056
237                     Anne Gumina    Anschutz       985
238                     Alden Paine    Anschutz       893
239               Karen Rossmassler    Anschutz       818
240                       Lane Drew    Anschutz       810
241                 Emily gregersen    Anschutz       807
242                      Ilin Joshi    Anschutz       774
243          Sai Eashan Vankamamidi    Anschutz       774
244                     Joanne Cole    Anschutz       769
245              James Scott-Browne    Anschutz       751
246                   Minami Matsuo    Anschutz       688
247                    Katie Marker    Anschutz       631
248                    Emily Mastej    Anschutz       614
249                  Morgan MacBeth    Anschutz       599
250               Nicole Costantino    Anschutz       588
251                    Negar Janani    Anschutz       587
252                  Abigail Cozart    Anschutz       573
253                      Edward Lau    Anschutz       544
254                     Tessa Allen    Anschutz       541
255                 Annalise Sturno    Anschutz       512
256                  Elizabeth Wynn    Anschutz       510
257               Clay Griffin-Derr    Anschutz       498
258                    David Bunten    Anschutz       473
259        Juan Samaniego Castaneda    Anschutz       468
260                Anna-Sophia Leon    Anschutz       438
261                   Maki Nakayama    Anschutz       432
262                Shalom Gutierrez    Anschutz       422
263                  Kirk Hohsfield    Anschutz       421
264             Sreerag Venugopalan    Anschutz       409
265                   Marc DAntonio    Anschutz       409
266                   Kritika Verma    Anschutz       404
267              Faisal Alquaddoomi    Anschutz       384
268                Sierra Simmerman    Anschutz       369
269                      Yvonne Cui    Anschutz       367
270                 Stephanie DeVoe    Anschutz       355
271                      Broc Burke    Anschutz       349
272                  Keegan Carroll    Anschutz       348
273                   Ellen Bamberg    Anschutz       346
274                    Sourav Kumar    Anschutz       345
275           Jessica Olivas-Corral    Anschutz       315
276                    Saloni Dixon    Anschutz       309
277                      Nyjah Munn    Anschutz       309
278                   Shaunak Kapur    Anschutz       307
279                    Isabelle Hua    Anschutz       290
280                   Keshav Vembar    Anschutz       285
281                       Fan Zhang    Anschutz       283
282                    Joshua Lingo    Anschutz       279
283                     Jessica Lee    Anschutz       271
284                 Shruti Raghavan    Anschutz       270
285                   Michael Knitz    Anschutz       266
286                   Honey Hendesi    Anschutz       255
287                  Samantha Sills    Anschutz       246
288                   Katelyn Baker    Anschutz       238
289                   Cailin Deiter    Anschutz       233
290                     Emily Boyer    Anschutz       218
291                  Shannon Thomas    Anschutz       217
292                  Brenda Seymour    Anschutz       216
293              Eric Januszkiewicz    Anschutz       213
294                Thi Thuy Linh Le    Anschutz       205
295            Madison Cho-Richmond    Anschutz       200
296                 Yulduz Rakibova    Anschutz       193
297                     Matthew Igo    Anschutz       182
298                 Rebecca ORourke    Anschutz       172
299                    Asha Masoudi    Anschutz       169
300            Ana Fairbanks-Mahnke    Anschutz       165
301                     Usman Hyder    Anschutz       165
302             Natasha Shrivastava    Anschutz       160
303                   Erika Desonie    Anschutz       160
304                     Megan Hupka    Anschutz       158
305                       Qian Fang    Anschutz       156
306                 Hadeel Khammash    Anschutz       147
307                Jonathan Teetsel    Anschutz       140
308                     Xiuqing Wei    Anschutz       134
309                   Sarah Stenske    Anschutz       127
310                     Yuzhu Cheng    Anschutz       125
311                Roselyn Fierkens    Anschutz       124
312                    Anisha Raghu    Anschutz       121
313                   Aileen Button    Anschutz       115
314                 Cameron Mattson    Anschutz       113
315                Michael McMurray    Anschutz       111
316                  Brittany Gomez    Anschutz       111
317                    Sophie Hicks    Anschutz       110
318                   Galen Squiers    Anschutz       108
319                Anjelica Miranda    Anschutz       107
320                  Nicole Messner    Anschutz       104
321                       Ted Shade    Anschutz        98
322                      Adam Quach    Anschutz        94
323                Benjamin Willett    Anschutz        93
324                    Kaili Curtis    Anschutz        91
325                     Isaac Vigil    Anschutz        89
326              Yuliana Romo-Perez    Anschutz        87
327                     Erik Collet    Anschutz        87
328                     Paige Caley    Anschutz        85
329                  Cheng-Chang Wu    Anschutz        81
330                Uddeep Chaudhury    Anschutz        81
331               Clarissa Estrella    Anschutz        80
332                   Joshua Kirsch    Anschutz        77
333               Vanessa Langarica    Anschutz        77
334             Tomas Ghebreslassie    Anschutz        76
335                        Ying Jin    Anschutz        75
336                    Jeremy Fleck    Anschutz        74
337                  Scott Thompson    Anschutz        73
338               Kristina Yamkovoy    Anschutz        72
339                   Jasalyn Avila    Anschutz        72
340                   Tzu Lip Phang    Anschutz        71
341                 Samuel Burciaga    Anschutz        69
342                     Kiely James    Anschutz        68
343                Karla Vela Lopez    Anschutz        68
344                Raymond Pomponio    Anschutz        68
345           David Beltran-Cardona    Anschutz        67
346                 Benjamin Bearce    Anschutz        66
347                 Thomas Carrillo    Anschutz        66
348                     Luke Hanson    Anschutz        66
349                    Rachel Cohen    Anschutz        65
350                 Ashley Thompson    Anschutz        64
351                 Gabriel Medrano    Anschutz        63
352                    Huaizhen Cai    Anschutz        62
353                     Jack Duryea    Anschutz        62
354                  Opeyemi Jegede    Anschutz        62
355                     Laura Islas    Anschutz        61
356                       Sam Fulte    Anschutz        59
357                     Kelsey Ryan    Anschutz        59
358                       Laura Lim    Anschutz        56
359               Kayla Fairweather    Anschutz        54
360                 Arianne Crossen    Anschutz        53
361                   Cameron Manes    Anschutz        52
362              Victoria Hoelscher    Anschutz        51
363                   Angie Vazquez    Anschutz        50
364                  Lily Mussallem    Anschutz        49
365                  Courtney Cowan    Anschutz        46
366                      Karen Chau    Anschutz        45
367                   Kristin Uhler    Anschutz        45
368                     Helen Gomez    Anschutz        43
369                  Adam Giacalone    Anschutz        42
370                 Michael Harbell    Anschutz        42
371                     Sydney Hall    Anschutz        42
372                  Lauren Atencio    Anschutz        42
373                  Roxanne McPeck    Anschutz        40
374               Matthew Mondragon    Anschutz        39
375                  Jessica Beynor    Anschutz        39
376                     Sofia Celli    Anschutz        39
377                 Amanda Anderson    Anschutz        36
378                    Brooke Gates    Anschutz        36
379                   Evelyn Ibarra    Anschutz        36
380                   Jessica Smith    Anschutz        35
381                 Yoshiki Sakurai    Anschutz        35
382                   Laurent Gapin    Anschutz        33
383                         Amy Han    Anschutz        32
384              Mary Grace Carroll    Anschutz        32
385                   Nicole Hansen    Anschutz        29
386              Courtney Schiebout    Anschutz        27
387                    Xiaoyuan Liu    Anschutz        26
388                Carlos Goncalves    Anschutz        24
389                    Mariah Meyer    Anschutz        24
390                        Hao Yuan    Anschutz        21
391                  Elizabeth Nail    Anschutz        20
392                  Ashley Scadden    Anschutz        20
393                 Thomas Salvetti    Anschutz        19
394                    Tiffany Love    Anschutz        19
395                    Yonghao Zhao    Anschutz        19
396                    John Finigan    Anschutz        19
397           Navin Kumar Balagopal    Anschutz        16
398               Shunsuke Uchiyama    Anschutz        16
399               William Patterson    Anschutz        15
400                    Kayla Holder    Anschutz        14
401  Angela Sofia Burkhart Colorado    Anschutz        14
402                     Megan Kraus    Anschutz        14
403                 Cheyanne Durham    Anschutz        14
404                     Audrey Rood    Anschutz        13
405                     Carol Amato    Anschutz        13
406                       Kade Fink    Anschutz        12
407                      Ian Purvis    Anschutz        12
408                      Juan Pagan    Anschutz        12
409                  Shivang Mistry    Anschutz        12
410                 Qierra Brockman    Anschutz        12
411                Cameron Morrison    Anschutz        12
412                   Kayla Johnson    Anschutz        12
413              Mansooreh Ahmadian    Anschutz        12
414                    Trevor Isner    Anschutz        12
415                   McKenna Casey    Anschutz        12
416     julian grandvalletcontreras    Anschutz        10
417                 Jonathan Kurche    Anschutz        10
418                    Yjuliana Tin    Anschutz         8
419                Natalie Davidson    Anschutz         8
420                    Matthew Hill    Anschutz         7
421                   James DiLisio    Anschutz         6
422                     Lauren Kerr    Anschutz         6
423                     Marina Good    Anschutz         5
424                        Ting Lou    Anschutz         5
425                 Alyssa Margolis    Anschutz         5
426               Nikhil Madhuripan    Anschutz         5
427                        Sean Lee    Anschutz         5
428                Gabrielle Vragel    Anschutz         5
429                    Ananya Raghu    Anschutz         4
430                  Phillip Gilley    Anschutz         4
431                  Crystal Musser    Anschutz         3
432                    Gidon Felsen    Anschutz         3
433                   Lauren Immink    Anschutz         3
434                 Jessica Borgers    Anschutz         3
435                      Ahmet Eken    Anschutz         3
436                      Ling Thang    Anschutz         3
437                     Kaia Kinkel    Anschutz         3
438                   Kyle Sullivan    Anschutz         2
439                   Praveer Singh    Anschutz         2
440                  Caroline Reges    Anschutz         2
441                   James Hassell    Anschutz         2
442                      Julie Raab    Anschutz         2
443                 Zachary Caterer    Anschutz         2
444                   Shiomi Junker    Anschutz         2
445                         Vy Tran    Anschutz         2
446                   Ali Abrowshan    Anschutz         1
447                  David Westerly    Anschutz         1
448                 Marta Carbonell    Anschutz         1
449                     Lena Hansen    Anschutz         1
450                   Logan Barrios    Anschutz         1
451                       Yanyan Xu    Anschutz         1
452              Alexandria Dickson    Anschutz         1
453                    Brianna Hunt    Anschutz         1
454                  Molly McGuckin    Anschutz         1
455                   Lucia Guatney    Anschutz         1
456                   Pranav Sristy    Anschutz         1
457                Katherina Cortes    Anschutz         1
458                     Jack Pattee    Anschutz         1
459                    John DeSisto    Anschutz         1
460         Siddharth Krishnamurthy    Anschutz         1
461                    Josh Hunkins    Anschutz         1
462                     Ann Strange    Anschutz         1
463             Christopher Collora    Anschutz         1
464                   Caitlin Lewis    Anschutz         1
465                  Dylan Sarbaugh    Anschutz         1
466                   Jonathan Levi    Anschutz         1
467            Ishanu Chattopadhyay    Anschutz         1
468                     Ralf Dagdag    Anschutz         1
Compute and wait time for mlippincott@xsede.org by partition for the last 10000 days
            hours_computed      wait  wait_ratio
partition                                       
aa100          8748.112500  425699.0   48.661811
acompile        128.466389       0.0    0.000000
al40              7.484167     658.0   87.918940
amem          11456.211667  160462.0   14.006550
ami100            0.191944       0.0    0.000000
amilan       244946.613889  179254.0    0.731808
amilan128c        3.502778       0.0    0.000000
atesting          0.055000       0.0    0.000000
atesting_+       13.064167       0.0    0.000000
mlippincott@xsede.org has waited a total of 87.45 years in queue in the last 10000 days
mlippincott@xsede.org has used a total of 30.29 years of compute time in the last 10000 days
mlippincott@xsede.org has used a total of 2686221 SUs in the last 10000 days for a total of 306.65 years if 1 SU = 1 hour of compute time
