no change     /curc/sw/anaconda3/2023.09/condabin/conda
no change     /curc/sw/anaconda3/2023.09/bin/conda
no change     /curc/sw/anaconda3/2023.09/bin/conda-env
no change     /curc/sw/anaconda3/2023.09/bin/activate
no change     /curc/sw/anaconda3/2023.09/bin/deactivate
no change     /curc/sw/anaconda3/2023.09/etc/profile.d/conda.sh
no change     /curc/sw/anaconda3/2023.09/etc/fish/conf.d/conda.fish
no change     /curc/sw/anaconda3/2023.09/shell/condabin/Conda.psm1
no change     /curc/sw/anaconda3/2023.09/shell/condabin/conda-hook.ps1
no change     /curc/sw/anaconda3/2023.09/lib/python3.11/site-packages/xontrib/conda.xsh
no change     /curc/sw/anaconda3/2023.09/etc/profile.d/conda.csh
modified      /home/mlippincott@xsede.org/.bashrc

==> For changes to take effect, close and re-open your current shell. <==

[NbConvertApp] Converting notebook notebooks/slurm_stats.ipynb to script
[NbConvertApp] Writing 6187 bytes to scripts/slurm_stats.py
[NbConvertApp] Converting notebook notebooks/slurm_stats_plotting.ipynb to script
[NbConvertApp] Writing 5772 bytes to scripts/slurm_stats_plotting.py
Top 500 users by usage for the last 10000 days
                        Proper Name Institution      Used
0                         Jun Inamo    Anschutz  10927756
1                 Christopher Clark    Anschutz   2518544
2                      Jill Hoffman    Anschutz   2517975
3                        Siyang Ren    Anschutz   1755414
4                        Josh Mejia    Anschutz   1397907
5                    Samantha White    Anschutz   1265592
6               Micahael Lippincott    Anschutz   1250963
7                       Graham Peet    Anschutz   1231105
8                 Alon Poleg-Polsky    Anschutz   1147413
9                   Jonathan Pitsch    Anschutz   1146436
10                             Sean    Anschutz   1103828
11                     Nick Rafaels    Anschutz    930019
12                   Aaron Beckwith    Anschutz    748799
13                     Scott Kinder    Anschutz    744074
14                       Junxia Lin    Anschutz    663042
15                         Yue Wang    Anschutz    544422
16                     Shane Ridoux    Anschutz    509736
17                       Megan Duff    Anschutz    498853
18                   Esteban Lucero    Anschutz    477313
19                  Shelby Andersen    Anschutz    462149
20                   Kewalin Samart    Anschutz    457289
21                       Daniel Kao    Anschutz    449805
22                           Thomas    Anschutz    433677
23                      Nannan Wang    Anschutz    425930
24                  Keenan Manpearl    Anschutz    397036
25                Jonathan Cardwell    Anschutz    380936
26                   Kendra Ferrier    Anschutz    372504
27                     Jack Ustanik    Anschutz    338838
28                 Andrew Goodspeed    Anschutz    337808
29                   Abhirupa Ghosh    Anschutz    315620
30                    Adriana Ivich    Anschutz    280151
31                     Souha Tifour    Anschutz    276009
32                   Matthew Fisher    Anschutz    263508
33                  Revanth Krishna    Anschutz    243736
34                     Yunjing Hong    Anschutz    243194
35                   Maureen McHugo    Anschutz    237672
36                    Austin Gillen    Anschutz    236264
37                 Ryan Porterfield    Anschutz    219154
38                 Christopher Hill    Anschutz    207636
39                     Alison Brack    Anschutz    196444
40                          Han Zhu    Anschutz    195824
41                      Sarah Slack    Anschutz    192910
42                 Samantha Reynoso    Anschutz    184661
43              Lauren Vanderlinden    Anschutz    181318
44                    John O'Connor    Anschutz    154088
45                     Charmie Vang    Anschutz    148338
46                       Connor Eck    Anschutz    146590
47                 Gabriella Albert    Anschutz    126969
48                 Upasana Thakuria    Anschutz    124274
49                   Sierra Niemiec    Anschutz    124038
50                      Arnav Gupta    Anschutz    111377
51                  Abbigayl Burtis    Anschutz    109726
52                     Evan Brenner    Anschutz    105636
53                          Kristen    Anschutz    104629
54                 Kentaro Yomogida    Anschutz    104534
55              Sanjeev Janarthanan    Anschutz    100099
56                Laureline Logiaco    Anschutz     94035
57                    Kent Riemondy    Anschutz     93136
58                      David Jones    Anschutz     85342
59                    Hitoshi Irabu    Anschutz     82099
60                      Haoyu Zhang    Anschutz     77011
61                    Sarah Mentzer    Anschutz     74106
62                   Diego Restrepo    Anschutz     70585
63                  Vitaly Kheyfets    Anschutz     70511
64                     Grace Akatsu    Anschutz     68047
65   Santhanagopalan Krishnamoorthy    Anschutz     62500
66                Lucas Gillenwater    Anschutz     61614
67                     Vedant Vohra    Anschutz     60644
68                    Kristen James    Anschutz     60520
69                          Etienne    Anschutz     59205
70                     Shirli Cohen    Anschutz     57764
71                    Chuangqi Wang    Anschutz     56200
72                     Calvin Voong    Anschutz     55652
73           Meher Preethi Boorgula    Anschutz     55357
74                  Roman Schlimgen    Anschutz     55130
75                   Aiden Taghinia    Anschutz     54467
76                       Holly Vose    Anschutz     53566
77                       Jade Young    Anschutz     53463
78                       Kiran Paul    Anschutz     53023
79                   Luciana Vargas    Anschutz     48422
80                   Carson Wedding    Anschutz     46107
81                    Shaoming Xiao    Anschutz     44542
82                Josephina Hendrix    Anschutz     44438
83                 Elizabeth Geiger    Anschutz     42949
84              Yoga Advaith Veturi    Anschutz     41757
85                  Iain Konigsberg    Anschutz     41743
86                     Tyler Gibson    Anschutz     41255
87                     Megan Stumpf    Anschutz     40339
88                      Harry Smith    Anschutz     38437
89                     Yunus Ozekin    Anschutz     36856
90                     Erin Baschal    Anschutz     36600
91                  Emma Lathouwers    Anschutz     35693
92                        Rose Doss    Anschutz     33624
93                         Xilin Su    Anschutz     33466
94    Sakaiza Rasolofomanana Rajery    Anschutz     32601
95                     Parker Hicks    Anschutz     30785
96                   Tonya Brunetti    Anschutz     30476
97                      Joanna Chau    Anschutz     28516
98                       Mike Orman    Anschutz     28259
99                    Madison Apgar    Anschutz     27810
100                    Aastha Kakar    Anschutz     26421
101           Sudhanshu Shrivastava    Anschutz     26420
102                   Nathaly Limon    Anschutz     23586
103              Christopher Schaaf    Anschutz     23309
104                      Jacob Krol    Anschutz     22868
105                       Alyx Gray    Anschutz     21930
106               Alexandra Unangst    Anschutz     20962
107           Fabio Simoes de Souza    Anschutz     19632
108              Kaylee Rosenberger    Anschutz     19025
109                     Ethan Wolfe    Anschutz     18898
110                       Kyle Ross    Anschutz     18748
111                      Xiying Fan    Anschutz     17505
112                  Jacklyn Ashmus    Anschutz     17420
113                    Jeffrey Inen    Anschutz     15349
114                 Milton Pividori    Anschutz     15142
115                 Sarah Danielson    Anschutz     14859
116                 Jonathan Shortt    Anschutz     14399
117                     Korey Wylie    Anschutz     14187
118                      Ava Warren    Anschutz     14016
119                       Eric Katz    Anschutz     13760
120                Katerina Terwelp    Anschutz     12524
121                   Monica Ransom    Anschutz     11897
122                    Alya Hussain    Anschutz     10604
123                  Jessica Nelson    Anschutz     10560
124                       Sizhao Lu    Anschutz     10499
125                   Matthew Juber    Anschutz     10472
126                       Nanxi Guo    Anschutz      9807
127                      Elena Wall    Anschutz      8919
128             Akshay Kumar Avvaru    Anschutz      8910
129                  Elliott Brooks    Anschutz      8034
130                        Tian Liu    Anschutz      7938
131                 Michael Ntrakwa    Anschutz      7937
132                  Jared Williams    Anschutz      7832
133             Sarah Albers Fester    Anschutz      7727
134                      Yifan Zhao    Anschutz      6894
135              Pranav Padmanabhan    Anschutz      6348
136              Christian Anderson    Anschutz      6244
137                        Thu Doan    Anschutz      6228
138                 Harriet Dashnow    Anschutz      6164
139                     Kevin Fotso    Anschutz      5987
140                      Weishan Li    Anschutz      5957
141             Juan Vargas Alvarez    Anschutz      5919
142                    Elbay Aliyev    Anschutz      5892
143        Lakshmi Venkata Karuturi    Anschutz      5843
144                      Yichi Chen    Anschutz      5623
145                     Alex Romero    Anschutz      5600
146                  Amber Nashobaq    Anschutz      5496
147                       MJ Foster    Anschutz      5291
148             Christopher Mancuso    Anschutz      5035
149                         Michael    Anschutz      5003
150                Stephanie Gipson    Anschutz      4990
151                     Shujian Lin    Anschutz      4731
152                 Rawan Elshobaky    Anschutz      4718
153                  Sana Paktinyar    Anschutz      4480
154                    Maria Hansen    Anschutz      4397
155                   Anna Dischler    Anschutz      4358
156                    Brennan Chan    Anschutz      4261
157                   Suraju Sadeeq    Anschutz      4151
158                    Jordan Okada    Anschutz      4038
159                  Matthew Osmond    Anschutz      3823
160                    Noah Johnson    Anschutz      3796
161                         Thao Vu    Anschutz      3566
162                 Nikita Pozdeyev    Anschutz      3463
163               Samuel Greenfield    Anschutz      3426
164                     Jace Aloway    Anschutz      3380
165                    Yaseer Sabir    Anschutz      3375
166                      Sara Wirth    Anschutz      2841
167                        Meng Lin    Anschutz      2821
168               Nathaniel Alzofon    Anschutz      2769
169                      Ziwei Tian    Anschutz      2645
170             William Baumgartner    Anschutz      2407
171                   Cameron Lowry    Anschutz      2383
172                 Alexander McKim    Anschutz      2290
173           Khosbayar Lkhagvadorj    Anschutz      2063
174                   Nathan Witmer    Anschutz      1979
175                   Valerie Olsen    Anschutz      1959
176                        Qihua Ye    Anschutz      1927
177                 Raymond Lesiyon    Anschutz      1864
178                 Jenna Tomkinson    Anschutz      1862
179                 Maclean Sherren    Anschutz      1856
180             Jessica Prendergast    Anschutz      1793
181                    Kayla Medina    Anschutz      1760
182               Alexzanah Griffin    Anschutz      1681
183                    Lily Feldman    Anschutz      1680
184                      Alex Camai    Anschutz      1596
185                   Zoe Bedrosian    Anschutz      1564
186                  Alexis Assante    Anschutz      1549
187                    Lena Cedrone    Anschutz      1513
188                   Maizy Brasher    Anschutz      1451
189                    Tushar Ghosh    Anschutz      1445
190                    Tamim Shaikh    Anschutz      1443
191                      Angela Ohm    Anschutz      1431
192                   Emily Ekstrum    Anschutz      1399
193                    Moomal Jatoi    Anschutz      1351
194                Nicole Pihlstrom    Anschutz      1335
195                       Yujie Guo    Anschutz      1288
196                     Tada Vargas    Anschutz      1275
197            Susana Lopez-Ignacio    Anschutz      1268
198                  Emily DeCurtis    Anschutz      1119
199                Maggie Stanislaw    Anschutz      1087
200                   David Farrell    Anschutz      1087
201                    Sutanu Nandi    Anschutz      1023
202                     Anne Gumina    Anschutz       985
203                   Emma Trujillo    Anschutz       978
204                     Alden Paine    Anschutz       893
205               Karen Rossmassler    Anschutz       818
206                 Grace Rodenberg    Anschutz       784
207              James Scott-Browne    Anschutz       751
208                      Ilin Joshi    Anschutz       730
209                   Minami Matsuo    Anschutz       688
210                  Charlie Repaci    Anschutz       642
211                    Katie Marker    Anschutz       631
212                    Emily Mastej    Anschutz       614
213               Nicole Costantino    Anschutz       588
214                    Negar Janani    Anschutz       587
215                Johannes Strauss    Anschutz       580
216                  Abigail Cozart    Anschutz       573
217                      Edward Lau    Anschutz       544
218                     Tessa Allen    Anschutz       541
219                  Elizabeth Wynn    Anschutz       510
220                    David Bunten    Anschutz       473
221                   Sarah Zweifel    Anschutz       465
222                  Kirk Hohsfield    Anschutz       421
223                   Marc DAntonio    Anschutz       409
224             Sreerag Venugopalan    Anschutz       409
225                   Kritika Verma    Anschutz       404
226              Faisal Alquaddoomi    Anschutz       384
227                   Maki Nakayama    Anschutz       383
228                Sierra Simmerman    Anschutz       369
229                 Stephanie DeVoe    Anschutz       355
230                Shalom Gutierrez    Anschutz       350
231                      Broc Burke    Anschutz       349
232                  Keegan Carroll    Anschutz       348
233                    Sourav Kumar    Anschutz       345
234           Jessica Olivas-Corral    Anschutz       315
235                      Nyjah Munn    Anschutz       309
236                   Shaunak Kapur    Anschutz       307
237                   Rahul Thadani    Anschutz       303
238                    Isabelle Hua    Anschutz       290
239          Sai Eashan Vankamamidi    Anschutz       277
240                       Fan Zhang    Anschutz       271
241               Aishwarya Mandava    Anschutz       271
242                     Jessica Lee    Anschutz       271
243                 Shruti Raghavan    Anschutz       270
244                   Michael Knitz    Anschutz       266
245                   Honey Hendesi    Anschutz       255
246                   Ellen Bamberg    Anschutz       252
247                  Samantha Sills    Anschutz       246
248                   Keshav Vembar    Anschutz       230
249                     Emily Boyer    Anschutz       218
250                     Joanne Cole    Anschutz       217
251            Madison Cho-Richmond    Anschutz       200
252                      Yvonne Cui    Anschutz       200
253              Eric Januszkiewicz    Anschutz       188
254                  Landon Buskirk    Anschutz       173
255                    Asha Masoudi    Anschutz       169
256                  Banabithi Bose    Anschutz       162
257                  Morgan MacBeth    Anschutz       161
258                   Erika Desonie    Anschutz       159
259                       Qian Fang    Anschutz       156
260                Mohammad Mansoor    Anschutz       153
261                Brandon Hilliard    Anschutz       149
262                 Hadeel Khammash    Anschutz       147
263                     Megan Hupka    Anschutz       146
264                Jonathan Teetsel    Anschutz       140
265                     Xiuqing Wei    Anschutz       134
266                 Davyd Sadovskyy    Anschutz       132
267                   Sarah Stenske    Anschutz       127
268             Natasha Shrivastava    Anschutz       124
269                Roselyn Fierkens    Anschutz       124
270                    Anisha Raghu    Anschutz       121
271                 Cameron Mattson    Anschutz       113
272                  Brittany Gomez    Anschutz       111
273                Michael McMurray    Anschutz       111
274                    Sophie Hicks    Anschutz       110
275                Anjelica Miranda    Anschutz       107
276               Benjamin Erickson    Anschutz       106
277                Anna-Sophia Leon    Anschutz       104
278                    Joshua Lingo    Anschutz       100
279                       Ted Shade    Anschutz        98
280                Benjamin Willett    Anschutz        93
281                    Kaili Curtis    Anschutz        91
282                  Joseph Benthal    Anschutz        88
283              Yuliana Romo-Perez    Anschutz        87
284                     Paige Caley    Anschutz        85
285                  Cheng-Chang Wu    Anschutz        81
286               Vanessa Langarica    Anschutz        77
287                   Joshua Kirsch    Anschutz        77
288             Tomas Ghebreslassie    Anschutz        76
289                        Ying Jin    Anschutz        75
290                    Jeremy Fleck    Anschutz        74
291                  Scott Thompson    Anschutz        73
292                     Isaac Vigil    Anschutz        72
293                   Jasalyn Avila    Anschutz        72
294                  Nicole Messner    Anschutz        72
295                   Tzu Lip Phang    Anschutz        71
296               Clarissa Estrella    Anschutz        70
297                 Samuel Burciaga    Anschutz        69
298                Raymond Pomponio    Anschutz        68
299                     Kiely James    Anschutz        68
300                Karla Vela Lopez    Anschutz        68
301                 Benjamin Bearce    Anschutz        66
302                     Luke Hanson    Anschutz        66
303                    Rachel Cohen    Anschutz        65
304                 Ashley Thompson    Anschutz        64
305                 Gabriel Medrano    Anschutz        63
306                  Opeyemi Jegede    Anschutz        62
307                     Erik Collet    Anschutz        62
308                    Huaizhen Cai    Anschutz        62
309                     Laura Islas    Anschutz        61
310                       Sam Fulte    Anschutz        59
311                 Annalise Sturno    Anschutz        59
312                       Laura Lim    Anschutz        56
313            Ana Fairbanks-Mahnke    Anschutz        55
314               Kayla Fairweather    Anschutz        54
315                 Arianne Crossen    Anschutz        53
316                   Cameron Manes    Anschutz        52
317              Victoria Hoelscher    Anschutz        51
318                   Angie Vazquez    Anschutz        50
319                 Jay Hesselberth    Anschutz        49
320                  Courtney Cowan    Anschutz        46
321                   Kristin Uhler    Anschutz        45
322                      Karen Chau    Anschutz        45
323                 Thomas Carrillo    Anschutz        44
324                     Helen Gomez    Anschutz        43
325                     Sydney Hall    Anschutz        42
326                 Michael Harbell    Anschutz        42
327                     Sofia Celli    Anschutz        39
328                  Jessica Beynor    Anschutz        39
329               Matthew Mondragon    Anschutz        39
330                   Evelyn Ibarra    Anschutz        36
331                 Amanda Anderson    Anschutz        36
332                 Yoshiki Sakurai    Anschutz        35
333              Mary Grace Carroll    Anschutz        32
334                   Nicole Hansen    Anschutz        29
335              Courtney Schiebout    Anschutz        27
336                    Xiaoyuan Liu    Anschutz        26
337                    Mariah Meyer    Anschutz        24
338                Carlos Goncalves    Anschutz        24
339               Kristina Yamkovoy    Anschutz        21
340                        Hao Yuan    Anschutz        21
341                  Elizabeth Nail    Anschutz        20
342                  Ashley Scadden    Anschutz        20
343                 Thomas Salvetti    Anschutz        19
344                    John Finigan    Anschutz        19
345                   Jessica Smith    Anschutz        19
346                 Alexandra Lucas    Anschutz        17
347                       Le Yiphyo    Anschutz        16
348           Navin Kumar Balagopal    Anschutz        16
349                  Winston Hibler    Anschutz        16
350                 Cheyanne Durham    Anschutz        14
351                    Kayla Holder    Anschutz        14
352  Angela Sofia Burkhart Colorado    Anschutz        14
353                     Megan Kraus    Anschutz        14
354                Uddeep Chaudhury    Anschutz        13
355                    Teresa Smith    Anschutz        12
356                    Trevor Isner    Anschutz        12
357                Cameron Morrison    Anschutz        12
358                   McKenna Casey    Anschutz        12
359                   Aileen Button    Anschutz        12
360                      Juan Pagan    Anschutz        12
361                  Shivang Mistry    Anschutz        12
362                      Ian Purvis    Anschutz        12
363              Mansooreh Ahmadian    Anschutz        12
364                   Kayla Johnson    Anschutz        12
365                 Qierra Brockman    Anschutz        12
366               William Patterson    Anschutz        11
367                 Jonathan Kurche    Anschutz        10
368     julian grandvalletcontreras    Anschutz        10
369                Natalie Davidson    Anschutz         8
370                    Yjuliana Tin    Anschutz         8
371                    Matthew Hill    Anschutz         7
372                   James DiLisio    Anschutz         6
373                        Ting Lou    Anschutz         5
374                     Marina Good    Anschutz         5
375               Nikhil Madhuripan    Anschutz         5
376                 Alyssa Margolis    Anschutz         5
377                Gabrielle Vragel    Anschutz         5
378                  Phillip Gilley    Anschutz         4
379                    Ananya Raghu    Anschutz         4
380                      Ling Thang    Anschutz         3
381                   Lauren Immink    Anschutz         3
382                    Gidon Felsen    Anschutz         3
383                  Crystal Musser    Anschutz         3
384                      Ahmet Eken    Anschutz         3
385                   Laurent Gapin    Anschutz         3
386                     Lauren Kerr    Anschutz         3
387                  Lauren Atencio    Anschutz         3
388                 Jessica Borgers    Anschutz         3
389                   Shiomi Junker    Anschutz         2
390                         Vy Tran    Anschutz         2
391                 Zachary Caterer    Anschutz         2
392                   Galen Squiers    Anschutz         2
393                      Julie Raab    Anschutz         2
394                   Praveer Singh    Anschutz         2
395                   Ali Abrowshan    Anschutz         1
396              Alexandria Dickson    Anschutz         1
397                   Caitlin Lewis    Anschutz         1
398                       Yanyan Xu    Anschutz         1
399                   Lucia Guatney    Anschutz         1
400                  Molly McGuckin    Anschutz         1
401            Ishanu Chattopadhyay    Anschutz         1
402                  David Westerly    Anschutz         1
403                   Pranav Sristy    Anschutz         1
404                     Lena Hansen    Anschutz         1
405                   Logan Barrios    Anschutz         1
406                     Ralf Dagdag    Anschutz         1
407           David Beltran-Cardona    Anschutz         1
408                Katherina Cortes    Anschutz         1
409             Christopher Collora    Anschutz         1
410         Siddharth Krishnamurthy    Anschutz         1
411                     Jack Pattee    Anschutz         1
412                    Josh Hunkins    Anschutz         1
413                     Ann Strange    Anschutz         1
414                    John DeSisto    Anschutz         1
415                  Dylan Sarbaugh    Anschutz         1
Compute and wait time for mlippincott@xsede.org by partition for the last 10000 days
            hours_computed      wait  wait_ratio
partition                                       
aa100          1015.452500   85188.0   83.891664
acompile         90.933889       0.0    0.000000
al40              6.516944     657.0  100.814117
amem          11456.211667  160462.0   14.006550
ami100            0.191944       0.0    0.000000
amilan       169292.343889   42783.0    0.252717
amilan128c        3.502778       0.0    0.000000
atesting          0.055000       0.0    0.000000
atesting_+        6.298056       0.0    0.000000
mlippincott@xsede.org has waited a total of 33.0 years in queue in the last 10000 days
mlippincott@xsede.org has used a total of 20.76 years of compute time in the last 10000 days
mlippincott@xsede.org has used a total of 1250963 SUs in the last 10000 days for a total of 142.8 years if 1 SU = 1 hour of compute time
