no change     /curc/sw/anaconda3/2023.09/condabin/conda
no change     /curc/sw/anaconda3/2023.09/bin/conda
no change     /curc/sw/anaconda3/2023.09/bin/conda-env
no change     /curc/sw/anaconda3/2023.09/bin/activate
no change     /curc/sw/anaconda3/2023.09/bin/deactivate
no change     /curc/sw/anaconda3/2023.09/etc/profile.d/conda.sh
no change     /curc/sw/anaconda3/2023.09/etc/fish/conf.d/conda.fish
no change     /curc/sw/anaconda3/2023.09/shell/condabin/Conda.psm1
no change     /curc/sw/anaconda3/2023.09/shell/condabin/conda-hook.ps1
no change     /curc/sw/anaconda3/2023.09/lib/python3.11/site-packages/xontrib/conda.xsh
no change     /curc/sw/anaconda3/2023.09/etc/profile.d/conda.csh
modified      /home/mlippincott@xsede.org/.bashrc

==> For changes to take effect, close and re-open your current shell. <==

[NbConvertApp] Converting notebook notebooks/slurm_stats.ipynb to script
[NbConvertApp] Writing 6187 bytes to scripts/slurm_stats.py
[NbConvertApp] Converting notebook notebooks/slurm_stats_plotting.ipynb to script
[NbConvertApp] Writing 5772 bytes to scripts/slurm_stats_plotting.py
Top 500 users by usage for the last 10000 days
                        Proper Name Institution      Used
0                         Jun Inamo    Anschutz  10927756
1                      Jill Hoffman    Anschutz   2942365
2                 Christopher Clark    Anschutz   2551313
3               Micahael Lippincott    Anschutz   2045373
4                        Siyang Ren    Anschutz   1985622
5                 Alon Poleg-Polsky    Anschutz   1598816
6                        Josh Mejia    Anschutz   1440782
7                    Samantha White    Anschutz   1308896
8                       Graham Peet    Anschutz   1280404
9                   Jonathan Pitsch    Anschutz   1146436
10                             Sean    Anschutz   1106412
11                     Nick Rafaels    Anschutz   1087395
12                   Kewalin Samart    Anschutz    893829
13                   Aaron Beckwith    Anschutz    748807
14                     Scott Kinder    Anschutz    744074
15                       Junxia Lin    Anschutz    676858
16                  Shelby Andersen    Anschutz    667167
17                  Keenan Manpearl    Anschutz    586921
18                         Yue Wang    Anschutz    544422
19                     Shane Ridoux    Anschutz    509736
20                       Megan Duff    Anschutz    498853
21                 Ryan Porterfield    Anschutz    492999
22                      Nannan Wang    Anschutz    486690
23                   Esteban Lucero    Anschutz    477442
24                       Daniel Kao    Anschutz    449805
25                           Thomas    Anschutz    439205
26                     Jack Ustanik    Anschutz    438190
27                Jonathan Cardwell    Anschutz    380936
28                   Kendra Ferrier    Anschutz    372538
29                 Andrew Goodspeed    Anschutz    338887
30                   Abhirupa Ghosh    Anschutz    334781
31                    Adriana Ivich    Anschutz    293334
32                  Revanth Krishna    Anschutz    287648
33                 Christopher Hill    Anschutz    279393
34                     Souha Tifour    Anschutz    276009
35                   Matthew Fisher    Anschutz    263508
36                     Yunjing Hong    Anschutz    252231
37                    Austin Gillen    Anschutz    249649
38                   Maureen McHugo    Anschutz    237672
39                 Samantha Reynoso    Anschutz    229903
40                       Weishan Li    Anschutz    226978
41                          Han Zhu    Anschutz    197856
42                     Alison Brack    Anschutz    196444
43                      Sarah Slack    Anschutz    193312
44              Lauren Vanderlinden    Anschutz    188179
45                     Charmie Vang    Anschutz    155560
46                    Hitoshi Irabu    Anschutz    155177
47                    John O'Connor    Anschutz    154763
48                       Connor Eck    Anschutz    150716
49                 Gabriella Albert    Anschutz    126969
50                 Upasana Thakuria    Anschutz    124274
51                   Sierra Niemiec    Anschutz    124038
52                Laureline Logiaco    Anschutz    116215
53              Sanjeev Janarthanan    Anschutz    115929
54                      Arnav Gupta    Anschutz    111409
55                  Abbigayl Burtis    Anschutz    109917
56                     Evan Brenner    Anschutz    109906
57                          Kristen    Anschutz    105137
58                 Kentaro Yomogida    Anschutz    104534
59                    Kent Riemondy    Anschutz     93136
60                     Grace Akatsu    Anschutz     91290
61                    Sarah Mentzer    Anschutz     86427
62                      David Jones    Anschutz     85342
63                      Haoyu Zhang    Anschutz     77507
64                    Shaoming Xiao    Anschutz     72123
65                   Diego Restrepo    Anschutz     70585
66                  Vitaly Kheyfets    Anschutz     70511
67                          Etienne    Anschutz     65802
68                    Chuangqi Wang    Anschutz     62769
69   Santhanagopalan Krishnamoorthy    Anschutz     62500
70                Lucas Gillenwater    Anschutz     62094
71                    Kristen James    Anschutz     60749
72                     Vedant Vohra    Anschutz     60644
73                     Shirli Cohen    Anschutz     60052
74                     Erin Baschal    Anschutz     60003
75                Josephina Hendrix    Anschutz     56798
76                     Calvin Voong    Anschutz     55652
77           Meher Preethi Boorgula    Anschutz     55357
78                  Roman Schlimgen    Anschutz     55130
79                   Aiden Taghinia    Anschutz     54467
80                       Holly Vose    Anschutz     53691
81                       Jade Young    Anschutz     53463
82                   Luciana Vargas    Anschutz     53404
83                       Kiran Paul    Anschutz     53033
84                   Carson Wedding    Anschutz     46107
85                  Emma Lathouwers    Anschutz     43154
86                 Elizabeth Geiger    Anschutz     42949
87                  Jay Hesselberth    Anschutz     42577
88                  Iain Konigsberg    Anschutz     42044
89              Yoga Advaith Veturi    Anschutz     41757
90                     Tyler Gibson    Anschutz     41289
91                        Rose Doss    Anschutz     40975
92                     Megan Stumpf    Anschutz     40339
93                      Harry Smith    Anschutz     38478
94                     Yunus Ozekin    Anschutz     37528
95                         Xilin Su    Anschutz     34922
96    Sakaiza Rasolofomanana Rajery    Anschutz     34690
97                       Mike Orman    Anschutz     34327
98                   Tonya Brunetti    Anschutz     31151
99                     Parker Hicks    Anschutz     30805
100                    Elbay Aliyev    Anschutz     28612
101                     Joanna Chau    Anschutz     28516
102                   Madison Apgar    Anschutz     28123
103                  Jacklyn Ashmus    Anschutz     27888
104                    Aastha Kakar    Anschutz     27067
105           Sudhanshu Shrivastava    Anschutz     26420
106                   Nathaly Limon    Anschutz     23586
107              Christopher Schaaf    Anschutz     23309
108                      Jacob Krol    Anschutz     22868
109                       Alyx Gray    Anschutz     21973
110               Alexandra Unangst    Anschutz     20992
111           Fabio Simoes de Souza    Anschutz     19632
112              Kaylee Rosenberger    Anschutz     19025
113                     Ethan Wolfe    Anschutz     18898
114                       Kyle Ross    Anschutz     18748
115                      Xiying Fan    Anschutz     17909
116                    Jeffrey Inen    Anschutz     15349
117                 Milton Pividori    Anschutz     15142
118                 Sarah Danielson    Anschutz     14872
119             Akshay Kumar Avvaru    Anschutz     14436
120                 Jonathan Shortt    Anschutz     14423
121                     Korey Wylie    Anschutz     14187
122                      Ava Warren    Anschutz     14016
123                       Nanxi Guo    Anschutz     13798
124                       Eric Katz    Anschutz     13760
125                Katerina Terwelp    Anschutz     12638
126                   Suraju Sadeeq    Anschutz     12493
127                   Monica Ransom    Anschutz     11897
128           Khosbayar Lkhagvadorj    Anschutz     11174
129                  Jessica Nelson    Anschutz     10771
130              Christian Anderson    Anschutz     10705
131                       Sizhao Lu    Anschutz     10669
132                    Alya Hussain    Anschutz     10604
133                   Matthew Juber    Anschutz     10472
134                  Jared Williams    Anschutz     10209
135                   Cameron Lowry    Anschutz      9793
136                      Elena Wall    Anschutz      9015
137                  Elliott Brooks    Anschutz      8034
138                        Tian Liu    Anschutz      7938
139                 Michael Ntrakwa    Anschutz      7937
140             Sarah Albers Fester    Anschutz      7727
141                  Landon Buskirk    Anschutz      7345
142                      Yifan Zhao    Anschutz      7289
143                      Sara Wirth    Anschutz      7212
144                        Thu Doan    Anschutz      6990
145              Pranav Padmanabhan    Anschutz      6731
146                         Michael    Anschutz      6483
147             Juan Vargas Alvarez    Anschutz      6430
148                     Kevin Fotso    Anschutz      6197
149                 Harriet Dashnow    Anschutz      6164
150        Lakshmi Venkata Karuturi    Anschutz      5843
151                  Joseph Benthal    Anschutz      5795
152                Stephanie Gipson    Anschutz      5677
153                      Yichi Chen    Anschutz      5623
154                     Alex Romero    Anschutz      5600
155                  Amber Nashobaq    Anschutz      5496
156                       MJ Foster    Anschutz      5291
157             Christopher Mancuso    Anschutz      5035
158                     Shujian Lin    Anschutz      4914
159                 Rawan Elshobaky    Anschutz      4851
160                         Thao Vu    Anschutz      4736
161                   Anna Dischler    Anschutz      4540
162                  Sana Paktinyar    Anschutz      4480
163                    Maria Hansen    Anschutz      4471
164                     Jace Aloway    Anschutz      4431
165                    Brennan Chan    Anschutz      4261
166                    Jordan Okada    Anschutz      4038
167                  Matthew Osmond    Anschutz      3823
168                    Noah Johnson    Anschutz      3796
169                    Yaseer Sabir    Anschutz      3708
170                 Nikita Pozdeyev    Anschutz      3463
171               Samuel Greenfield    Anschutz      3426
172                 Alexandra Lucas    Anschutz      3049
173                        Meng Lin    Anschutz      2914
174                 Jenna Tomkinson    Anschutz      2820
175               Nathaniel Alzofon    Anschutz      2769
176                      Ziwei Tian    Anschutz      2645
177             William Baumgartner    Anschutz      2407
178                 Grace Rodenberg    Anschutz      2400
179                 Alexander McKim    Anschutz      2290
180             Jessica Prendergast    Anschutz      2090
181                   Nathan Witmer    Anschutz      1979
182                   Valerie Olsen    Anschutz      1959
183               Benjamin Erickson    Anschutz      1937
184                        Qihua Ye    Anschutz      1927
185            Susana Lopez-Ignacio    Anschutz      1892
186                 Maclean Sherren    Anschutz      1892
187                 Raymond Lesiyon    Anschutz      1866
188                    Kayla Medina    Anschutz      1760
189               Alexzanah Griffin    Anschutz      1681
190                    Lily Feldman    Anschutz      1680
191                  Winston Hibler    Anschutz      1630
192                  Alexis Assante    Anschutz      1604
193                      Alex Camai    Anschutz      1596
194                   Zoe Bedrosian    Anschutz      1588
195                   Maizy Brasher    Anschutz      1528
196               Stephanie Crowley    Anschutz      1514
197                    Lena Cedrone    Anschutz      1513
198                       Yujie Guo    Anschutz      1508
199                    Tushar Ghosh    Anschutz      1445
200                    Tamim Shaikh    Anschutz      1443
201                      Angela Ohm    Anschutz      1431
202                    Moomal Jatoi    Anschutz      1422
203                   Emma Trujillo    Anschutz      1416
204                   Emily Ekstrum    Anschutz      1399
205                Nicole Pihlstrom    Anschutz      1335
206                     Tada Vargas    Anschutz      1275
207                  Emily DeCurtis    Anschutz      1119
208                   David Farrell    Anschutz      1087
209                Maggie Stanislaw    Anschutz      1087
210                    Sutanu Nandi    Anschutz      1023
211                     Anne Gumina    Anschutz       985
212                     Alden Paine    Anschutz       893
213               Karen Rossmassler    Anschutz       818
214                   Rahul Thadani    Anschutz       802
215                      Ilin Joshi    Anschutz       773
216              James Scott-Browne    Anschutz       751
217                   Minami Matsuo    Anschutz       688
218                  Charlie Repaci    Anschutz       645
219                    Katie Marker    Anschutz       631
220                    Emily Mastej    Anschutz       614
221               Nicole Costantino    Anschutz       588
222                    Negar Janani    Anschutz       587
223                Johannes Strauss    Anschutz       580
224                  Abigail Cozart    Anschutz       573
225                     Joanne Cole    Anschutz       552
226                      Edward Lau    Anschutz       544
227                     Tessa Allen    Anschutz       541
228                  Elizabeth Wynn    Anschutz       510
229                 Annalise Sturno    Anschutz       510
230                   Sarah Zweifel    Anschutz       476
231                    David Bunten    Anschutz       473
232                Shalom Gutierrez    Anschutz       422
233                  Kirk Hohsfield    Anschutz       421
234                   Maki Nakayama    Anschutz       412
235             Sreerag Venugopalan    Anschutz       409
236                   Marc DAntonio    Anschutz       409
237                   Kritika Verma    Anschutz       404
238              Faisal Alquaddoomi    Anschutz       384
239                Sierra Simmerman    Anschutz       369
240                 Stephanie DeVoe    Anschutz       355
241                      Broc Burke    Anschutz       349
242                  Keegan Carroll    Anschutz       348
243                    Sourav Kumar    Anschutz       345
244           Jessica Olivas-Corral    Anschutz       315
245          Sai Eashan Vankamamidi    Anschutz       312
246                      Nyjah Munn    Anschutz       309
247                   Shaunak Kapur    Anschutz       307
248                    Isabelle Hua    Anschutz       290
249                  Banabithi Bose    Anschutz       280
250                      Yvonne Cui    Anschutz       279
251                   Ellen Bamberg    Anschutz       277
252               Aishwarya Mandava    Anschutz       272
253                       Fan Zhang    Anschutz       271
254                     Jessica Lee    Anschutz       271
255                 Shruti Raghavan    Anschutz       270
256                   Michael Knitz    Anschutz       266
257                   Honey Hendesi    Anschutz       255
258                  Samantha Sills    Anschutz       246
259                   Katelyn Baker    Anschutz       238
260                 Davyd Sadovskyy    Anschutz       230
261                   Keshav Vembar    Anschutz       230
262                     Emily Boyer    Anschutz       218
263            Madison Cho-Richmond    Anschutz       200
264              Eric Januszkiewicz    Anschutz       188
265                Anna-Sophia Leon    Anschutz       172
266                    Asha Masoudi    Anschutz       169
267                     Usman Hyder    Anschutz       165
268                Brandon Hilliard    Anschutz       161
269                  Morgan MacBeth    Anschutz       161
270             Natasha Shrivastava    Anschutz       160
271                   Erika Desonie    Anschutz       159
272                     Megan Hupka    Anschutz       158
273                       Qian Fang    Anschutz       156
274                Mohammad Mansoor    Anschutz       153
275                    Joshua Lingo    Anschutz       149
276                 Hadeel Khammash    Anschutz       147
277                Jonathan Teetsel    Anschutz       140
278                     Xiuqing Wei    Anschutz       134
279                   Sarah Stenske    Anschutz       127
280                Roselyn Fierkens    Anschutz       124
281                    Anisha Raghu    Anschutz       121
282                 Cameron Mattson    Anschutz       113
283                  Brittany Gomez    Anschutz       111
284                Michael McMurray    Anschutz       111
285                    Sophie Hicks    Anschutz       110
286                Anjelica Miranda    Anschutz       107
287                       Ted Shade    Anschutz        98
288                Benjamin Willett    Anschutz        93
289                    Kaili Curtis    Anschutz        91
290                     Isaac Vigil    Anschutz        89
291              Yuliana Romo-Perez    Anschutz        87
292                     Paige Caley    Anschutz        85
293                  Cheng-Chang Wu    Anschutz        81
294               Clarissa Estrella    Anschutz        80
295                   Joshua Kirsch    Anschutz        77
296               Vanessa Langarica    Anschutz        77
297             Tomas Ghebreslassie    Anschutz        76
298                        Ying Jin    Anschutz        75
299                    Jeremy Fleck    Anschutz        74
300                  Scott Thompson    Anschutz        73
301                  Nicole Messner    Anschutz        72
302                   Jasalyn Avila    Anschutz        72
303                   Tzu Lip Phang    Anschutz        71
304                 Samuel Burciaga    Anschutz        69
305                Karla Vela Lopez    Anschutz        68
306                Raymond Pomponio    Anschutz        68
307                     Kiely James    Anschutz        68
308           David Beltran-Cardona    Anschutz        67
309                 Benjamin Bearce    Anschutz        66
310                 Thomas Carrillo    Anschutz        66
311                     Luke Hanson    Anschutz        66
312                    Rachel Cohen    Anschutz        65
313                 Ashley Thompson    Anschutz        64
314                 Gabriel Medrano    Anschutz        63
315               Kristina Yamkovoy    Anschutz        62
316                    Huaizhen Cai    Anschutz        62
317                  Opeyemi Jegede    Anschutz        62
318                     Erik Collet    Anschutz        62
319                      Adam Quach    Anschutz        61
320                     Laura Islas    Anschutz        61
321                       Sam Fulte    Anschutz        59
322                     Yuzhu Cheng    Anschutz        57
323                       Laura Lim    Anschutz        56
324            Ana Fairbanks-Mahnke    Anschutz        55
325               Kayla Fairweather    Anschutz        54
326                 Arianne Crossen    Anschutz        53
327                   Cameron Manes    Anschutz        52
328              Victoria Hoelscher    Anschutz        51
329                   Angie Vazquez    Anschutz        50
330                  Lily Mussallem    Anschutz        49
331                  Courtney Cowan    Anschutz        46
332                      Karen Chau    Anschutz        45
333                   Kristin Uhler    Anschutz        45
334                     Helen Gomez    Anschutz        43
335                     Sydney Hall    Anschutz        42
336                  Lauren Atencio    Anschutz        42
337                 Michael Harbell    Anschutz        42
338                  Roxanne McPeck    Anschutz        40
339               Matthew Mondragon    Anschutz        39
340                  Jessica Beynor    Anschutz        39
341                     Sofia Celli    Anschutz        39
342                 Amanda Anderson    Anschutz        36
343                   Evelyn Ibarra    Anschutz        36
344                 Yoshiki Sakurai    Anschutz        35
345                   Jessica Smith    Anschutz        35
346              Mary Grace Carroll    Anschutz        32
347                   Nicole Hansen    Anschutz        29
348              Courtney Schiebout    Anschutz        27
349                    Xiaoyuan Liu    Anschutz        26
350                    Mariah Meyer    Anschutz        24
351                Carlos Goncalves    Anschutz        24
352                        Hao Yuan    Anschutz        21
353                  Elizabeth Nail    Anschutz        20
354                  Ashley Scadden    Anschutz        20
355                    John Finigan    Anschutz        19
356                 Thomas Salvetti    Anschutz        19
357                   Kaitlyn Walsh    Anschutz        16
358           Navin Kumar Balagopal    Anschutz        16
359                       Le Yiphyo    Anschutz        16
360               William Patterson    Anschutz        15
361                     Megan Kraus    Anschutz        14
362                 Cheyanne Durham    Anschutz        14
363                    Kayla Holder    Anschutz        14
364  Angela Sofia Burkhart Colorado    Anschutz        14
365                Uddeep Chaudhury    Anschutz        13
366                Cameron Morrison    Anschutz        12
367                   Kayla Johnson    Anschutz        12
368                   McKenna Casey    Anschutz        12
369                    Trevor Isner    Anschutz        12
370                    Teresa Smith    Anschutz        12
371                   Aileen Button    Anschutz        12
372                  Shivang Mistry    Anschutz        12
373                 Emily gregersen    Anschutz        12
374                      Juan Pagan    Anschutz        12
375                      Ian Purvis    Anschutz        12
376                 Qierra Brockman    Anschutz        12
377              Mansooreh Ahmadian    Anschutz        12
378                 Jonathan Kurche    Anschutz        10
379     julian grandvalletcontreras    Anschutz        10
380                    Yjuliana Tin    Anschutz         8
381                Natalie Davidson    Anschutz         8
382                    Matthew Hill    Anschutz         7
383                   James DiLisio    Anschutz         6
384                     Lauren Kerr    Anschutz         6
385               Nikhil Madhuripan    Anschutz         5
386                        Ting Lou    Anschutz         5
387                     Marina Good    Anschutz         5
388                Gabrielle Vragel    Anschutz         5
389                 Alyssa Margolis    Anschutz         5
390                    Ananya Raghu    Anschutz         4
391                  Phillip Gilley    Anschutz         4
392                    Gidon Felsen    Anschutz         3
393                      Ahmet Eken    Anschutz         3
394                   Lauren Immink    Anschutz         3
395                     Jared Rieck    Anschutz         3
396                   Laurent Gapin    Anschutz         3
397                      Ling Thang    Anschutz         3
398                  Crystal Musser    Anschutz         3
399                 Jessica Borgers    Anschutz         3
400                   Praveer Singh    Anschutz         2
401                 Zachary Caterer    Anschutz         2
402                   Galen Squiers    Anschutz         2
403                 Rebecca ORourke    Anschutz         2
404                      Julie Raab    Anschutz         2
405                   Shiomi Junker    Anschutz         2
406                         Vy Tran    Anschutz         2
407                   Kyle Sullivan    Anschutz         2
408                   Caitlin Lewis    Anschutz         1
409              Alexandria Dickson    Anschutz         1
410                  Dylan Sarbaugh    Anschutz         1
411                    John DeSisto    Anschutz         1
412                       Yanyan Xu    Anschutz         1
413                     Lena Hansen    Anschutz         1
414                   Logan Barrios    Anschutz         1
415                   Lucia Guatney    Anschutz         1
416             Christopher Collora    Anschutz         1
417                Katherina Cortes    Anschutz         1
418               Clay Griffin-Derr    Anschutz         1
419                  Molly McGuckin    Anschutz         1
420            Ishanu Chattopadhyay    Anschutz         1
421                   Ali Abrowshan    Anschutz         1
422                     Ralf Dagdag    Anschutz         1
423                     Jack Pattee    Anschutz         1
424         Siddharth Krishnamurthy    Anschutz         1
425                    Josh Hunkins    Anschutz         1
426                  David Westerly    Anschutz         1
427                     Ann Strange    Anschutz         1
428                   Pranav Sristy    Anschutz         1
Compute and wait time for mlippincott@xsede.org by partition for the last 10000 days
            hours_computed      wait  wait_ratio
partition                                       
aa100          3631.735278  167557.0   46.136898
acompile         97.674444       0.0    0.000000
al40              6.536111     657.0  100.518487
amem          11456.211667  160462.0   14.006550
ami100            0.191944       0.0    0.000000
amilan       235695.398333  165678.0    0.702933
amilan128c        3.502778       0.0    0.000000
atesting          0.055000       0.0    0.000000
atesting_+        6.298056       0.0    0.000000
mlippincott@xsede.org has waited a total of 56.43 years in queue in the last 10000 days
mlippincott@xsede.org has used a total of 28.64 years of compute time in the last 10000 days
mlippincott@xsede.org has used a total of 2045373 SUs in the last 10000 days for a total of 233.49 years if 1 SU = 1 hour of compute time
