no change     /curc/sw/anaconda3/2023.09/condabin/conda
no change     /curc/sw/anaconda3/2023.09/bin/conda
no change     /curc/sw/anaconda3/2023.09/bin/conda-env
no change     /curc/sw/anaconda3/2023.09/bin/activate
no change     /curc/sw/anaconda3/2023.09/bin/deactivate
no change     /curc/sw/anaconda3/2023.09/etc/profile.d/conda.sh
no change     /curc/sw/anaconda3/2023.09/etc/fish/conf.d/conda.fish
no change     /curc/sw/anaconda3/2023.09/shell/condabin/Conda.psm1
no change     /curc/sw/anaconda3/2023.09/shell/condabin/conda-hook.ps1
no change     /curc/sw/anaconda3/2023.09/lib/python3.11/site-packages/xontrib/conda.xsh
no change     /curc/sw/anaconda3/2023.09/etc/profile.d/conda.csh
no change     /home/mlippincott@xsede.org/.bashrc
No action taken.
[NbConvertApp] Converting notebook notebooks/slurm_stats.ipynb to script
[NbConvertApp] Writing 6187 bytes to scripts/slurm_stats.py
[NbConvertApp] Converting notebook notebooks/slurm_stats_plotting.ipynb to script
[NbConvertApp] Writing 5772 bytes to scripts/slurm_stats_plotting.py
Top 500 users by usage for the last 10000 days
                        Proper Name Institution      Used
0                         Jun Inamo    Anschutz  11483923
1                      Jill Hoffman    Anschutz   3731735
2                        Siyang Ren    Anschutz   2875796
3               Micahael Lippincott    Anschutz   2703973
4                 Christopher Clark    Anschutz   2551313
5                 Alon Poleg-Polsky    Anschutz   2008454
6                    Samantha White    Anschutz   1643421
7                       Graham Peet    Anschutz   1628118
8                   Shelby Andersen    Anschutz   1613104
9                        Josh Mejia    Anschutz   1547090
10                  Jonathan Pitsch    Anschutz   1146436
11                             Sean    Anschutz   1131636
12                     Nick Rafaels    Anschutz   1088473
13                   Kewalin Samart    Anschutz   1018146
14                    Abhijnana Das    Anschutz   1004112
15                   Aaron Beckwith    Anschutz    885515
16                       Weishan Li    Anschutz    751740
17                     Scott Kinder    Anschutz    744074
18                     Jack Ustanik    Anschutz    723211
19                       Junxia Lin    Anschutz    676858
20                  Keenan Manpearl    Anschutz    641862
21                      Nannan Wang    Anschutz    636325
22                     Shane Ridoux    Anschutz    602102
23                         Yue Wang    Anschutz    555717
24                 Ryan Porterfield    Anschutz    545079
25                       Daniel Kao    Anschutz    513229
26                        Le Yiphyo    Anschutz    509717
27                       Megan Duff    Anschutz    498853
28                   Abhirupa Ghosh    Anschutz    498822
29                   Esteban Lucero    Anschutz    486722
30                    Austin Gillen    Anschutz    458125
31                           Thomas    Anschutz    439827
32                 Christopher Hill    Anschutz    431680
33                  Revanth Krishna    Anschutz    382815
34                Jonathan Cardwell    Anschutz    381419
35                   Kendra Ferrier    Anschutz    372557
36                Laureline Logiaco    Anschutz    343807
37                 Andrew Goodspeed    Anschutz    338888
38                          Han Zhu    Anschutz    325130
39                 Samantha Reynoso    Anschutz    298620
40              Akshay Kumar Avvaru    Anschutz    294866
41                    Adriana Ivich    Anschutz    293359
42              Juan Vargas Alvarez    Anschutz    291034
43                   Landon Buskirk    Anschutz    287025
44                     Souha Tifour    Anschutz    276009
45                      Marc Granes    Anschutz    265293
46                   Matthew Fisher    Anschutz    263508
47                     Yunjing Hong    Anschutz    252245
48                       Abbott Ali    Anschutz    239421
49                   Maureen McHugo    Anschutz    237867
50                    Hitoshi Irabu    Anschutz    234939
51              Lauren Vanderlinden    Anschutz    207071
52                  Roman Schlimgen    Anschutz    206575
53                     Alison Brack    Anschutz    196444
54                      Sarah Slack    Anschutz    193312
55                    Laurent Gapin    Anschutz    186111
56                     Charmie Vang    Anschutz    179876
57                     Grace Akatsu    Anschutz    179496
58                  Alexandra Lucas    Anschutz    178555
59                       Connor Eck    Anschutz    173270
60              Sanjeev Janarthanan    Anschutz    170909
61                    John O'Connor    Anschutz    168031
62                     Elbay Aliyev    Anschutz    137488
63                      Jared Rieck    Anschutz    130619
64                 Gabriella Albert    Anschutz    126969
65                 Upasana Thakuria    Anschutz    124274
66                   Sierra Niemiec    Anschutz    124038
67                     Evan Brenner    Anschutz    120890
68                  Abbigayl Burtis    Anschutz    120609
69                  Emma Lathouwers    Anschutz    119956
70                          Kristen    Anschutz    114601
71                      Arnav Gupta    Anschutz    112917
72                 Kentaro Yomogida    Anschutz    106612
73                    Shaoming Xiao    Anschutz    104594
74                          Etienne    Anschutz     97199
75                    Kent Riemondy    Anschutz     93136
76                      Haoyu Zhang    Anschutz     89641
77                    Sarah Mentzer    Anschutz     86427
78                      David Jones    Anschutz     85342
79                     Erin Baschal    Anschutz     77093
80                       Holly Vose    Anschutz     75434
81                  Vitaly Kheyfets    Anschutz     70783
82                   Diego Restrepo    Anschutz     70585
83                     Shirli Cohen    Anschutz     70357
84                Lucas Gillenwater    Anschutz     65678
85                    Kristen James    Anschutz     63655
86                     Teresa Smith    Anschutz     63652
87                        Rose Doss    Anschutz     63633
88                    Chuangqi Wang    Anschutz     62769
89   Santhanagopalan Krishnamoorthy    Anschutz     62500
90                  Jay Hesselberth    Anschutz     62347
91                     Vedant Vohra    Anschutz     60715
92                Josephina Hendrix    Anschutz     60053
93    Sakaiza Rasolofomanana Rajery    Anschutz     59802
94                     Calvin Voong    Anschutz     55652
95           Meher Preethi Boorgula    Anschutz     55357
96                   Aiden Taghinia    Anschutz     54467
97                   Luciana Vargas    Anschutz     53674
98                       Jade Young    Anschutz     53565
99                       Kiran Paul    Anschutz     53033
100                    Megan Stumpf    Anschutz     52051
101                Johannes Strauss    Anschutz     46872
102                 Iain Konigsberg    Anschutz     46355
103                  Carson Wedding    Anschutz     46107
104                Elizabeth Geiger    Anschutz     42949
105             Yoga Advaith Veturi    Anschutz     41757
106                    Tyler Gibson    Anschutz     41301
107                        Xilin Su    Anschutz     40715
108                     Harry Smith    Anschutz     39209
109                 Jenna Tomkinson    Anschutz     38052
110                    Yunus Ozekin    Anschutz     37528
111                    Parker Hicks    Anschutz     37426
112                  Tonya Brunetti    Anschutz     35392
113                      Mike Orman    Anschutz     34560
114                      JInal Shah    Anschutz     34069
115                    Aastha Kakar    Anschutz     33749
116                 Harriet Dashnow    Anschutz     33742
117                   Madison Apgar    Anschutz     31066
118               Aishwarya Mandava    Anschutz     30460
119                     Joanna Chau    Anschutz     28516
120                  Jacklyn Ashmus    Anschutz     27946
121           Sudhanshu Shrivastava    Anschutz     26420
122                   Matthew Juber    Anschutz     24979
123               Alexandra Unangst    Anschutz     23987
124                       Alyx Gray    Anschutz     23867
125                   Nathaly Limon    Anschutz     23586
126              Christopher Schaaf    Anschutz     23309
127                      Jacob Krol    Anschutz     22868
128                     Jace Aloway    Anschutz     22038
129                  Banabithi Bose    Anschutz     20880
130           Fabio Simoes de Souza    Anschutz     20036
131                   Gabriel Yette    Anschutz     19581
132              Kaylee Rosenberger    Anschutz     19025
133                     Ethan Wolfe    Anschutz     18898
134                       Kyle Ross    Anschutz     18748
135                         Michael    Anschutz     18716
136                      Xiying Fan    Anschutz     17910
137                 Jonathan Shortt    Anschutz     16405
138                   Suraju Sadeeq    Anschutz     15790
139                    Jeffrey Inen    Anschutz     15349
140                 Milton Pividori    Anschutz     15142
141                 Sarah Danielson    Anschutz     14872
142                       Nanxi Guo    Anschutz     14839
143                Katerina Terwelp    Anschutz     14491
144                     Korey Wylie    Anschutz     14378
145                      Ava Warren    Anschutz     14016
146                       Eric Katz    Anschutz     13760
147           Khosbayar Lkhagvadorj    Anschutz     13485
148                      Yifan Zhao    Anschutz     13328
149                    Ryan Summers    Anschutz     13317
150                    Maria Hansen    Anschutz     13095
151                  Joseph Benthal    Anschutz     12275
152                       Sizhao Lu    Anschutz     12150
153                   Kaitlyn Walsh    Anschutz     12000
154                   Monica Ransom    Anschutz     11897
155              Christian Anderson    Anschutz     11438
156                        Thu Doan    Anschutz     11289
157                  Jessica Nelson    Anschutz     10869
158                    Alya Hussain    Anschutz     10642
159                  Jared Williams    Anschutz     10426
160                  Charlie Repaci    Anschutz      9831
161                   Cameron Lowry    Anschutz      9795
162                      Sara Wirth    Anschutz      9614
163                      Elena Wall    Anschutz      9015
164                  Elliott Brooks    Anschutz      8034
165                        Tian Liu    Anschutz      7938
166                 Michael Ntrakwa    Anschutz      7937
167             Sarah Albers Fester    Anschutz      7727
168                     Kevin Fotso    Anschutz      7590
169                      Ziwei Tian    Anschutz      7359
170                 Davyd Sadovskyy    Anschutz      7198
171             Jessica Prendergast    Anschutz      7101
172                 Grace Rodenberg    Anschutz      7068
173              Pranav Padmanabhan    Anschutz      6740
174                   Maizy Brasher    Anschutz      6572
175                 Maxwell Stevens    Anschutz      6058
176                      Yichi Chen    Anschutz      6053
177        Lakshmi Venkata Karuturi    Anschutz      5843
178                         Thao Vu    Anschutz      5837
179                Stephanie Gipson    Anschutz      5677
180                Mohammad Mansoor    Anschutz      5613
181                     Alex Romero    Anschutz      5600
182                 Nikita Pozdeyev    Anschutz      5565
183                       MJ Foster    Anschutz      5514
184                  Amber Nashobaq    Anschutz      5496
185             Christopher Mancuso    Anschutz      5037
186               Shunsuke Uchiyama    Anschutz      4920
187                     Shujian Lin    Anschutz      4914
188                 Rawan Elshobaky    Anschutz      4851
189                    Lena Cedrone    Anschutz      4692
190                   Anna Dischler    Anschutz      4626
191                  Sana Paktinyar    Anschutz      4528
192                    Brennan Chan    Anschutz      4261
193                    Yaseer Sabir    Anschutz      4205
194                    Jordan Okada    Anschutz      4038
195                  Matthew Osmond    Anschutz      3835
196                    Noah Johnson    Anschutz      3796
197                     Byron Brown    Anschutz      3749
198                   Rahul Thadani    Anschutz      3741
199                 Alexander McKim    Anschutz      3690
200                Brandon Hilliard    Anschutz      3540
201               Samuel Greenfield    Anschutz      3426
202            Susana Lopez-Ignacio    Anschutz      3330
203                    Moomal Jatoi    Anschutz      3315
204                  Alexis Assante    Anschutz      3180
205                        Meng Lin    Anschutz      2948
206               Nathaniel Alzofon    Anschutz      2769
207                  Madison Helsel    Anschutz      2572
208             William Baumgartner    Anschutz      2407
209                   Nathan Witmer    Anschutz      2381
210                  Winston Hibler    Anschutz      2284
211              Kairav Thiagarajah    Anschutz      2198
212                   Sarah Zweifel    Anschutz      2187
213                       Yujie Guo    Anschutz      2066
214                   Valerie Olsen    Anschutz      2002
215                 Maclean Sherren    Anschutz      1999
216               Benjamin Erickson    Anschutz      1949
217                        Qihua Ye    Anschutz      1927
218                 Raymond Lesiyon    Anschutz      1867
219                Preston Stafford    Anschutz      1835
220                   Zoe Bedrosian    Anschutz      1832
221                    Kayla Medina    Anschutz      1760
222                      Sarah Bird    Anschutz      1712
223                  Imrane Mariami    Anschutz      1690
224               Alexzanah Griffin    Anschutz      1681
225                    Lily Feldman    Anschutz      1680
226               Stephanie Crowley    Anschutz      1642
227                      Alex Camai    Anschutz      1601
228                    Tushar Ghosh    Anschutz      1445
229                    Tamim Shaikh    Anschutz      1443
230                      Angela Ohm    Anschutz      1431
231                   Emma Trujillo    Anschutz      1416
232                   Emily Ekstrum    Anschutz      1404
233                    Saloni Dixon    Anschutz      1345
234                Nicole Pihlstrom    Anschutz      1335
235                     Tada Vargas    Anschutz      1275
236                   David Farrell    Anschutz      1147
237                  Emily DeCurtis    Anschutz      1119
238                Maggie Stanislaw    Anschutz      1087
239                    Sutanu Nandi    Anschutz      1056
240          Sai Eashan Vankamamidi    Anschutz      1007
241                     Anne Gumina    Anschutz       985
242                     Alden Paine    Anschutz       893
243               Karen Rossmassler    Anschutz       818
244                       Lane Drew    Anschutz       810
245                 Emily gregersen    Anschutz       807
246                      Edward Lau    Anschutz       789
247                  Morgan MacBeth    Anschutz       784
248                     Joanne Cole    Anschutz       774
249                      Ilin Joshi    Anschutz       774
250              James Scott-Browne    Anschutz       751
251                      Yvonne Cui    Anschutz       710
252                   Minami Matsuo    Anschutz       688
253                    Katie Marker    Anschutz       631
254                    Emily Mastej    Anschutz       614
255               Nicole Costantino    Anschutz       588
256                    Negar Janani    Anschutz       587
257                  Abigail Cozart    Anschutz       573
258                     Tessa Allen    Anschutz       541
259                 Annalise Sturno    Anschutz       512
260                  Elizabeth Wynn    Anschutz       510
261               Clay Griffin-Derr    Anschutz       498
262                    David Bunten    Anschutz       474
263        Juan Samaniego Castaneda    Anschutz       468
264                   Maki Nakayama    Anschutz       444
265                Anna-Sophia Leon    Anschutz       438
266                Shalom Gutierrez    Anschutz       422
267                  Kirk Hohsfield    Anschutz       421
268             Sreerag Venugopalan    Anschutz       409
269                   Marc DAntonio    Anschutz       409
270                   Kritika Verma    Anschutz       404
271              Faisal Alquaddoomi    Anschutz       384
272                Sierra Simmerman    Anschutz       369
273                 Stephanie DeVoe    Anschutz       355
274                      Broc Burke    Anschutz       349
275                  Keegan Carroll    Anschutz       348
276                   Ellen Bamberg    Anschutz       346
277                    Sourav Kumar    Anschutz       345
278           Jessica Olivas-Corral    Anschutz       315
279                    Joshua Lingo    Anschutz       314
280                      Nyjah Munn    Anschutz       309
281                   Shaunak Kapur    Anschutz       307
282                   Keshav Vembar    Anschutz       306
283                    Isabelle Hua    Anschutz       290
284                       Fan Zhang    Anschutz       283
285                     Jessica Lee    Anschutz       271
286                 Shruti Raghavan    Anschutz       270
287                   Michael Knitz    Anschutz       266
288                   Honey Hendesi    Anschutz       255
289                  Samantha Sills    Anschutz       246
290                    Yonghao Zhao    Anschutz       242
291                   Katelyn Baker    Anschutz       238
292                Thi Thuy Linh Le    Anschutz       237
293                   Cailin Deiter    Anschutz       233
294                 Yulduz Rakibova    Anschutz       230
295                     Emily Boyer    Anschutz       218
296                  Shannon Thomas    Anschutz       217
297                  Brenda Seymour    Anschutz       216
298              Eric Januszkiewicz    Anschutz       213
299            Madison Cho-Richmond    Anschutz       200
300                     Matthew Igo    Anschutz       182
301                 Rebecca ORourke    Anschutz       172
302                    Asha Masoudi    Anschutz       169
303            Ana Fairbanks-Mahnke    Anschutz       167
304                     Usman Hyder    Anschutz       165
305                     Megan Hupka    Anschutz       161
306                   Erika Desonie    Anschutz       160
307             Natasha Shrivastava    Anschutz       160
308                       Qian Fang    Anschutz       156
309                 Hadeel Khammash    Anschutz       147
310                Jonathan Teetsel    Anschutz       140
311                     Xiuqing Wei    Anschutz       134
312                   Sarah Stenske    Anschutz       127
313                     Yuzhu Cheng    Anschutz       125
314                Roselyn Fierkens    Anschutz       124
315                    Anisha Raghu    Anschutz       121
316                   Aileen Button    Anschutz       115
317                 Cameron Mattson    Anschutz       113
318                  Brittany Gomez    Anschutz       111
319                Michael McMurray    Anschutz       111
320                    Sophie Hicks    Anschutz       110
321                   Galen Squiers    Anschutz       108
322                Anjelica Miranda    Anschutz       107
323                  Nicole Messner    Anschutz       104
324                       Ted Shade    Anschutz        98
325               Kristina Yamkovoy    Anschutz        96
326                      Adam Quach    Anschutz        94
327                Uddeep Chaudhury    Anschutz        93
328                Benjamin Willett    Anschutz        93
329                    Kaili Curtis    Anschutz        91
330                     Isaac Vigil    Anschutz        89
331                     Erik Collet    Anschutz        87
332              Yuliana Romo-Perez    Anschutz        87
333                     Paige Caley    Anschutz        85
334                  Cheng-Chang Wu    Anschutz        81
335               Clarissa Estrella    Anschutz        80
336               Vanessa Langarica    Anschutz        77
337                   Joshua Kirsch    Anschutz        77
338             Tomas Ghebreslassie    Anschutz        76
339                        Ying Jin    Anschutz        75
340                    Jeremy Fleck    Anschutz        74
341                  Scott Thompson    Anschutz        73
342                   Jasalyn Avila    Anschutz        72
343                   Tzu Lip Phang    Anschutz        71
344                 Samuel Burciaga    Anschutz        69
345           David Beltran-Cardona    Anschutz        68
346                Karla Vela Lopez    Anschutz        68
347                     Kiely James    Anschutz        68
348                Raymond Pomponio    Anschutz        68
349                 Thomas Carrillo    Anschutz        66
350                     Luke Hanson    Anschutz        66
351                 Benjamin Bearce    Anschutz        66
352                    Rachel Cohen    Anschutz        65
353                 Ashley Thompson    Anschutz        64
354                 Gabriel Medrano    Anschutz        63
355                    Huaizhen Cai    Anschutz        62
356                  Opeyemi Jegede    Anschutz        62
357                     Jack Duryea    Anschutz        62
358                     Laura Islas    Anschutz        61
359                     Kelsey Ryan    Anschutz        59
360                       Sam Fulte    Anschutz        59
361                       Laura Lim    Anschutz        56
362               Kayla Fairweather    Anschutz        54
363                 Arianne Crossen    Anschutz        53
364                   Cameron Manes    Anschutz        52
365              Victoria Hoelscher    Anschutz        51
366                   Angie Vazquez    Anschutz        50
367                  Lily Mussallem    Anschutz        49
368                  Courtney Cowan    Anschutz        46
369                   Kristin Uhler    Anschutz        45
370                      Karen Chau    Anschutz        45
371                     Helen Gomez    Anschutz        43
372                 Michael Harbell    Anschutz        42
373                  Lauren Atencio    Anschutz        42
374                     Sydney Hall    Anschutz        42
375                  Adam Giacalone    Anschutz        42
376                     Lauren Kerr    Anschutz        41
377                  Roxanne McPeck    Anschutz        40
378                     Sofia Celli    Anschutz        39
379                  Jessica Beynor    Anschutz        39
380               Matthew Mondragon    Anschutz        39
381                    Brooke Gates    Anschutz        38
382                   Evelyn Ibarra    Anschutz        36
383                 Amanda Anderson    Anschutz        36
384                 Yoshiki Sakurai    Anschutz        35
385                   Jessica Smith    Anschutz        35
386                         Amy Han    Anschutz        32
387              Mary Grace Carroll    Anschutz        32
388                   Nicole Hansen    Anschutz        29
389              Courtney Schiebout    Anschutz        27
390                Carlos Goncalves    Anschutz        27
391                    Xiaoyuan Liu    Anschutz        26
392                    Mariah Meyer    Anschutz        24
393                        Hao Yuan    Anschutz        21
394                  Ashley Scadden    Anschutz        20
395                  Elizabeth Nail    Anschutz        20
396                 Thomas Salvetti    Anschutz        19
397                    John Finigan    Anschutz        19
398                    Tiffany Love    Anschutz        19
399           Navin Kumar Balagopal    Anschutz        16
400               William Patterson    Anschutz        15
401                     Megan Kraus    Anschutz        14
402  Angela Sofia Burkhart Colorado    Anschutz        14
403                    Kayla Holder    Anschutz        14
404                 Cheyanne Durham    Anschutz        14
405                     Carol Amato    Anschutz        13
406                     Audrey Rood    Anschutz        13
407                      Ian Purvis    Anschutz        12
408                    Trevor Isner    Anschutz        12
409                  Shivang Mistry    Anschutz        12
410                   Kayla Johnson    Anschutz        12
411                       Kade Fink    Anschutz        12
412                      Juan Pagan    Anschutz        12
413                 Qierra Brockman    Anschutz        12
414                   McKenna Casey    Anschutz        12
415              Mansooreh Ahmadian    Anschutz        12
416                Cameron Morrison    Anschutz        12
417     julian grandvalletcontreras    Anschutz        10
418                 Jonathan Kurche    Anschutz        10
419                   James Hassell    Anschutz         8
420                Natalie Davidson    Anschutz         8
421                    Yjuliana Tin    Anschutz         8
422                    Matthew Hill    Anschutz         7
423                   James DiLisio    Anschutz         6
424               Nikhil Madhuripan    Anschutz         5
425                     Marina Good    Anschutz         5
426                        Sean Lee    Anschutz         5
427                        Ting Lou    Anschutz         5
428                 Alyssa Margolis    Anschutz         5
429                Gabrielle Vragel    Anschutz         5
430                    Ananya Raghu    Anschutz         4
431                  Phillip Gilley    Anschutz         4
432                      Ahmet Eken    Anschutz         3
433                     Kaia Kinkel    Anschutz         3
434                    Gidon Felsen    Anschutz         3
435                 Jessica Borgers    Anschutz         3
436                       Shaoju Wu    Anschutz         3
437                  Crystal Musser    Anschutz         3
438                   Lauren Immink    Anschutz         3
439                      Ling Thang    Anschutz         3
440                 Marta Carbonell    Anschutz         3
441                      Julie Raab    Anschutz         2
442                         Vy Tran    Anschutz         2
443                 Zachary Caterer    Anschutz         2
444                   Kyle Sullivan    Anschutz         2
445                   Shiomi Junker    Anschutz         2
446                   Praveer Singh    Anschutz         2
447                  Caroline Reges    Anschutz         2
448                     Jack Pattee    Anschutz         1
449                     Ann Strange    Anschutz         1
450                     Ralf Dagdag    Anschutz         1
451                   Caitlin Lewis    Anschutz         1
452                  Molly McGuckin    Anschutz         1
453                    Brianna Hunt    Anschutz         1
454              Alexandria Dickson    Anschutz         1
455                   Ali Abrowshan    Anschutz         1
456                       Yanyan Xu    Anschutz         1
457             Christopher Collora    Anschutz         1
458                     Lena Hansen    Anschutz         1
459                   Lucia Guatney    Anschutz         1
460                   Logan Barrios    Anschutz         1
461                   Pranav Sristy    Anschutz         1
462            Ishanu Chattopadhyay    Anschutz         1
463                  David Westerly    Anschutz         1
464     Sai Pradeep Chandra Bompada    Anschutz         1
465                  Dylan Sarbaugh    Anschutz         1
466                    Josh Hunkins    Anschutz         1
467         Siddharth Krishnamurthy    Anschutz         1
468                   Jonathan Levi    Anschutz         1
469                    John DeSisto    Anschutz         1
470                Katherina Cortes    Anschutz         1
Compute and wait time for mlippincott@xsede.org by partition for the last 10000 days
            hours_computed      wait  wait_ratio
partition                                       
aa100          8891.376389  475320.0   53.458540
acompile        134.907500       0.0    0.000000
al40              7.484167     658.0   87.918940
amem          11456.211667  160462.0   14.006550
ami100            0.191944       0.0    0.000000
amilan       247139.812500  179806.0    0.727548
amilan128c        3.502778       0.0    0.000000
atesting          0.055000       0.0    0.000000
atesting_+       13.064167       0.0    0.000000
mlippincott@xsede.org has waited a total of 93.18 years in queue in the last 10000 days
mlippincott@xsede.org has used a total of 30.55 years of compute time in the last 10000 days
mlippincott@xsede.org has used a total of 2703973 SUs in the last 10000 days for a total of 308.67 years if 1 SU = 1 hour of compute time
