no change     /curc/sw/anaconda3/2023.09/condabin/conda
no change     /curc/sw/anaconda3/2023.09/bin/conda
no change     /curc/sw/anaconda3/2023.09/bin/conda-env
no change     /curc/sw/anaconda3/2023.09/bin/activate
no change     /curc/sw/anaconda3/2023.09/bin/deactivate
no change     /curc/sw/anaconda3/2023.09/etc/profile.d/conda.sh
no change     /curc/sw/anaconda3/2023.09/etc/fish/conf.d/conda.fish
no change     /curc/sw/anaconda3/2023.09/shell/condabin/Conda.psm1
no change     /curc/sw/anaconda3/2023.09/shell/condabin/conda-hook.ps1
no change     /curc/sw/anaconda3/2023.09/lib/python3.11/site-packages/xontrib/conda.xsh
no change     /curc/sw/anaconda3/2023.09/etc/profile.d/conda.csh
modified      /home/mlippincott@xsede.org/.bashrc

==> For changes to take effect, close and re-open your current shell. <==

[NbConvertApp] Converting notebook notebooks/slurm_stats.ipynb to script
[NbConvertApp] Writing 2997 bytes to scripts/slurm_stats.py
Top 1000 users by usage for the last 30 days
                   Login      Proper Name    Used
1       jinamo@xsede.org        Jun Inamo  194358
2      ksamart@xsede.org   Kewalin Samart  120198
3      jmejia1@xsede.org       Josh Mejia   88559
4      aburtis@xsede.org  Abbigayl Burtis   66388
5    jonpitsch@xsede.org  Jonathan Pitsch   34485
..                   ...              ...     ...
113   mbrasher@xsede.org    Maizy Brasher       1
114    lhansen@xsede.org      Lena Hansen       1
115     phicks@xsede.org     Parker Hicks       1
116   tgibson2@xsede.org     Tyler Gibson       1
117     shall1@xsede.org      Sydney Hall       1

[117 rows x 3 columns]
mlippincott@xsede.org has waited a total of 1308.0 hours in queue in the last 30 days
Job counts by partition for the last 30 days
partition
amilan      119884
aa100           90
acompile        23
atesting        20
ami100           4
Name: count, dtype: int64
