Lmod has detected the following error: The following module(s) are unknown:
"mambaforge"

Please check the spelling or version number. Also try "module spider ..."
It is also possible your cache file is out-of-date; it may help to try:
  $ module --ignore-cache load "mambaforge"

Also make sure that all modulefiles written in TCL start with the string
#%Module



no change     /curc/sw/anaconda3/2023.09/condabin/conda
no change     /curc/sw/anaconda3/2023.09/bin/conda
no change     /curc/sw/anaconda3/2023.09/bin/conda-env
no change     /curc/sw/anaconda3/2023.09/bin/activate
no change     /curc/sw/anaconda3/2023.09/bin/deactivate
no change     /curc/sw/anaconda3/2023.09/etc/profile.d/conda.sh
no change     /curc/sw/anaconda3/2023.09/etc/fish/conf.d/conda.fish
no change     /curc/sw/anaconda3/2023.09/shell/condabin/Conda.psm1
no change     /curc/sw/anaconda3/2023.09/shell/condabin/conda-hook.ps1
no change     /curc/sw/anaconda3/2023.09/lib/python3.11/site-packages/xontrib/conda.xsh
no change     /curc/sw/anaconda3/2023.09/etc/profile.d/conda.csh
modified      /home/mlippincott@xsede.org/.bashrc

==> For changes to take effect, close and re-open your current shell. <==

[NbConvertApp] Converting notebook notebooks/slurm_stats.ipynb to script
[NbConvertApp] Writing 6187 bytes to scripts/slurm_stats.py
[NbConvertApp] Converting notebook notebooks/slurm_stats_plotting.ipynb to script
[NbConvertApp] Writing 5772 bytes to scripts/slurm_stats_plotting.py
Top 500 users by usage for the last 10000 days
                        Proper Name Institution      Used
0                         Jun Inamo    Anschutz  10927196
1                 Christopher Clark    Anschutz   1376545
2                      Jill Hoffman    Anschutz   1297432
3               Micahael Lippincott    Anschutz   1227569
4                        Josh Mejia    Anschutz   1179307
5                   Jonathan Pitsch    Anschutz   1146436
6                 Alon Poleg-Polsky    Anschutz    948004
7                       Graham Peet    Anschutz    878947
8                        Siyang Ren    Anschutz    760806
9                    Aaron Beckwith    Anschutz    748799
10                     Scott Kinder    Anschutz    744074
11                     Nick Rafaels    Anschutz    655824
12                   Samantha White    Anschutz    588794
13                             Sean    Anschutz    569967
14                         Yue Wang    Anschutz    540004
15                     Shane Ridoux    Anschutz    509736
16                       Megan Duff    Anschutz    498853
17                   Esteban Lucero    Anschutz    477238
18                  Shelby Andersen    Anschutz    462149
19                       Daniel Kao    Anschutz    444180
20                           Thomas    Anschutz    411307
21                       Junxia Lin    Anschutz    392591
22                Jonathan Cardwell    Anschutz    380935
23                   Kendra Ferrier    Anschutz    371665
24                 Andrew Goodspeed    Anschutz    301929
25                   Abhirupa Ghosh    Anschutz    280852
26                    Adriana Ivich    Anschutz    278581
27                     Souha Tifour    Anschutz    276009
28                   Matthew Fisher    Anschutz    263508
29                   Kewalin Samart    Anschutz    262967
30                      Nannan Wang    Anschutz    246679
31                   Maureen McHugo    Anschutz    237672
32                     Alison Brack    Anschutz    196444
33                      Sarah Slack    Anschutz    188151
34                 Samantha Reynoso    Anschutz    165571
35                    Austin Gillen    Anschutz    160642
36                  Revanth Krishna    Anschutz    152367
37                     Charmie Vang    Anschutz    132382
38              Lauren Vanderlinden    Anschutz    129120
39                 Gabriella Albert    Anschutz    126969
40                 Upasana Thakuria    Anschutz    124274
41                   Sierra Niemiec    Anschutz    124038
42                     Evan Brenner    Anschutz    100733
43                  Abbigayl Burtis    Anschutz    100537
44                 Kentaro Yomogida    Anschutz     98266
45                          Kristen    Anschutz     94915
46                    Kent Riemondy    Anschutz     93136
47                       Connor Eck    Anschutz     88271
48                      David Jones    Anschutz     85342
49                    John O'Connor    Anschutz     80230
50                      Arnav Gupta    Anschutz     80129
51                      Haoyu Zhang    Anschutz     75052
52                   Diego Restrepo    Anschutz     70585
53                 Ryan Porterfield    Anschutz     69800
54                  Vitaly Kheyfets    Anschutz     62580
55   Santhanagopalan Krishnamoorthy    Anschutz     62500
56                 Christopher Hill    Anschutz     62499
57                     Vedant Vohra    Anschutz     60644
58                          Han Zhu    Anschutz     60629
59           Meher Preethi Boorgula    Anschutz     55357
60                    Chuangqi Wang    Anschutz     54632
61                     Shirli Cohen    Anschutz     54136
62                       Jade Young    Anschutz     53454
63                       Kiran Paul    Anschutz     53007
64                Lucas Gillenwater    Anschutz     49372
65                   Carson Wedding    Anschutz     46098
66                          Etienne    Anschutz     44069
67                 Elizabeth Geiger    Anschutz     42949
68              Yoga Advaith Veturi    Anschutz     41757
69                  Iain Konigsberg    Anschutz     40879
70                       Holly Vose    Anschutz     40268
71                     Megan Stumpf    Anschutz     40266
72                     Yunus Ozekin    Anschutz     36855
73                      Harry Smith    Anschutz     36630
74                        Rose Doss    Anschutz     33624
75    Sakaiza Rasolofomanana Rajery    Anschutz     31417
76                  Emma Lathouwers    Anschutz     30638
77                         Xilin Su    Anschutz     30104
78                      Joanna Chau    Anschutz     28516
79                       Mike Orman    Anschutz     28243
80                     Tyler Gibson    Anschutz     28048
81                   Luciana Vargas    Anschutz     27541
82                Josephina Hendrix    Anschutz     27528
83            Sudhanshu Shrivastava    Anschutz     26378
84                   Aiden Taghinia    Anschutz     25717
85                    Nathaly Limon    Anschutz     23267
86                       Jacob Krol    Anschutz     22868
87               Christopher Schaaf    Anschutz     21304
88                Alexandra Unangst    Anschutz     20887
89                    Madison Apgar    Anschutz     19785
90            Fabio Simoes de Souza    Anschutz     19632
91                        Alyx Gray    Anschutz     19177
92                      Ethan Wolfe    Anschutz     18882
93               Kaylee Rosenberger    Anschutz     17996
94                   Tonya Brunetti    Anschutz     17846
95                     Jeffrey Inen    Anschutz     15349
96                  Milton Pividori    Anschutz     15142
97                  Sarah Danielson    Anschutz     14831
98                       Ava Warren    Anschutz     14016
99                     Aastha Kakar    Anschutz     13615
100                    Erin Baschal    Anschutz     13390
101                       Eric Katz    Anschutz     12789
102                     Korey Wylie    Anschutz     12574
103                   Kristen James    Anschutz     12455
104                   Monica Ransom    Anschutz     11897
105                      Xiying Fan    Anschutz     11330
106                  Jessica Nelson    Anschutz     10419
107                    Alya Hussain    Anschutz     10314
108                Katerina Terwelp    Anschutz     10281
109                   Sarah Mentzer    Anschutz      9995
110                       Nanxi Guo    Anschutz      9571
111                 Jonathan Shortt    Anschutz      9002
112                      Elena Wall    Anschutz      8674
113             Akshay Kumar Avvaru    Anschutz      8035
114                  Elliott Brooks    Anschutz      8032
115                        Tian Liu    Anschutz      7938
116                 Michael Ntrakwa    Anschutz      7937
117                  Jared Williams    Anschutz      7832
118             Sarah Albers Fester    Anschutz      7726
119                       Sizhao Lu    Anschutz      7184
120                 Harriet Dashnow    Anschutz      6164
121                    Parker Hicks    Anschutz      6090
122        Lakshmi Venkata Karuturi    Anschutz      5843
123              Pranav Padmanabhan    Anschutz      5738
124                     Alex Romero    Anschutz      5600
125                  Amber Nashobaq    Anschutz      5496
126             Christopher Mancuso    Anschutz      5035
127                        Thu Doan    Anschutz      4684
128                  Sana Paktinyar    Anschutz      4480
129                  Jacklyn Ashmus    Anschutz      4465
130                    Brennan Chan    Anschutz      4261
131                    Jordan Okada    Anschutz      4038
132                Stephanie Gipson    Anschutz      3947
133                   Suraju Sadeeq    Anschutz      3929
134                      Yichi Chen    Anschutz      3879
135                  Matthew Osmond    Anschutz      3823
136                    Noah Johnson    Anschutz      3796
137                     Kevin Fotso    Anschutz      3751
138                         Michael    Anschutz      3674
139                 Nikita Pozdeyev    Anschutz      3463
140               Samuel Greenfield    Anschutz      3426
141                 Keenan Manpearl    Anschutz      3310
142                        Meng Lin    Anschutz      2815
143               Nathaniel Alzofon    Anschutz      2769
144                    Maria Hansen    Anschutz      2528
145             William Baumgartner    Anschutz      2407
146                       MJ Foster    Anschutz      2370
147                 Alexander McKim    Anschutz      2290
148                      Sara Wirth    Anschutz      1968
149                   Valerie Olsen    Anschutz      1959
150                        Qihua Ye    Anschutz      1927
151                 Jenna Tomkinson    Anschutz      1862
152                 Maclean Sherren    Anschutz      1811
153                 Raymond Lesiyon    Anschutz      1805
154                    Kayla Medina    Anschutz      1760
155                   Cameron Lowry    Anschutz      1760
156               Alexzanah Griffin    Anschutz      1681
157                    Lily Feldman    Anschutz      1680
158                      Alex Camai    Anschutz      1596
159                   Zoe Bedrosian    Anschutz      1538
160                  Alexis Assante    Anschutz      1511
161                    Tamim Shaikh    Anschutz      1443
162                      Angela Ohm    Anschutz      1431
163                Nicole Pihlstrom    Anschutz      1335
164                     Tada Vargas    Anschutz      1275
165                    Grace Akatsu    Anschutz      1269
166                   Maizy Brasher    Anschutz      1266
167                    Lena Cedrone    Anschutz      1155
168                  Emily DeCurtis    Anschutz      1119
169                Maggie Stanislaw    Anschutz      1087
170                    Sutanu Nandi    Anschutz      1023
171                     Anne Gumina    Anschutz       985
172                   Emma Trujillo    Anschutz       978
173                   David Farrell    Anschutz       957
174               Karen Rossmassler    Anschutz       818
175                   Shaoming Xiao    Anschutz       804
176             Juan Vargas Alvarez    Anschutz       802
177              James Scott-Browne    Anschutz       751
178                   Minami Matsuo    Anschutz       688
179                    Moomal Jatoi    Anschutz       654
180                  Charlie Repaci    Anschutz       642
181                    Katie Marker    Anschutz       631
182                    Emily Mastej    Anschutz       614
183                   Anna Dischler    Anschutz       598
184               Nicole Costantino    Anschutz       588
185                    Negar Janani    Anschutz       587
186                Johannes Strauss    Anschutz       580
187                  Abigail Cozart    Anschutz       573
188                     Tessa Allen    Anschutz       541
189             Sanjeev Janarthanan    Anschutz       528
190                       Yujie Guo    Anschutz       528
191                  Elizabeth Wynn    Anschutz       510
192                    Tushar Ghosh    Anschutz       493
193                    David Bunten    Anschutz       473
194                     Shujian Lin    Anschutz       436
195                  Kirk Hohsfield    Anschutz       421
196                   Hitoshi Irabu    Anschutz       420
197                   Marc DAntonio    Anschutz       409
198             Sreerag Venugopalan    Anschutz       409
199                   Kritika Verma    Anschutz       404
200              Faisal Alquaddoomi    Anschutz       383
201                Sierra Simmerman    Anschutz       369
202                 Stephanie DeVoe    Anschutz       355
203                Shalom Gutierrez    Anschutz       350
204                      Broc Burke    Anschutz       349
205                  Keegan Carroll    Anschutz       348
206           Jessica Olivas-Corral    Anschutz       315
207                   Shaunak Kapur    Anschutz       307
208                      Ziwei Tian    Anschutz       298
209                    Sourav Kumar    Anschutz       297
210                      Nyjah Munn    Anschutz       292
211                     Jessica Lee    Anschutz       271
212                       Fan Zhang    Anschutz       271
213                 Shruti Raghavan    Anschutz       270
214                   Michael Knitz    Anschutz       266
215                   Honey Hendesi    Anschutz       255
216                  Samantha Sills    Anschutz       246
217            Susana Lopez-Ignacio    Anschutz       246
218                   Keshav Vembar    Anschutz       225
219             Jessica Prendergast    Anschutz       224
220                     Emily Boyer    Anschutz       218
221                   Ellen Bamberg    Anschutz       217
222            Madison Cho-Richmond    Anschutz       200
223                     Joanne Cole    Anschutz       200
224                  Morgan MacBeth    Anschutz       161
225                   Erika Desonie    Anschutz       159
226                    Asha Masoudi    Anschutz       157
227                       Qian Fang    Anschutz       156
228                Mohammad Mansoor    Anschutz       153
229                     Jace Aloway    Anschutz       134
230                     Xiuqing Wei    Anschutz       134
231                      Ilin Joshi    Anschutz       128
232                   Sarah Stenske    Anschutz       127
233                Roselyn Fierkens    Anschutz       124
234                    Anisha Raghu    Anschutz       121
235               Aishwarya Mandava    Anschutz       115
236                 Cameron Mattson    Anschutz       113
237                  Brittany Gomez    Anschutz       111
238                    Sophie Hicks    Anschutz       110
239                Anjelica Miranda    Anschutz       107
240                Anna-Sophia Leon    Anschutz       104
241                       Ted Shade    Anschutz        98
242                Benjamin Willett    Anschutz        93
243              Yuliana Romo-Perez    Anschutz        87
244                  Cheng-Chang Wu    Anschutz        81
245               Benjamin Erickson    Anschutz        79
246                   Sarah Zweifel    Anschutz        78
247                   Joshua Kirsch    Anschutz        77
248               Vanessa Langarica    Anschutz        77
249                Brandon Hilliard    Anschutz        76
250                        Ying Jin    Anschutz        75
251                    Jeremy Fleck    Anschutz        74
252                  Scott Thompson    Anschutz        73
253                     Paige Caley    Anschutz        73
254                   Tzu Lip Phang    Anschutz        71
255                 Samuel Burciaga    Anschutz        69
256                     Kiely James    Anschutz        68
257                     Megan Hupka    Anschutz        68
258                Raymond Pomponio    Anschutz        68
259                Karla Vela Lopez    Anschutz        68
260                 Benjamin Bearce    Anschutz        66
261                    Rachel Cohen    Anschutz        65
262                  Opeyemi Jegede    Anschutz        62
263                    Huaizhen Cai    Anschutz        61
264           Khosbayar Lkhagvadorj    Anschutz        60
265                       Laura Lim    Anschutz        56
266            Ana Fairbanks-Mahnke    Anschutz        55
267                 Arianne Crossen    Anschutz        53
268                Michael McMurray    Anschutz        52
269                   Cameron Manes    Anschutz        52
270              Victoria Hoelscher    Anschutz        51
271                   Angie Vazquez    Anschutz        50
272                  Courtney Cowan    Anschutz        46
273                      Karen Chau    Anschutz        45
274                     Helen Gomez    Anschutz        43
275                 Michael Harbell    Anschutz        42
276                     Sydney Hall    Anschutz        42
277                   Kristin Uhler    Anschutz        41
278                  Jessica Beynor    Anschutz        39
279                 Amanda Anderson    Anschutz        36
280              Mary Grace Carroll    Anschutz        32
281                   Nicole Hansen    Anschutz        29
282              Courtney Schiebout    Anschutz        27
283                   Maki Nakayama    Anschutz        27
284                    Xiaoyuan Liu    Anschutz        26
285                Carlos Goncalves    Anschutz        24
286                    Mariah Meyer    Anschutz        24
287                        Hao Yuan    Anschutz        21
288                  Elizabeth Nail    Anschutz        20
289                  Ashley Scadden    Anschutz        20
290                 Thomas Salvetti    Anschutz        19
291                    John Finigan    Anschutz        19
292                  Banabithi Bose    Anschutz        17
293                       Le Yiphyo    Anschutz        16
294                    Kayla Holder    Anschutz        14
295  Angela Sofia Burkhart Colorado    Anschutz        14
296                     Megan Kraus    Anschutz        14
297                 Cheyanne Durham    Anschutz        14
298                   McKenna Casey    Anschutz        12
299                Cameron Morrison    Anschutz        12
300                 Qierra Brockman    Anschutz        12
301                  Shivang Mistry    Anschutz        12
302                    Trevor Isner    Anschutz        12
303                   Kayla Johnson    Anschutz        12
304              Mansooreh Ahmadian    Anschutz        12
305                      Juan Pagan    Anschutz        12
306                   Aileen Button    Anschutz        12
307               Kristina Yamkovoy    Anschutz        11
308               William Patterson    Anschutz        11
309                 Jonathan Kurche    Anschutz        10
310     julian grandvalletcontreras    Anschutz        10
311                Natalie Davidson    Anschutz         8
312                    Yjuliana Tin    Anschutz         8
313                    Matthew Hill    Anschutz         7
314                   James DiLisio    Anschutz         6
315                        Ting Lou    Anschutz         5
316                 Alyssa Margolis    Anschutz         5
317                Uddeep Chaudhury    Anschutz         5
318               Nikhil Madhuripan    Anschutz         5
319                     Marina Good    Anschutz         5
320                Gabrielle Vragel    Anschutz         5
321                    Ananya Raghu    Anschutz         4
322                         Thao Vu    Anschutz         4
323                  Phillip Gilley    Anschutz         4
324                   Lauren Immink    Anschutz         3
325                  Crystal Musser    Anschutz         3
326                      Ling Thang    Anschutz         3
327                    Gidon Felsen    Anschutz         3
328                   Laurent Gapin    Anschutz         3
329                 Jessica Borgers    Anschutz         3
330                 Zachary Caterer    Anschutz         2
331                      Julie Raab    Anschutz         2
332                     Erik Collet    Anschutz         2
333                      Weishan Li    Anschutz         2
334                         Vy Tran    Anschutz         2
335                   Praveer Singh    Anschutz         2
336                    Elbay Aliyev    Anschutz         1
337                  Landon Buskirk    Anschutz         1
338                   Logan Barrios    Anschutz         1
339                     Lena Hansen    Anschutz         1
340                   Caitlin Lewis    Anschutz         1
341              Alexandria Dickson    Anschutz         1
342         Siddharth Krishnamurthy    Anschutz         1
343             Christopher Collora    Anschutz         1
344                   Lucia Guatney    Anschutz         1
345                  Dylan Sarbaugh    Anschutz         1
346                    Josh Hunkins    Anschutz         1
347                     Ralf Dagdag    Anschutz         1
348                  Molly McGuckin    Anschutz         1
349                Katherina Cortes    Anschutz         1
350                     Ann Strange    Anschutz         1
351                  David Westerly    Anschutz         1
352            Ishanu Chattopadhyay    Anschutz         1
353                     Jack Pattee    Anschutz         1
354                   Pranav Sristy    Anschutz         1
355                    John DeSisto    Anschutz         1
Traceback (most recent call last):
  File "/projects/mlippincott@xsede.org/SLURM-Cheat-Sheet/slurm_stats_check/scripts/slurm_stats.py", line 188, in <module>
    df.columns = new_columns
    ^^^^^^^^^^
  File "/projects/mlippincott@xsede.org/software/anaconda/envs/slurm_stats_env/lib/python3.12/site-packages/pandas/core/generic.py", line 6313, in __setattr__
    return object.__setattr__(self, name, value)
           ^^^^^^^^^^^^^^^^^^^^^^^^^^^^^^^^^^^^^
  File "properties.pyx", line 69, in pandas._libs.properties.AxisProperty.__set__
  File "/projects/mlippincott@xsede.org/software/anaconda/envs/slurm_stats_env/lib/python3.12/site-packages/pandas/core/generic.py", line 814, in _set_axis
    self._mgr.set_axis(axis, labels)
  File "/projects/mlippincott@xsede.org/software/anaconda/envs/slurm_stats_env/lib/python3.12/site-packages/pandas/core/internals/managers.py", line 238, in set_axis
    self._validate_set_axis(axis, new_labels)
  File "/projects/mlippincott@xsede.org/software/anaconda/envs/slurm_stats_env/lib/python3.12/site-packages/pandas/core/internals/base.py", line 98, in _validate_set_axis
    raise ValueError(
ValueError: Length mismatch: Expected axis has 0 elements, new values have 11 elements
slurmstepd: error: Detected 1 oom_kill event in StepId=16411555.batch. Some of the step tasks have been OOM Killed.
