no change     /curc/sw/anaconda3/2023.09/condabin/conda
no change     /curc/sw/anaconda3/2023.09/bin/conda
no change     /curc/sw/anaconda3/2023.09/bin/conda-env
no change     /curc/sw/anaconda3/2023.09/bin/activate
no change     /curc/sw/anaconda3/2023.09/bin/deactivate
no change     /curc/sw/anaconda3/2023.09/etc/profile.d/conda.sh
no change     /curc/sw/anaconda3/2023.09/etc/fish/conf.d/conda.fish
no change     /curc/sw/anaconda3/2023.09/shell/condabin/Conda.psm1
no change     /curc/sw/anaconda3/2023.09/shell/condabin/conda-hook.ps1
no change     /curc/sw/anaconda3/2023.09/lib/python3.11/site-packages/xontrib/conda.xsh
no change     /curc/sw/anaconda3/2023.09/etc/profile.d/conda.csh
modified      /home/mlippincott@xsede.org/.bashrc

==> For changes to take effect, close and re-open your current shell. <==

[NbConvertApp] Converting notebook notebooks/slurm_stats.ipynb to script
[NbConvertApp] Writing 6187 bytes to scripts/slurm_stats.py
[NbConvertApp] Converting notebook notebooks/slurm_stats_plotting.ipynb to script
[NbConvertApp] Writing 5772 bytes to scripts/slurm_stats_plotting.py
Top 500 users by usage for the last 10000 days
                        Proper Name Institution      Used
0                         Jun Inamo    Anschutz  10927756
1                      Jill Hoffman    Anschutz   2859793
2                 Christopher Clark    Anschutz   2551313
3                        Siyang Ren    Anschutz   1985622
4               Micahael Lippincott    Anschutz   1937756
5                 Alon Poleg-Polsky    Anschutz   1479304
6                        Josh Mejia    Anschutz   1438187
7                    Samantha White    Anschutz   1307265
8                       Graham Peet    Anschutz   1280404
9                   Jonathan Pitsch    Anschutz   1146436
10                             Sean    Anschutz   1106412
11                     Nick Rafaels    Anschutz   1087395
12                   Kewalin Samart    Anschutz    763463
13                   Aaron Beckwith    Anschutz    748799
14                     Scott Kinder    Anschutz    744074
15                       Junxia Lin    Anschutz    676858
16                  Shelby Andersen    Anschutz    667167
17                  Keenan Manpearl    Anschutz    586921
18                         Yue Wang    Anschutz    544422
19                     Shane Ridoux    Anschutz    509736
20                       Megan Duff    Anschutz    498853
21                 Ryan Porterfield    Anschutz    492999
22                      Nannan Wang    Anschutz    486690
23                   Esteban Lucero    Anschutz    477442
24                       Daniel Kao    Anschutz    449805
25                           Thomas    Anschutz    439205
26                     Jack Ustanik    Anschutz    436364
27                Jonathan Cardwell    Anschutz    380936
28                   Kendra Ferrier    Anschutz    372538
29                 Andrew Goodspeed    Anschutz    338887
30                   Abhirupa Ghosh    Anschutz    332273
31                    Adriana Ivich    Anschutz    293334
32                  Revanth Krishna    Anschutz    287632
33                     Souha Tifour    Anschutz    276009
34                 Christopher Hill    Anschutz    272441
35                   Matthew Fisher    Anschutz    263508
36                     Yunjing Hong    Anschutz    252231
37                    Austin Gillen    Anschutz    249649
38                   Maureen McHugo    Anschutz    237672
39                 Samantha Reynoso    Anschutz    228849
40                          Han Zhu    Anschutz    196798
41                     Alison Brack    Anschutz    196444
42                      Sarah Slack    Anschutz    193312
43                       Weishan Li    Anschutz    190269
44              Lauren Vanderlinden    Anschutz    187795
45                     Charmie Vang    Anschutz    155446
46                    John O'Connor    Anschutz    154763
47                       Connor Eck    Anschutz    150716
48                    Hitoshi Irabu    Anschutz    146922
49                 Gabriella Albert    Anschutz    126969
50                 Upasana Thakuria    Anschutz    124274
51                   Sierra Niemiec    Anschutz    124038
52              Sanjeev Janarthanan    Anschutz    115929
53                Laureline Logiaco    Anschutz    115857
54                      Arnav Gupta    Anschutz    111409
55                  Abbigayl Burtis    Anschutz    109917
56                     Evan Brenner    Anschutz    109906
57                          Kristen    Anschutz    105112
58                 Kentaro Yomogida    Anschutz    104534
59                    Kent Riemondy    Anschutz     93136
60                     Grace Akatsu    Anschutz     91290
61                    Sarah Mentzer    Anschutz     86427
62                      David Jones    Anschutz     85342
63                      Haoyu Zhang    Anschutz     77507
64                    Shaoming Xiao    Anschutz     71490
65                   Diego Restrepo    Anschutz     70585
66                  Vitaly Kheyfets    Anschutz     70511
67                          Etienne    Anschutz     65676
68                    Chuangqi Wang    Anschutz     62769
69   Santhanagopalan Krishnamoorthy    Anschutz     62500
70                Lucas Gillenwater    Anschutz     62094
71                    Kristen James    Anschutz     60749
72                     Vedant Vohra    Anschutz     60644
73                     Erin Baschal    Anschutz     60003
74                     Shirli Cohen    Anschutz     59351
75                Josephina Hendrix    Anschutz     56798
76                     Calvin Voong    Anschutz     55652
77           Meher Preethi Boorgula    Anschutz     55357
78                  Roman Schlimgen    Anschutz     55130
79                   Aiden Taghinia    Anschutz     54467
80                       Holly Vose    Anschutz     53691
81                       Jade Young    Anschutz     53463
82                   Luciana Vargas    Anschutz     53267
83                       Kiran Paul    Anschutz     53033
84                   Carson Wedding    Anschutz     46107
85                 Elizabeth Geiger    Anschutz     42949
86                  Jay Hesselberth    Anschutz     42218
87                  Iain Konigsberg    Anschutz     42044
88              Yoga Advaith Veturi    Anschutz     41757
89                     Tyler Gibson    Anschutz     41289
90                        Rose Doss    Anschutz     40975
91                  Emma Lathouwers    Anschutz     40941
92                     Megan Stumpf    Anschutz     40339
93                      Harry Smith    Anschutz     38478
94                     Yunus Ozekin    Anschutz     37528
95                         Xilin Su    Anschutz     34857
96    Sakaiza Rasolofomanana Rajery    Anschutz     34690
97                       Mike Orman    Anschutz     34314
98                   Tonya Brunetti    Anschutz     31151
99                     Parker Hicks    Anschutz     30805
100                     Joanna Chau    Anschutz     28516
101                   Madison Apgar    Anschutz     28123
102                  Jacklyn Ashmus    Anschutz     27888
103                    Aastha Kakar    Anschutz     27067
104           Sudhanshu Shrivastava    Anschutz     26420
105                    Elbay Aliyev    Anschutz     24206
106                   Nathaly Limon    Anschutz     23586
107              Christopher Schaaf    Anschutz     23309
108                      Jacob Krol    Anschutz     22868
109                       Alyx Gray    Anschutz     21973
110               Alexandra Unangst    Anschutz     20992
111           Fabio Simoes de Souza    Anschutz     19632
112              Kaylee Rosenberger    Anschutz     19025
113                     Ethan Wolfe    Anschutz     18898
114                       Kyle Ross    Anschutz     18748
115                      Xiying Fan    Anschutz     17909
116                    Jeffrey Inen    Anschutz     15349
117                 Milton Pividori    Anschutz     15142
118                 Sarah Danielson    Anschutz     14872
119                 Jonathan Shortt    Anschutz     14423
120             Akshay Kumar Avvaru    Anschutz     14296
121                     Korey Wylie    Anschutz     14187
122                      Ava Warren    Anschutz     14016
123                       Nanxi Guo    Anschutz     13798
124                       Eric Katz    Anschutz     13760
125                Katerina Terwelp    Anschutz     12638
126                   Monica Ransom    Anschutz     11897
127                   Suraju Sadeeq    Anschutz     11819
128                  Jessica Nelson    Anschutz     10771
129              Christian Anderson    Anschutz     10705
130                       Sizhao Lu    Anschutz     10619
131           Khosbayar Lkhagvadorj    Anschutz     10604
132                    Alya Hussain    Anschutz     10604
133                   Matthew Juber    Anschutz     10472
134                   Cameron Lowry    Anschutz      9793
135                  Jared Williams    Anschutz      9251
136                      Elena Wall    Anschutz      9015
137                  Elliott Brooks    Anschutz      8034
138                        Tian Liu    Anschutz      7938
139                 Michael Ntrakwa    Anschutz      7937
140             Sarah Albers Fester    Anschutz      7727
141                      Yifan Zhao    Anschutz      7289
142                      Sara Wirth    Anschutz      7212
143                        Thu Doan    Anschutz      6942
144              Pranav Padmanabhan    Anschutz      6731
145                         Michael    Anschutz      6483
146             Juan Vargas Alvarez    Anschutz      6430
147                     Kevin Fotso    Anschutz      6197
148                 Harriet Dashnow    Anschutz      6164
149        Lakshmi Venkata Karuturi    Anschutz      5843
150                  Joseph Benthal    Anschutz      5795
151                Stephanie Gipson    Anschutz      5677
152                      Yichi Chen    Anschutz      5623
153                     Alex Romero    Anschutz      5600
154                  Amber Nashobaq    Anschutz      5496
155                       MJ Foster    Anschutz      5291
156             Christopher Mancuso    Anschutz      5035
157                     Shujian Lin    Anschutz      4914
158                 Rawan Elshobaky    Anschutz      4851
159                         Thao Vu    Anschutz      4736
160                   Anna Dischler    Anschutz      4540
161                  Sana Paktinyar    Anschutz      4480
162                    Maria Hansen    Anschutz      4471
163                     Jace Aloway    Anschutz      4431
164                    Brennan Chan    Anschutz      4261
165                    Jordan Okada    Anschutz      4038
166                  Matthew Osmond    Anschutz      3823
167                    Noah Johnson    Anschutz      3796
168                    Yaseer Sabir    Anschutz      3589
169                 Nikita Pozdeyev    Anschutz      3463
170               Samuel Greenfield    Anschutz      3426
171                 Alexandra Lucas    Anschutz      2933
172                        Meng Lin    Anschutz      2914
173                 Jenna Tomkinson    Anschutz      2820
174               Nathaniel Alzofon    Anschutz      2769
175                      Ziwei Tian    Anschutz      2645
176             William Baumgartner    Anschutz      2407
177                 Alexander McKim    Anschutz      2290
178                 Grace Rodenberg    Anschutz      2181
179             Jessica Prendergast    Anschutz      2090
180                   Nathan Witmer    Anschutz      1979
181                   Valerie Olsen    Anschutz      1959
182               Benjamin Erickson    Anschutz      1937
183                        Qihua Ye    Anschutz      1927
184            Susana Lopez-Ignacio    Anschutz      1892
185                 Maclean Sherren    Anschutz      1892
186                 Raymond Lesiyon    Anschutz      1866
187                    Kayla Medina    Anschutz      1760
188               Alexzanah Griffin    Anschutz      1681
189                    Lily Feldman    Anschutz      1680
190                  Winston Hibler    Anschutz      1630
191                  Alexis Assante    Anschutz      1604
192                      Alex Camai    Anschutz      1596
193                   Zoe Bedrosian    Anschutz      1588
194                   Maizy Brasher    Anschutz      1528
195               Stephanie Crowley    Anschutz      1514
196                    Lena Cedrone    Anschutz      1513
197                       Yujie Guo    Anschutz      1508
198                    Tushar Ghosh    Anschutz      1445
199                    Tamim Shaikh    Anschutz      1443
200                      Angela Ohm    Anschutz      1431
201                    Moomal Jatoi    Anschutz      1422
202                   Emma Trujillo    Anschutz      1416
203                   Emily Ekstrum    Anschutz      1399
204                Nicole Pihlstrom    Anschutz      1335
205                     Tada Vargas    Anschutz      1275
206                  Emily DeCurtis    Anschutz      1119
207                Maggie Stanislaw    Anschutz      1087
208                   David Farrell    Anschutz      1087
209                    Sutanu Nandi    Anschutz      1023
210                     Anne Gumina    Anschutz       985
211                     Alden Paine    Anschutz       893
212               Karen Rossmassler    Anschutz       818
213                   Rahul Thadani    Anschutz       802
214                      Ilin Joshi    Anschutz       773
215              James Scott-Browne    Anschutz       751
216                   Minami Matsuo    Anschutz       688
217                  Charlie Repaci    Anschutz       645
218                    Katie Marker    Anschutz       631
219                    Emily Mastej    Anschutz       614
220               Nicole Costantino    Anschutz       588
221                    Negar Janani    Anschutz       587
222                Johannes Strauss    Anschutz       580
223                  Abigail Cozart    Anschutz       573
224                     Joanne Cole    Anschutz       552
225                      Edward Lau    Anschutz       544
226                     Tessa Allen    Anschutz       541
227                 Annalise Sturno    Anschutz       510
228                  Elizabeth Wynn    Anschutz       510
229                   Sarah Zweifel    Anschutz       476
230                    David Bunten    Anschutz       473
231                Shalom Gutierrez    Anschutz       422
232                  Kirk Hohsfield    Anschutz       421
233                   Maki Nakayama    Anschutz       412
234             Sreerag Venugopalan    Anschutz       409
235                   Marc DAntonio    Anschutz       409
236                   Kritika Verma    Anschutz       404
237              Faisal Alquaddoomi    Anschutz       384
238                Sierra Simmerman    Anschutz       369
239                 Stephanie DeVoe    Anschutz       355
240                      Broc Burke    Anschutz       349
241                  Keegan Carroll    Anschutz       348
242                    Sourav Kumar    Anschutz       345
243           Jessica Olivas-Corral    Anschutz       315
244                      Nyjah Munn    Anschutz       309
245                   Shaunak Kapur    Anschutz       307
246          Sai Eashan Vankamamidi    Anschutz       294
247                    Isabelle Hua    Anschutz       290
248                  Banabithi Bose    Anschutz       280
249                   Ellen Bamberg    Anschutz       277
250               Aishwarya Mandava    Anschutz       272
251                       Fan Zhang    Anschutz       271
252                     Jessica Lee    Anschutz       271
253                 Shruti Raghavan    Anschutz       270
254                      Yvonne Cui    Anschutz       266
255                   Michael Knitz    Anschutz       266
256                   Honey Hendesi    Anschutz       255
257                  Samantha Sills    Anschutz       246
258                   Katelyn Baker    Anschutz       238
259                   Keshav Vembar    Anschutz       230
260                 Davyd Sadovskyy    Anschutz       230
261                     Emily Boyer    Anschutz       218
262            Madison Cho-Richmond    Anschutz       200
263              Eric Januszkiewicz    Anschutz       188
264                  Landon Buskirk    Anschutz       185
265                    Asha Masoudi    Anschutz       169
266                     Usman Hyder    Anschutz       165
267                  Morgan MacBeth    Anschutz       161
268                Brandon Hilliard    Anschutz       161
269             Natasha Shrivastava    Anschutz       160
270                   Erika Desonie    Anschutz       159
271                     Megan Hupka    Anschutz       156
272                       Qian Fang    Anschutz       156
273                Mohammad Mansoor    Anschutz       153
274                    Joshua Lingo    Anschutz       149
275                 Hadeel Khammash    Anschutz       147
276                Jonathan Teetsel    Anschutz       140
277                     Xiuqing Wei    Anschutz       134
278                   Sarah Stenske    Anschutz       127
279                Roselyn Fierkens    Anschutz       124
280                    Anisha Raghu    Anschutz       121
281                 Cameron Mattson    Anschutz       113
282                Michael McMurray    Anschutz       111
283                  Brittany Gomez    Anschutz       111
284                    Sophie Hicks    Anschutz       110
285                Anjelica Miranda    Anschutz       107
286                Anna-Sophia Leon    Anschutz       104
287                       Ted Shade    Anschutz        98
288                Benjamin Willett    Anschutz        93
289                    Kaili Curtis    Anschutz        91
290                     Isaac Vigil    Anschutz        89
291              Yuliana Romo-Perez    Anschutz        87
292                     Paige Caley    Anschutz        85
293                  Cheng-Chang Wu    Anschutz        81
294               Clarissa Estrella    Anschutz        80
295               Vanessa Langarica    Anschutz        77
296                   Joshua Kirsch    Anschutz        77
297             Tomas Ghebreslassie    Anschutz        76
298                        Ying Jin    Anschutz        75
299                    Jeremy Fleck    Anschutz        74
300                  Scott Thompson    Anschutz        73
301                   Jasalyn Avila    Anschutz        72
302                  Nicole Messner    Anschutz        72
303                   Tzu Lip Phang    Anschutz        71
304                 Samuel Burciaga    Anschutz        69
305                     Kiely James    Anschutz        68
306                Karla Vela Lopez    Anschutz        68
307                Raymond Pomponio    Anschutz        68
308                 Benjamin Bearce    Anschutz        66
309                     Luke Hanson    Anschutz        66
310                 Thomas Carrillo    Anschutz        66
311                    Rachel Cohen    Anschutz        65
312                 Ashley Thompson    Anschutz        64
313                 Gabriel Medrano    Anschutz        63
314                     Erik Collet    Anschutz        62
315                    Huaizhen Cai    Anschutz        62
316               Kristina Yamkovoy    Anschutz        62
317                  Opeyemi Jegede    Anschutz        62
318                     Laura Islas    Anschutz        61
319                       Sam Fulte    Anschutz        59
320           David Beltran-Cardona    Anschutz        58
321                     Yuzhu Cheng    Anschutz        57
322                       Laura Lim    Anschutz        56
323            Ana Fairbanks-Mahnke    Anschutz        55
324               Kayla Fairweather    Anschutz        54
325                      Adam Quach    Anschutz        54
326                 Arianne Crossen    Anschutz        53
327                   Cameron Manes    Anschutz        52
328              Victoria Hoelscher    Anschutz        51
329                   Angie Vazquez    Anschutz        50
330                  Lily Mussallem    Anschutz        49
331                  Courtney Cowan    Anschutz        46
332                   Kristin Uhler    Anschutz        45
333                      Karen Chau    Anschutz        45
334                     Helen Gomez    Anschutz        43
335                  Lauren Atencio    Anschutz        42
336                     Sydney Hall    Anschutz        42
337                 Michael Harbell    Anschutz        42
338                  Roxanne McPeck    Anschutz        40
339                  Jessica Beynor    Anschutz        39
340                     Sofia Celli    Anschutz        39
341               Matthew Mondragon    Anschutz        39
342                   Evelyn Ibarra    Anschutz        36
343                 Amanda Anderson    Anschutz        36
344                 Yoshiki Sakurai    Anschutz        35
345                   Jessica Smith    Anschutz        35
346              Mary Grace Carroll    Anschutz        32
347                   Nicole Hansen    Anschutz        29
348              Courtney Schiebout    Anschutz        27
349                    Xiaoyuan Liu    Anschutz        26
350                    Mariah Meyer    Anschutz        24
351                Carlos Goncalves    Anschutz        24
352                        Hao Yuan    Anschutz        21
353                  Ashley Scadden    Anschutz        20
354                  Elizabeth Nail    Anschutz        20
355                 Thomas Salvetti    Anschutz        19
356                    John Finigan    Anschutz        19
357                       Le Yiphyo    Anschutz        16
358                   Kaitlyn Walsh    Anschutz        16
359           Navin Kumar Balagopal    Anschutz        16
360               William Patterson    Anschutz        15
361                    Kayla Holder    Anschutz        14
362                     Megan Kraus    Anschutz        14
363  Angela Sofia Burkhart Colorado    Anschutz        14
364                 Cheyanne Durham    Anschutz        14
365                Uddeep Chaudhury    Anschutz        13
366                    Trevor Isner    Anschutz        12
367                   Kayla Johnson    Anschutz        12
368                    Teresa Smith    Anschutz        12
369                  Shivang Mistry    Anschutz        12
370                Cameron Morrison    Anschutz        12
371              Mansooreh Ahmadian    Anschutz        12
372                      Juan Pagan    Anschutz        12
373                      Ian Purvis    Anschutz        12
374                   McKenna Casey    Anschutz        12
375                 Qierra Brockman    Anschutz        12
376                 Emily gregersen    Anschutz        12
377                   Aileen Button    Anschutz        12
378                 Jonathan Kurche    Anschutz        10
379     julian grandvalletcontreras    Anschutz        10
380                Natalie Davidson    Anschutz         8
381                    Yjuliana Tin    Anschutz         8
382                    Matthew Hill    Anschutz         7
383                   James DiLisio    Anschutz         6
384                     Lauren Kerr    Anschutz         6
385                 Alyssa Margolis    Anschutz         5
386                     Marina Good    Anschutz         5
387                        Ting Lou    Anschutz         5
388                Gabrielle Vragel    Anschutz         5
389               Nikhil Madhuripan    Anschutz         5
390                  Phillip Gilley    Anschutz         4
391                    Ananya Raghu    Anschutz         4
392                   Lauren Immink    Anschutz         3
393                      Ahmet Eken    Anschutz         3
394                      Ling Thang    Anschutz         3
395                 Jessica Borgers    Anschutz         3
396                     Jared Rieck    Anschutz         3
397                   Laurent Gapin    Anschutz         3
398                    Gidon Felsen    Anschutz         3
399                  Crystal Musser    Anschutz         3
400                         Vy Tran    Anschutz         2
401                 Zachary Caterer    Anschutz         2
402                   Praveer Singh    Anschutz         2
403                   Galen Squiers    Anschutz         2
404                 Rebecca ORourke    Anschutz         2
405                   Kyle Sullivan    Anschutz         2
406                      Julie Raab    Anschutz         2
407                   Shiomi Junker    Anschutz         2
408              Alexandria Dickson    Anschutz         1
409                   Ali Abrowshan    Anschutz         1
410                       Yanyan Xu    Anschutz         1
411                     Ann Strange    Anschutz         1
412                     Jack Pattee    Anschutz         1
413         Siddharth Krishnamurthy    Anschutz         1
414                  Molly McGuckin    Anschutz         1
415                   Caitlin Lewis    Anschutz         1
416             Christopher Collora    Anschutz         1
417                     Ralf Dagdag    Anschutz         1
418                   Pranav Sristy    Anschutz         1
419                  David Westerly    Anschutz         1
420                  Dylan Sarbaugh    Anschutz         1
421                   Logan Barrios    Anschutz         1
422                Katherina Cortes    Anschutz         1
423                    Josh Hunkins    Anschutz         1
424                   Lucia Guatney    Anschutz         1
425            Ishanu Chattopadhyay    Anschutz         1
426                    John DeSisto    Anschutz         1
427                     Lena Hansen    Anschutz         1
428               Clay Griffin-Derr    Anschutz         1
Compute and wait time for mlippincott@xsede.org by partition for the last 10000 days
            hours_computed      wait  wait_ratio
partition                                       
aa100          3631.735278  167557.0   46.136898
acompile         97.674444       0.0    0.000000
al40              6.536111     657.0  100.518487
amem          11456.211667  160462.0   14.006550
ami100            0.191944       0.0    0.000000
amilan       216267.842500  126064.0    0.582907
amilan128c        3.502778       0.0    0.000000
atesting          0.055000       0.0    0.000000
atesting_+        6.298056       0.0    0.000000
mlippincott@xsede.org has waited a total of 51.91 years in queue in the last 10000 days
mlippincott@xsede.org has used a total of 26.42 years of compute time in the last 10000 days
mlippincott@xsede.org has used a total of 1937756 SUs in the last 10000 days for a total of 221.21 years if 1 SU = 1 hour of compute time
