Lmod has detected the following error: The following module(s) are unknown:
"mambaforge"

Please check the spelling or version number. Also try "module spider ..."
It is also possible your cache file is out-of-date; it may help to try:
  $ module --ignore-cache load "mambaforge"

Also make sure that all modulefiles written in TCL start with the string
#%Module



no change     /curc/sw/anaconda3/2023.09/condabin/conda
no change     /curc/sw/anaconda3/2023.09/bin/conda
no change     /curc/sw/anaconda3/2023.09/bin/conda-env
no change     /curc/sw/anaconda3/2023.09/bin/activate
no change     /curc/sw/anaconda3/2023.09/bin/deactivate
no change     /curc/sw/anaconda3/2023.09/etc/profile.d/conda.sh
no change     /curc/sw/anaconda3/2023.09/etc/fish/conf.d/conda.fish
no change     /curc/sw/anaconda3/2023.09/shell/condabin/Conda.psm1
no change     /curc/sw/anaconda3/2023.09/shell/condabin/conda-hook.ps1
no change     /curc/sw/anaconda3/2023.09/lib/python3.11/site-packages/xontrib/conda.xsh
no change     /curc/sw/anaconda3/2023.09/etc/profile.d/conda.csh
modified      /home/mlippincott@xsede.org/.bashrc

==> For changes to take effect, close and re-open your current shell. <==

[NbConvertApp] Converting notebook notebooks/slurm_stats.ipynb to script
[NbConvertApp] Writing 6479 bytes to scripts/slurm_stats.py
Top 100 users by usage for the last 900 days
                       Login             Proper Name Institution      Used
0           jinamo@xsede.org               Jun Inamo    Anschutz  10872550
1           cclark@xsede.org       Christopher Clark    Anschutz   1376545
2        jonpitsch@xsede.org         Jonathan Pitsch    Anschutz   1062909
3          jmejia1@xsede.org              Josh Mejia    Anschutz   1056856
4      mlippincott@xsede.org     Micahael Lippincott    Anschutz    991613
5          skinder@xsede.org            Scott Kinder    Anschutz    744074
6             sren@xsede.org              Siyang Ren    Anschutz    627700
7          ywang12@xsede.org                Yue Wang    Anschutz    529807
8            mduff@xsede.org              Megan Duff    Anschutz    498853
9          elucero@xsede.org          Esteban Lucero    Anschutz    473548
10       sandersen@xsede.org         Shelby Andersen    Anschutz    462149
11              thda0001_amc                  Thomas    Anschutz    404774
12       jcardwell@xsede.org       Jonathan Cardwell    Anschutz    379666
13      grahampeet@xsede.org             Graham Peet    Anschutz    331270
14       abeckwith@xsede.org          Aaron Beckwith    Anschutz    288523
15         swhite3@xsede.org          Samantha White    Anschutz    286198
16         stifour@xsede.org            Souha Tifour    Anschutz    276008
17         mfisher@xsede.org          Matthew Fisher    Anschutz    263508
18         mmchugo@xsede.org          Maureen McHugo    Anschutz    237327
19           aeg22@xsede.org        Andrew Goodspeed    Anschutz    232892
20       jhoffman2@xsede.org            Jill Hoffman    Anschutz    215719
21          aivich@xsede.org           Adriana Ivich    Anschutz    215178
22         ksamart@xsede.org          Kewalin Samart    Anschutz    201903
23        nrafaels@xsede.org            Nick Rafaels    Anschutz    196518
24          abrack@xsede.org            Alison Brack    Anschutz    196444
25          sslack@xsede.org             Sarah Slack    Anschutz    164432
26         agillen@xsede.org           Austin Gillen    Anschutz    149981
27        sreynoso@xsede.org        Samantha Reynoso    Anschutz    132065
28         galbert@xsede.org        Gabriella Albert    Anschutz    126969
29       uthakuria@xsede.org        Upasana Thakuria    Anschutz    124274
30        sniemiec@xsede.org          Sierra Niemiec    Anschutz    124038
31         sridoux@xsede.org            Shane Ridoux    Anschutz    121573
32         aburtis@xsede.org         Abbigayl Burtis    Anschutz     98215
33         aghosh5@xsede.org          Abhirupa Ghosh    Anschutz     97164
34       rkrishna1@xsede.org         Revanth Krishna    Anschutz     96433
35       kriemondy@xsede.org           Kent Riemondy    Anschutz     93136
36       ebrenner1@xsede.org            Evan Brenner    Anschutz     89179
37        agupta06@xsede.org             Arnav Gupta    Anschutz     78954
38              krwe0001_amc                 Kristen    Anschutz     75044
39   lvanderlinden@xsede.org     Lauren Vanderlinden    Anschutz     66946
40       kyomogida@xsede.org        Kentaro Yomogida    Anschutz     66370
41            ceck@xsede.org              Connor Eck    Anschutz     66203
42       mboorgula@xsede.org  Meher Preethi Boorgula    Anschutz     55357
43        chuangqi@xsede.org           Chuangqi Wang    Anschutz     54632
44         scohen1@xsede.org            Shirli Cohen    Anschutz     54136
45         jyoung1@xsede.org              Jade Young    Anschutz     52574
46        joconnor@xsede.org           John O'Connor    Anschutz     52027
47           cvang@xsede.org            Charmie Vang    Anschutz     45789
48    lgillenwater@xsede.org       Lucas Gillenwater    Anschutz     43460
49         egeiger@xsede.org        Elizabeth Geiger    Anschutz     42949
50         yveturi@xsede.org     Yoga Advaith Veturi    Anschutz     41757
51          chill1@xsede.org        Christopher Hill    Anschutz     41498
52     ikonigsberg@xsede.org         Iain Konigsberg    Anschutz     40724
53         mstumpf@xsede.org            Megan Stumpf    Anschutz     40250
54          hzhu10@xsede.org                 Han Zhu    Anschutz     38730
55         yozekin@xsede.org            Yunus Ozekin    Anschutz     36855
56           rdoss@xsede.org               Rose Doss    Anschutz     33624
57         hsmith1@xsede.org             Harry Smith    Anschutz     32414
58        kheyfetv@xsede.org         Vitaly Kheyfets    Anschutz     29119
59           jchau@xsede.org             Joanna Chau    Anschutz     28516
60             xsu@xsede.org                Xilin Su    Anschutz     28200
61              etda0001_amc                 Etienne    Anschutz     27712
62          morman@xsede.org              Mike Orman    Anschutz     26780
63      kvinodpaul@xsede.org              Kiran Paul    Anschutz     26662
64              seda0001_amc                    Sean    Anschutz     24070
65        jhendrix@xsede.org       Josephina Hendrix    Anschutz     23069
66           jkrol@xsede.org              Jacob Krol    Anschutz     22868
67  ldebritovargas@xsede.org          Luciana Vargas    Anschutz     20797
68         djones1@xsede.org             David Jones    Anschutz     20324
69         cschaaf@xsede.org      Christopher Schaaf    Anschutz     19315
70         ewolfe1@xsede.org             Ethan Wolfe    Anschutz     18562
71           jinen@xsede.org            Jeffrey Inen    Anschutz     15349
72           agray@xsede.org               Alyx Gray    Anschutz     15332
73       mpividori@xsede.org         Milton Pividori    Anschutz     15141
74      sdanielson@xsede.org         Sarah Danielson    Anschutz     14831
75            dkao@xsede.org              Daniel Kao    Anschutz     14743
76        awarren1@xsede.org              Ava Warren    Anschutz     14016
77  fsimoesdesouza@xsede.org   Fabio Simoes de Souza    Anschutz     13048
78       drestrepo@xsede.org          Diego Restrepo    Anschutz     12791
79          kwylie@xsede.org             Korey Wylie    Anschutz     12574
80         ransomm@xsede.org           Monica Ransom    Anschutz     11892
81    krosenberger@xsede.org      Kaylee Rosenberger    Anschutz     10910
82        tgibson2@xsede.org            Tyler Gibson    Anschutz     10251
83  nlimondelarosa@xsede.org           Nathaly Limon    Anschutz      9978
84        nanxiguo@xsede.org               Nanxi Guo    Anschutz      9557
85          kjames@xsede.org           Kristen James    Anschutz      9349
86        ebrooks1@xsede.org          Elliott Brooks    Anschutz      8032
87        mntrakwa@xsede.org         Michael Ntrakwa    Anschutz      7937
88   salbersfester@xsede.org     Sarah Albers Fester    Anschutz      7574
89        jnelson1@xsede.org          Jessica Nelson    Anschutz      7432
90        resol341@xsede.org               Sizhao Lu    Anschutz      7160
91        ebaschal@xsede.org            Erin Baschal    Anschutz      6263
92       ahussain1@xsede.org            Alya Hussain    Anschutz      6140
93         aromero@xsede.org             Alex Romero    Anschutz      5600
94        anashoba@xsede.org          Amber Nashobaq    Anschutz      5496
95           ewall@xsede.org              Elena Wall    Anschutz      5082
96        kterwelp@xsede.org        Katerina Terwelp    Anschutz      5057
97    ppadmanabhan@xsede.org      Pranav Padmanabhan    Anschutz      5047
98        cmancuso@xsede.org     Christopher Mancuso    Anschutz      5027
99           xfan1@xsede.org              Xiying Fan    Anschutz      5006
Compute and wait time for mlippincott@xsede.org by partition for the last 900 days
            hours_computed      wait  wait_ratio
partition                                       
aa100           363.560000    1926.0    5.297612
acompile         73.715000       0.0    0.000000
al40              0.544722      28.0   51.402346
amem          11264.851667  160457.0   14.244040
ami100            0.191944       0.0    0.000000
amilan       144334.250556   39988.0    0.277051
atesting          0.055000       0.0    0.000000
atesting_+        2.331389       0.0    0.000000
mlippincott@xsede.org has waited a total of 23.1 years in queue in the last 900 days
mlippincott@xsede.org has used a total of 17.81 years of compute time in the last 900 days
mlippincott@xsede.org has used a total of 991613 SUs in the last 900 days for a total of 17.81 years
