no change     /curc/sw/anaconda3/2023.09/condabin/conda
no change     /curc/sw/anaconda3/2023.09/bin/conda
no change     /curc/sw/anaconda3/2023.09/bin/conda-env
no change     /curc/sw/anaconda3/2023.09/bin/activate
no change     /curc/sw/anaconda3/2023.09/bin/deactivate
no change     /curc/sw/anaconda3/2023.09/etc/profile.d/conda.sh
no change     /curc/sw/anaconda3/2023.09/etc/fish/conf.d/conda.fish
no change     /curc/sw/anaconda3/2023.09/shell/condabin/Conda.psm1
no change     /curc/sw/anaconda3/2023.09/shell/condabin/conda-hook.ps1
no change     /curc/sw/anaconda3/2023.09/lib/python3.11/site-packages/xontrib/conda.xsh
no change     /curc/sw/anaconda3/2023.09/etc/profile.d/conda.csh
no change     /home/mlippincott@xsede.org/.bashrc
No action taken.
[NbConvertApp] Converting notebook notebooks/slurm_stats.ipynb to script
[NbConvertApp] Writing 2997 bytes to scripts/slurm_stats.py
Top 50 users by usage for the last 30 days
                       Login            Proper Name    Used
1           jinamo@xsede.org              Jun Inamo  220818
2          aghosh5@xsede.org         Abhirupa Ghosh   39561
3          ksamart@xsede.org         Kewalin Samart   39458
4      mlippincott@xsede.org    Micahael Lippincott   33583
5          jmejia1@xsede.org             Josh Mejia   26064
6          swhite3@xsede.org         Samantha White   18721
7           aivich@xsede.org          Adriana Ivich   16300
8          ewolfe1@xsede.org            Ethan Wolfe   15502
9             sren@xsede.org             Siyang Ren   12873
10          cclark@xsede.org      Christopher Clark   12148
11            ceck@xsede.org             Connor Eck   11732
12       jonpitsch@xsede.org        Jonathan Pitsch    9377
13       uthakuria@xsede.org       Upasana Thakuria    9272
14        tdanhorn@xsede.org         Thomas Danhorm    9195
15        joconnor@xsede.org          John O'Connor    8561
16         agillen@xsede.org          Austin Gillen    8527
17        mntrakwa@xsede.org        Michael Ntrakwa    7937
18           jinen@xsede.org           Jeffrey Inen    6674
19       ebrenner1@xsede.org           Evan Brenner    6560
20         cschaaf@xsede.org     Christopher Schaaf    6233
21          abrack@xsede.org           Alison Brack    6033
22   kwellswrasman@xsede.org          Kristen Wells    5748
23      kvinodpaul@xsede.org             Kiran Paul    5544
24          morman@xsede.org             Mike Orman    5408
25         galbert@xsede.org       Gabriella Albert    4273
26       njohnson2@xsede.org           Noah Johnson    3619
27    etiennedanis@xsede.org          Etienne Danis    2970
28          sslack@xsede.org            Sarah Slack    2807
29           aeg22@xsede.org       Andrew Goodspeed    2739
30        jhendrix@xsede.org      Josephina Hendrix    2571
31           tliu4@xsede.org               Tian Liu    2384
32  fsimoesdesouza@xsede.org  Fabio Simoes de Souza    2238
33        agupta06@xsede.org            Arnav Gupta    2060
34   lvanderlinden@xsede.org    Lauren Vanderlinden    1622
35           xfan1@xsede.org             Xiying Fan    1330
36      grahampeet@xsede.org            Graham Peet    1037
37             xsu@xsede.org               Xilin Su     918
38       rkrishna1@xsede.org        Revanth Krishna     819
39         mmchugo@xsede.org         Maureen McHugo     796
40         mfisher@xsede.org         Matthew Fisher     690
41       sandersen@xsede.org        Shelby Andersen     669
42         mmatsuo@xsede.org          Minami Matsuo     656
43      zbedrosian@xsede.org          Zoe Bedrosian     577
44          tdoan1@xsede.org               Thu Doan     574
45         skinder@xsede.org           Scott Kinder     553
46        ebrooks1@xsede.org         Elliott Brooks     512
47          chill1@xsede.org       Christopher Hill     491
48          kjames@xsede.org          Kristen James     481
49     ncostantino@xsede.org      Nicole Costantino     459
50       mdantonio@xsede.org          Marc DAntonio     409
mlippincott@xsede.org has waited a total of 1322.0 hours in queue in the last 30 days
Job counts by partition for the last 30 days
partition
amilan      119862
aa100           87
atesting        20
acompile        12
ami100           1
Name: count, dtype: int64
