no change     /curc/sw/anaconda3/2023.09/condabin/conda
no change     /curc/sw/anaconda3/2023.09/bin/conda
no change     /curc/sw/anaconda3/2023.09/bin/conda-env
no change     /curc/sw/anaconda3/2023.09/bin/activate
no change     /curc/sw/anaconda3/2023.09/bin/deactivate
no change     /curc/sw/anaconda3/2023.09/etc/profile.d/conda.sh
no change     /curc/sw/anaconda3/2023.09/etc/fish/conf.d/conda.fish
no change     /curc/sw/anaconda3/2023.09/shell/condabin/Conda.psm1
no change     /curc/sw/anaconda3/2023.09/shell/condabin/conda-hook.ps1
no change     /curc/sw/anaconda3/2023.09/lib/python3.11/site-packages/xontrib/conda.xsh
no change     /curc/sw/anaconda3/2023.09/etc/profile.d/conda.csh
no change     /home/mlippincott@xsede.org/.bashrc
No action taken.
[NbConvertApp] Converting notebook notebooks/slurm_stats.ipynb to script
[NbConvertApp] Writing 6187 bytes to scripts/slurm_stats.py
[NbConvertApp] Converting notebook notebooks/slurm_stats_plotting.ipynb to script
[NbConvertApp] Writing 5772 bytes to scripts/slurm_stats_plotting.py
Top 500 users by usage for the last 10000 days
                        Proper Name Institution      Used
0                         Jun Inamo    Anschutz  10927460
1                      Jill Hoffman    Anschutz   1534114
2                 Christopher Clark    Anschutz   1505150
3               Micahael Lippincott    Anschutz   1250885
4                        Josh Mejia    Anschutz   1197988
5                        Siyang Ren    Anschutz   1187766
6                   Jonathan Pitsch    Anschutz   1146436
7                 Alon Poleg-Polsky    Anschutz   1099065
8                    Samantha White    Anschutz   1028855
9                       Graham Peet    Anschutz    962085
10                   Aaron Beckwith    Anschutz    748799
11                     Scott Kinder    Anschutz    744074
12                     Nick Rafaels    Anschutz    657254
13                             Sean    Anschutz    569981
14                         Yue Wang    Anschutz    540048
15                     Shane Ridoux    Anschutz    509736
16                       Megan Duff    Anschutz    498853
17                   Esteban Lucero    Anschutz    477238
18                  Shelby Andersen    Anschutz    462149
19                       Daniel Kao    Anschutz    446914
20                           Thomas    Anschutz    421358
21                       Junxia Lin    Anschutz    392717
22                Jonathan Cardwell    Anschutz    380936
23                   Kendra Ferrier    Anschutz    372504
24                 Andrew Goodspeed    Anschutz    315712
25                   Abhirupa Ghosh    Anschutz    309490
26                    Adriana Ivich    Anschutz    278611
27                      Nannan Wang    Anschutz    276757
28                     Souha Tifour    Anschutz    276009
29                   Matthew Fisher    Anschutz    263508
30                   Kewalin Samart    Anschutz    263015
31                   Maureen McHugo    Anschutz    237672
32                     Alison Brack    Anschutz    196444
33                      Sarah Slack    Anschutz    189819
34                  Revanth Krishna    Anschutz    179158
35              Lauren Vanderlinden    Anschutz    171372
36                 Samantha Reynoso    Anschutz    167935
37                    Austin Gillen    Anschutz    164676
38                    John O'Connor    Anschutz    145492
39                     Charmie Vang    Anschutz    143546
40                 Christopher Hill    Anschutz    130472
41                 Gabriella Albert    Anschutz    126969
42                 Upasana Thakuria    Anschutz    124274
43                   Sierra Niemiec    Anschutz    124038
44                      Arnav Gupta    Anschutz    105239
45                 Kentaro Yomogida    Anschutz    104391
46                       Connor Eck    Anschutz    103751
47                     Evan Brenner    Anschutz    103057
48                  Abbigayl Burtis    Anschutz    102071
49                          Kristen    Anschutz    100711
50                 Ryan Porterfield    Anschutz     95446
51                    Kent Riemondy    Anschutz     93136
52                      David Jones    Anschutz     85342
53                      Haoyu Zhang    Anschutz     75052
54                          Han Zhu    Anschutz     72438
55                   Diego Restrepo    Anschutz     70585
56                  Vitaly Kheyfets    Anschutz     70508
57   Santhanagopalan Krishnamoorthy    Anschutz     62500
58                     Vedant Vohra    Anschutz     60644
59           Meher Preethi Boorgula    Anschutz     55357
60                    Chuangqi Wang    Anschutz     54632
61                     Shirli Cohen    Anschutz     54140
62                       Jade Young    Anschutz     53458
63                       Kiran Paul    Anschutz     53023
64                          Etienne    Anschutz     49578
65                       Holly Vose    Anschutz     49502
66                Lucas Gillenwater    Anschutz     49379
67                    Sarah Mentzer    Anschutz     49104
68                   Carson Wedding    Anschutz     46103
69                    Hitoshi Irabu    Anschutz     45194
70                 Elizabeth Geiger    Anschutz     42949
71              Yoga Advaith Veturi    Anschutz     41757
72                  Iain Konigsberg    Anschutz     41269
73                   Luciana Vargas    Anschutz     40428
74                     Megan Stumpf    Anschutz     40297
75                     Tyler Gibson    Anschutz     38693
76                      Harry Smith    Anschutz     38123
77                     Yunus Ozekin    Anschutz     36855
78                        Rose Doss    Anschutz     33624
79    Sakaiza Rasolofomanana Rajery    Anschutz     32335
80                Josephina Hendrix    Anschutz     31803
81                  Emma Lathouwers    Anschutz     30869
82                         Xilin Su    Anschutz     30698
83                     Erin Baschal    Anschutz     30517
84                   Tonya Brunetti    Anschutz     28762
85                    Kristen James    Anschutz     28662
86                      Joanna Chau    Anschutz     28516
87                       Mike Orman    Anschutz     28243
88                    Madison Apgar    Anschutz     27558
89                   Aiden Taghinia    Anschutz     26448
90            Sudhanshu Shrivastava    Anschutz     26391
91                    Nathaly Limon    Anschutz     23586
92               Christopher Schaaf    Anschutz     23261
93                     Aastha Kakar    Anschutz     23017
94                       Jacob Krol    Anschutz     22868
95                Alexandra Unangst    Anschutz     20887
96            Fabio Simoes de Souza    Anschutz     19632
97                  Roman Schlimgen    Anschutz     19306
98                        Alyx Gray    Anschutz     19283
99                      Ethan Wolfe    Anschutz     18898
100              Kaylee Rosenberger    Anschutz     17996
101                    Parker Hicks    Anschutz     17046
102                    Jeffrey Inen    Anschutz     15349
103                 Milton Pividori    Anschutz     15142
104                 Sarah Danielson    Anschutz     14831
105                      Ava Warren    Anschutz     14016
106                       Eric Katz    Anschutz     13750
107                    Grace Akatsu    Anschutz     13405
108                 Jonathan Shortt    Anschutz     13271
109                     Korey Wylie    Anschutz     12574
110                   Monica Ransom    Anschutz     11897
111                      Xiying Fan    Anschutz     11362
112                Katerina Terwelp    Anschutz     11116
113                    Alya Hussain    Anschutz     10556
114                  Jessica Nelson    Anschutz     10419
115                       Sizhao Lu    Anschutz      9911
116                       Nanxi Guo    Anschutz      9571
117                   Shaoming Xiao    Anschutz      9522
118                      Elena Wall    Anschutz      8919
119             Akshay Kumar Avvaru    Anschutz      8575
120                  Elliott Brooks    Anschutz      8032
121                        Tian Liu    Anschutz      7938
122                 Michael Ntrakwa    Anschutz      7937
123                  Jacklyn Ashmus    Anschutz      7893
124                  Jared Williams    Anschutz      7832
125             Sarah Albers Fester    Anschutz      7727
126                 Harriet Dashnow    Anschutz      6164
127        Lakshmi Venkata Karuturi    Anschutz      5843
128              Pranav Padmanabhan    Anschutz      5752
129                     Alex Romero    Anschutz      5600
130                  Amber Nashobaq    Anschutz      5496
131             Christopher Mancuso    Anschutz      5035
132                        Thu Doan    Anschutz      5020
133                 Keenan Manpearl    Anschutz      5000
134                  Sana Paktinyar    Anschutz      4480
135                    Maria Hansen    Anschutz      4360
136                    Brennan Chan    Anschutz      4261
137                     Kevin Fotso    Anschutz      4173
138                      Yichi Chen    Anschutz      4115
139                    Jordan Okada    Anschutz      4038
140                Stephanie Gipson    Anschutz      3947
141                   Suraju Sadeeq    Anschutz      3941
142                    Elbay Aliyev    Anschutz      3885
143                  Matthew Osmond    Anschutz      3823
144                    Noah Johnson    Anschutz      3796
145                         Michael    Anschutz      3674
146                 Nikita Pozdeyev    Anschutz      3463
147               Samuel Greenfield    Anschutz      3426
148                        Meng Lin    Anschutz      2816
149               Nathaniel Alzofon    Anschutz      2769
150                       MJ Foster    Anschutz      2568
151             William Baumgartner    Anschutz      2407
152                 Alexander McKim    Anschutz      2290
153                      Sara Wirth    Anschutz      2134
154                   Cameron Lowry    Anschutz      1972
155                   Valerie Olsen    Anschutz      1959
156                        Qihua Ye    Anschutz      1927
157             Juan Vargas Alvarez    Anschutz      1871
158                 Jenna Tomkinson    Anschutz      1862
159                 Maclean Sherren    Anschutz      1854
160                 Raymond Lesiyon    Anschutz      1805
161                    Kayla Medina    Anschutz      1760
162               Alexzanah Griffin    Anschutz      1681
163                    Lily Feldman    Anschutz      1680
164                      Alex Camai    Anschutz      1596
165                  Alexis Assante    Anschutz      1549
166                   Zoe Bedrosian    Anschutz      1538
167                    Lena Cedrone    Anschutz      1474
168                   Anna Dischler    Anschutz      1444
169                    Tamim Shaikh    Anschutz      1443
170                      Angela Ohm    Anschutz      1431
171                Nicole Pihlstrom    Anschutz      1335
172                   Maizy Brasher    Anschutz      1325
173                     Tada Vargas    Anschutz      1275
174                  Emily DeCurtis    Anschutz      1119
175                       Yujie Guo    Anschutz      1100
176                Maggie Stanislaw    Anschutz      1087
177                         Thao Vu    Anschutz      1085
178                      Ziwei Tian    Anschutz      1073
179                   David Farrell    Anschutz      1063
180                    Sutanu Nandi    Anschutz      1023
181                     Anne Gumina    Anschutz       985
182                   Emma Trujillo    Anschutz       978
183                    Moomal Jatoi    Anschutz       939
184               Karen Rossmassler    Anschutz       818
185             Jessica Prendergast    Anschutz       810
186              James Scott-Browne    Anschutz       751
187                    Tushar Ghosh    Anschutz       698
188                   Minami Matsuo    Anschutz       688
189                  Charlie Repaci    Anschutz       642
190                    Katie Marker    Anschutz       631
191                    Emily Mastej    Anschutz       614
192                     Jace Aloway    Anschutz       591
193               Nicole Costantino    Anschutz       588
194                    Negar Janani    Anschutz       587
195                Johannes Strauss    Anschutz       580
196                      Ilin Joshi    Anschutz       574
197                  Abigail Cozart    Anschutz       573
198                      Edward Lau    Anschutz       544
199                     Tessa Allen    Anschutz       541
200             Sanjeev Janarthanan    Anschutz       528
201                  Elizabeth Wynn    Anschutz       510
202                    David Bunten    Anschutz       473
203                     Shujian Lin    Anschutz       436
204                  Kirk Hohsfield    Anschutz       421
205                   Marc DAntonio    Anschutz       409
206             Sreerag Venugopalan    Anschutz       409
207                   Kritika Verma    Anschutz       404
208              Faisal Alquaddoomi    Anschutz       383
209                   Sarah Zweifel    Anschutz       377
210                Sierra Simmerman    Anschutz       369
211                 Stephanie DeVoe    Anschutz       355
212                Shalom Gutierrez    Anschutz       350
213                      Broc Burke    Anschutz       349
214                  Keegan Carroll    Anschutz       348
215                    Sourav Kumar    Anschutz       321
216           Jessica Olivas-Corral    Anschutz       315
217                      Nyjah Munn    Anschutz       309
218                   Shaunak Kapur    Anschutz       307
219                       Fan Zhang    Anschutz       271
220                     Jessica Lee    Anschutz       271
221                 Shruti Raghavan    Anschutz       270
222                   Michael Knitz    Anschutz       266
223                   Honey Hendesi    Anschutz       255
224            Susana Lopez-Ignacio    Anschutz       247
225                  Samantha Sills    Anschutz       246
226                   Ellen Bamberg    Anschutz       242
227                   Keshav Vembar    Anschutz       225
228                     Emily Boyer    Anschutz       218
229                   Maki Nakayama    Anschutz       208
230                     Joanne Cole    Anschutz       200
231            Madison Cho-Richmond    Anschutz       200
232                    Asha Masoudi    Anschutz       169
233              Eric Januszkiewicz    Anschutz       162
234                  Morgan MacBeth    Anschutz       161
235                   Erika Desonie    Anschutz       159
236                       Qian Fang    Anschutz       156
237                Mohammad Mansoor    Anschutz       153
238                     Xiuqing Wei    Anschutz       134
239                   Sarah Stenske    Anschutz       127
240                Roselyn Fierkens    Anschutz       124
241                    Anisha Raghu    Anschutz       121
242                    Isabelle Hua    Anschutz       116
243               Aishwarya Mandava    Anschutz       115
244                 Cameron Mattson    Anschutz       113
245                  Brittany Gomez    Anschutz       111
246                Michael McMurray    Anschutz       111
247                    Sophie Hicks    Anschutz       110
248                Anjelica Miranda    Anschutz       107
249                   Rahul Thadani    Anschutz       106
250                Anna-Sophia Leon    Anschutz       104
251                       Ted Shade    Anschutz        98
252                    Jack Ustanik    Anschutz        96
253                Benjamin Willett    Anschutz        93
254               Benjamin Erickson    Anschutz        91
255              Yuliana Romo-Perez    Anschutz        87
256                  Cheng-Chang Wu    Anschutz        81
257                   Joshua Kirsch    Anschutz        77
258               Vanessa Langarica    Anschutz        77
259                Brandon Hilliard    Anschutz        76
260                        Ying Jin    Anschutz        75
261                    Jeremy Fleck    Anschutz        74
262                     Paige Caley    Anschutz        73
263                  Scott Thompson    Anschutz        73
264                   Tzu Lip Phang    Anschutz        71
265                 Samuel Burciaga    Anschutz        69
266                     Kiely James    Anschutz        68
267                Karla Vela Lopez    Anschutz        68
268                     Megan Hupka    Anschutz        68
269                Raymond Pomponio    Anschutz        68
270                 Benjamin Bearce    Anschutz        66
271                    Rachel Cohen    Anschutz        65
272                  Opeyemi Jegede    Anschutz        62
273                    Huaizhen Cai    Anschutz        62
274           Khosbayar Lkhagvadorj    Anschutz        60
275                       Laura Lim    Anschutz        56
276            Ana Fairbanks-Mahnke    Anschutz        55
277                 Arianne Crossen    Anschutz        53
278                   Cameron Manes    Anschutz        52
279              Victoria Hoelscher    Anschutz        51
280                     Erik Collet    Anschutz        50
281                   Angie Vazquez    Anschutz        50
282                 Davyd Sadovskyy    Anschutz        50
283                  Courtney Cowan    Anschutz        46
284                      Karen Chau    Anschutz        45
285                   Kristin Uhler    Anschutz        45
286                     Helen Gomez    Anschutz        43
287                     Sydney Hall    Anschutz        42
288                 Michael Harbell    Anschutz        42
289                  Jessica Beynor    Anschutz        39
290                   Evelyn Ibarra    Anschutz        36
291                 Amanda Anderson    Anschutz        36
292              Mary Grace Carroll    Anschutz        32
293                   Nicole Hansen    Anschutz        29
294              Courtney Schiebout    Anschutz        27
295                    Xiaoyuan Liu    Anschutz        26
296                       Kyle Ross    Anschutz        25
297                    Mariah Meyer    Anschutz        24
298                Carlos Goncalves    Anschutz        24
299                        Hao Yuan    Anschutz        21
300                  Elizabeth Nail    Anschutz        20
301                      Yvonne Cui    Anschutz        20
302                  Ashley Scadden    Anschutz        20
303                 Thomas Salvetti    Anschutz        19
304                    John Finigan    Anschutz        19
305                   Jessica Smith    Anschutz        19
306                  Banabithi Bose    Anschutz        17
307                       Le Yiphyo    Anschutz        16
308  Angela Sofia Burkhart Colorado    Anschutz        14
309                    Kayla Holder    Anschutz        14
310                 Cheyanne Durham    Anschutz        14
311                     Megan Kraus    Anschutz        14
312                    Trevor Isner    Anschutz        12
313                 Qierra Brockman    Anschutz        12
314                      Juan Pagan    Anschutz        12
315                Cameron Morrison    Anschutz        12
316                   Kayla Johnson    Anschutz        12
317                   McKenna Casey    Anschutz        12
318              Mansooreh Ahmadian    Anschutz        12
319                   Aileen Button    Anschutz        12
320                  Shivang Mistry    Anschutz        12
321               Kristina Yamkovoy    Anschutz        11
322               William Patterson    Anschutz        11
323     julian grandvalletcontreras    Anschutz        10
324                 Jonathan Kurche    Anschutz        10
325                    Yjuliana Tin    Anschutz         8
326                Natalie Davidson    Anschutz         8
327                    Matthew Hill    Anschutz         7
328                   James DiLisio    Anschutz         6
329                Gabrielle Vragel    Anschutz         5
330                 Alyssa Margolis    Anschutz         5
331                        Ting Lou    Anschutz         5
332                Uddeep Chaudhury    Anschutz         5
333               Nikhil Madhuripan    Anschutz         5
334                     Marina Good    Anschutz         5
335                  Phillip Gilley    Anschutz         4
336                    Ananya Raghu    Anschutz         4
337                   Lauren Immink    Anschutz         3
338                   Laurent Gapin    Anschutz         3
339                    Gidon Felsen    Anschutz         3
340                 Jay Hesselberth    Anschutz         3
341                  Crystal Musser    Anschutz         3
342                 Jessica Borgers    Anschutz         3
343                      Ling Thang    Anschutz         3
344                      Weishan Li    Anschutz         2
345                         Vy Tran    Anschutz         2
346                      Julie Raab    Anschutz         2
347                 Zachary Caterer    Anschutz         2
348                   Praveer Singh    Anschutz         2
349                   Pranav Sristy    Anschutz         1
350                     Ralf Dagdag    Anschutz         1
351                  Landon Buskirk    Anschutz         1
352                    Josh Hunkins    Anschutz         1
353            Ishanu Chattopadhyay    Anschutz         1
354                    John DeSisto    Anschutz         1
355                  David Westerly    Anschutz         1
356             Christopher Collora    Anschutz         1
357                  Molly McGuckin    Anschutz         1
358                     Ann Strange    Anschutz         1
359              Alexandria Dickson    Anschutz         1
360                   Logan Barrios    Anschutz         1
361                     Lena Hansen    Anschutz         1
362                   Lucia Guatney    Anschutz         1
363                   Caitlin Lewis    Anschutz         1
364                  Dylan Sarbaugh    Anschutz         1
365         Siddharth Krishnamurthy    Anschutz         1
366                     Jack Pattee    Anschutz         1
367                Katherina Cortes    Anschutz         1
Compute and wait time for mlippincott@xsede.org by partition for the last 10000 days
            hours_computed      wait  wait_ratio
partition                                       
aa100          1015.452500   85188.0   83.891664
acompile         90.065833       0.0    0.000000
al40              6.516944     657.0  100.814117
amem          11456.211667  160462.0   14.006550
ami100            0.191944       0.0    0.000000
amilan       169278.410000   42783.0    0.252737
amilan128c        3.502778       0.0    0.000000
atesting          0.055000       0.0    0.000000
atesting_+        6.298056       0.0    0.000000
mlippincott@xsede.org has waited a total of 33.0 years in queue in the last 10000 days
mlippincott@xsede.org has used a total of 20.76 years of compute time in the last 10000 days
mlippincott@xsede.org has used a total of 1250885 SUs in the last 10000 days for a total of 142.8 years if 1 SU = 1 hour of compute time
