no change     /curc/sw/anaconda3/2023.09/condabin/conda
no change     /curc/sw/anaconda3/2023.09/bin/conda
no change     /curc/sw/anaconda3/2023.09/bin/conda-env
no change     /curc/sw/anaconda3/2023.09/bin/activate
no change     /curc/sw/anaconda3/2023.09/bin/deactivate
no change     /curc/sw/anaconda3/2023.09/etc/profile.d/conda.sh
no change     /curc/sw/anaconda3/2023.09/etc/fish/conf.d/conda.fish
no change     /curc/sw/anaconda3/2023.09/shell/condabin/Conda.psm1
no change     /curc/sw/anaconda3/2023.09/shell/condabin/conda-hook.ps1
no change     /curc/sw/anaconda3/2023.09/lib/python3.11/site-packages/xontrib/conda.xsh
no change     /curc/sw/anaconda3/2023.09/etc/profile.d/conda.csh
modified      /home/mlippincott@xsede.org/.bashrc

==> For changes to take effect, close and re-open your current shell. <==

[NbConvertApp] Converting notebook notebooks/slurm_stats.ipynb to script
[NbConvertApp] Writing 6187 bytes to scripts/slurm_stats.py
[NbConvertApp] Converting notebook notebooks/slurm_stats_plotting.ipynb to script
[NbConvertApp] Writing 5772 bytes to scripts/slurm_stats_plotting.py
Top 500 users by usage for the last 10000 days
                        Proper Name Institution      Used
0                         Jun Inamo    Anschutz  10927196
1                 Christopher Clark    Anschutz   1376545
2                      Jill Hoffman    Anschutz   1297432
3               Micahael Lippincott    Anschutz   1227569
4                        Josh Mejia    Anschutz   1179307
5                   Jonathan Pitsch    Anschutz   1146436
6                 Alon Poleg-Polsky    Anschutz    948004
7                       Graham Peet    Anschutz    878947
8                        Siyang Ren    Anschutz    760806
9                    Aaron Beckwith    Anschutz    748799
10                     Scott Kinder    Anschutz    744074
11                     Nick Rafaels    Anschutz    655824
12                   Samantha White    Anschutz    588794
13                             Sean    Anschutz    569967
14                         Yue Wang    Anschutz    540004
15                     Shane Ridoux    Anschutz    509736
16                       Megan Duff    Anschutz    498853
17                   Esteban Lucero    Anschutz    477238
18                  Shelby Andersen    Anschutz    462149
19                       Daniel Kao    Anschutz    444180
20                           Thomas    Anschutz    411307
21                       Junxia Lin    Anschutz    392591
22                Jonathan Cardwell    Anschutz    380935
23                   Kendra Ferrier    Anschutz    371665
24                 Andrew Goodspeed    Anschutz    301929
25                   Abhirupa Ghosh    Anschutz    280852
26                    Adriana Ivich    Anschutz    278581
27                     Souha Tifour    Anschutz    276009
28                   Matthew Fisher    Anschutz    263508
29                   Kewalin Samart    Anschutz    262967
30                      Nannan Wang    Anschutz    246679
31                   Maureen McHugo    Anschutz    237672
32                     Alison Brack    Anschutz    196444
33                      Sarah Slack    Anschutz    188151
34                 Samantha Reynoso    Anschutz    165571
35                    Austin Gillen    Anschutz    160642
36                  Revanth Krishna    Anschutz    152367
37                     Charmie Vang    Anschutz    132382
38              Lauren Vanderlinden    Anschutz    129120
39                 Gabriella Albert    Anschutz    126969
40                 Upasana Thakuria    Anschutz    124274
41                   Sierra Niemiec    Anschutz    124038
42                     Evan Brenner    Anschutz    100733
43                  Abbigayl Burtis    Anschutz    100537
44                 Kentaro Yomogida    Anschutz     98266
45                          Kristen    Anschutz     94915
46                    Kent Riemondy    Anschutz     93136
47                       Connor Eck    Anschutz     88271
48                      David Jones    Anschutz     85342
49                    John O'Connor    Anschutz     80230
50                      Arnav Gupta    Anschutz     80129
51                      Haoyu Zhang    Anschutz     75052
52                   Diego Restrepo    Anschutz     70585
53                 Ryan Porterfield    Anschutz     69800
54                  Vitaly Kheyfets    Anschutz     62580
55   Santhanagopalan Krishnamoorthy    Anschutz     62500
56                 Christopher Hill    Anschutz     62499
57                     Vedant Vohra    Anschutz     60644
58                          Han Zhu    Anschutz     60629
59           Meher Preethi Boorgula    Anschutz     55357
60                    Chuangqi Wang    Anschutz     54632
61                     Shirli Cohen    Anschutz     54136
62                       Jade Young    Anschutz     53454
63                       Kiran Paul    Anschutz     53007
64                Lucas Gillenwater    Anschutz     49372
65                   Carson Wedding    Anschutz     46098
66                          Etienne    Anschutz     44069
67                 Elizabeth Geiger    Anschutz     42949
68              Yoga Advaith Veturi    Anschutz     41757
69                  Iain Konigsberg    Anschutz     40879
70                       Holly Vose    Anschutz     40268
71                     Megan Stumpf    Anschutz     40266
72                     Yunus Ozekin    Anschutz     36855
73                      Harry Smith    Anschutz     36630
74                        Rose Doss    Anschutz     33624
75    Sakaiza Rasolofomanana Rajery    Anschutz     31417
76                  Emma Lathouwers    Anschutz     30638
77                         Xilin Su    Anschutz     30104
78                      Joanna Chau    Anschutz     28516
79                       Mike Orman    Anschutz     28243
80                     Tyler Gibson    Anschutz     28048
81                   Luciana Vargas    Anschutz     27541
82                Josephina Hendrix    Anschutz     27528
83            Sudhanshu Shrivastava    Anschutz     26378
84                   Aiden Taghinia    Anschutz     25717
85                    Nathaly Limon    Anschutz     23267
86                       Jacob Krol    Anschutz     22868
87               Christopher Schaaf    Anschutz     21304
88                Alexandra Unangst    Anschutz     20887
89                    Madison Apgar    Anschutz     19785
90            Fabio Simoes de Souza    Anschutz     19632
91                        Alyx Gray    Anschutz     19177
92                      Ethan Wolfe    Anschutz     18882
93               Kaylee Rosenberger    Anschutz     17996
94                   Tonya Brunetti    Anschutz     17846
95                     Jeffrey Inen    Anschutz     15349
96                  Milton Pividori    Anschutz     15142
97                  Sarah Danielson    Anschutz     14831
98                       Ava Warren    Anschutz     14016
99                     Aastha Kakar    Anschutz     13615
100                    Erin Baschal    Anschutz     13390
101                       Eric Katz    Anschutz     12789
102                     Korey Wylie    Anschutz     12574
103                   Kristen James    Anschutz     12455
104                   Monica Ransom    Anschutz     11897
105                      Xiying Fan    Anschutz     11330
106                  Jessica Nelson    Anschutz     10419
107                    Alya Hussain    Anschutz     10314
108                Katerina Terwelp    Anschutz     10281
109                   Sarah Mentzer    Anschutz      9995
110                       Nanxi Guo    Anschutz      9571
111                 Jonathan Shortt    Anschutz      9002
112                      Elena Wall    Anschutz      8674
113             Akshay Kumar Avvaru    Anschutz      8035
114                  Elliott Brooks    Anschutz      8032
115                        Tian Liu    Anschutz      7938
116                 Michael Ntrakwa    Anschutz      7937
117                  Jared Williams    Anschutz      7832
118             Sarah Albers Fester    Anschutz      7726
119                       Sizhao Lu    Anschutz      7184
120                 Harriet Dashnow    Anschutz      6164
121                    Parker Hicks    Anschutz      6090
122        Lakshmi Venkata Karuturi    Anschutz      5843
123              Pranav Padmanabhan    Anschutz      5738
124                     Alex Romero    Anschutz      5600
125                  Amber Nashobaq    Anschutz      5496
126             Christopher Mancuso    Anschutz      5035
127                        Thu Doan    Anschutz      4684
128                  Sana Paktinyar    Anschutz      4480
129                  Jacklyn Ashmus    Anschutz      4465
130                    Brennan Chan    Anschutz      4261
131                    Jordan Okada    Anschutz      4038
132                Stephanie Gipson    Anschutz      3947
133                   Suraju Sadeeq    Anschutz      3929
134                      Yichi Chen    Anschutz      3879
135                  Matthew Osmond    Anschutz      3823
136                    Noah Johnson    Anschutz      3796
137                     Kevin Fotso    Anschutz      3751
138                 Nikita Pozdeyev    Anschutz      3463
139               Samuel Greenfield    Anschutz      3426
140                 Keenan Manpearl    Anschutz      3310
141                        Meng Lin    Anschutz      2815
142               Nathaniel Alzofon    Anschutz      2769
143                    Maria Hansen    Anschutz      2528
144             William Baumgartner    Anschutz      2407
145                       MJ Foster    Anschutz      2370
146                 Alexander McKim    Anschutz      2290
147                      Sara Wirth    Anschutz      1968
148                   Valerie Olsen    Anschutz      1959
149                        Qihua Ye    Anschutz      1927
150                 Jenna Tomkinson    Anschutz      1862
151                 Maclean Sherren    Anschutz      1811
152                 Raymond Lesiyon    Anschutz      1805
153                    Kayla Medina    Anschutz      1760
154                   Cameron Lowry    Anschutz      1760
155               Alexzanah Griffin    Anschutz      1681
156                    Lily Feldman    Anschutz      1680
157                      Alex Camai    Anschutz      1596
158                   Zoe Bedrosian    Anschutz      1538
159                  Alexis Assante    Anschutz      1511
160                    Tamim Shaikh    Anschutz      1443
161                      Angela Ohm    Anschutz      1431
162                Nicole Pihlstrom    Anschutz      1335
163                     Tada Vargas    Anschutz      1275
164                    Grace Akatsu    Anschutz      1269
165                   Maizy Brasher    Anschutz      1266
166                    Lena Cedrone    Anschutz      1155
167                  Emily DeCurtis    Anschutz      1119
168                Maggie Stanislaw    Anschutz      1087
169                    Sutanu Nandi    Anschutz      1023
170                     Anne Gumina    Anschutz       985
171                   Emma Trujillo    Anschutz       978
172                   David Farrell    Anschutz       957
173               Karen Rossmassler    Anschutz       818
174                   Shaoming Xiao    Anschutz       804
175             Juan Vargas Alvarez    Anschutz       802
176              James Scott-Browne    Anschutz       751
177                   Minami Matsuo    Anschutz       688
178                    Moomal Jatoi    Anschutz       654
179                  Charlie Repaci    Anschutz       642
180                    Katie Marker    Anschutz       631
181                    Emily Mastej    Anschutz       614
182                   Anna Dischler    Anschutz       598
183               Nicole Costantino    Anschutz       588
184                    Negar Janani    Anschutz       587
185                Johannes Strauss    Anschutz       580
186                  Abigail Cozart    Anschutz       573
187                     Tessa Allen    Anschutz       541
188                       Yujie Guo    Anschutz       528
189             Sanjeev Janarthanan    Anschutz       528
190                  Elizabeth Wynn    Anschutz       510
191                    Tushar Ghosh    Anschutz       493
192                    David Bunten    Anschutz       473
193                     Shujian Lin    Anschutz       436
194                  Kirk Hohsfield    Anschutz       421
195                   Hitoshi Irabu    Anschutz       420
196             Sreerag Venugopalan    Anschutz       409
197                   Marc DAntonio    Anschutz       409
198                   Kritika Verma    Anschutz       404
199              Faisal Alquaddoomi    Anschutz       383
200                Sierra Simmerman    Anschutz       369
201                 Stephanie DeVoe    Anschutz       355
202                Shalom Gutierrez    Anschutz       350
203                      Broc Burke    Anschutz       349
204                  Keegan Carroll    Anschutz       348
205           Jessica Olivas-Corral    Anschutz       315
206                   Shaunak Kapur    Anschutz       307
207                      Ziwei Tian    Anschutz       298
208                    Sourav Kumar    Anschutz       297
209                      Nyjah Munn    Anschutz       292
210                       Fan Zhang    Anschutz       271
211                     Jessica Lee    Anschutz       271
212                 Shruti Raghavan    Anschutz       270
213                   Michael Knitz    Anschutz       266
214                   Honey Hendesi    Anschutz       255
215                  Samantha Sills    Anschutz       246
216            Susana Lopez-Ignacio    Anschutz       246
217                   Keshav Vembar    Anschutz       225
218             Jessica Prendergast    Anschutz       224
219                     Emily Boyer    Anschutz       218
220                   Ellen Bamberg    Anschutz       217
221            Madison Cho-Richmond    Anschutz       200
222                     Joanne Cole    Anschutz       200
223                  Morgan MacBeth    Anschutz       161
224                   Erika Desonie    Anschutz       159
225                    Asha Masoudi    Anschutz       157
226                       Qian Fang    Anschutz       156
227                Mohammad Mansoor    Anschutz       153
228                     Xiuqing Wei    Anschutz       134
229                     Jace Aloway    Anschutz       134
230                      Ilin Joshi    Anschutz       128
231                   Sarah Stenske    Anschutz       127
232                Roselyn Fierkens    Anschutz       124
233                    Anisha Raghu    Anschutz       121
234               Aishwarya Mandava    Anschutz       115
235                 Cameron Mattson    Anschutz       113
236                  Brittany Gomez    Anschutz       111
237                    Sophie Hicks    Anschutz       110
238                Anjelica Miranda    Anschutz       107
239                Anna-Sophia Leon    Anschutz       104
240                       Ted Shade    Anschutz        98
241                Benjamin Willett    Anschutz        93
242              Yuliana Romo-Perez    Anschutz        87
243                  Cheng-Chang Wu    Anschutz        81
244               Benjamin Erickson    Anschutz        79
245                   Sarah Zweifel    Anschutz        78
246                   Joshua Kirsch    Anschutz        77
247               Vanessa Langarica    Anschutz        77
248                Brandon Hilliard    Anschutz        76
249                        Ying Jin    Anschutz        75
250                    Jeremy Fleck    Anschutz        74
251                     Paige Caley    Anschutz        73
252                  Scott Thompson    Anschutz        73
253                   Tzu Lip Phang    Anschutz        71
254                 Samuel Burciaga    Anschutz        69
255                Karla Vela Lopez    Anschutz        68
256                     Megan Hupka    Anschutz        68
257                Raymond Pomponio    Anschutz        68
258                     Kiely James    Anschutz        68
259                 Benjamin Bearce    Anschutz        66
260                    Rachel Cohen    Anschutz        65
261                  Opeyemi Jegede    Anschutz        62
262                    Huaizhen Cai    Anschutz        61
263           Khosbayar Lkhagvadorj    Anschutz        60
264                       Laura Lim    Anschutz        56
265            Ana Fairbanks-Mahnke    Anschutz        55
266                 Arianne Crossen    Anschutz        53
267                Michael McMurray    Anschutz        52
268                   Cameron Manes    Anschutz        52
269              Victoria Hoelscher    Anschutz        51
270                   Angie Vazquez    Anschutz        50
271                  Courtney Cowan    Anschutz        46
272                      Karen Chau    Anschutz        45
273                     Helen Gomez    Anschutz        43
274                     Sydney Hall    Anschutz        42
275                 Michael Harbell    Anschutz        42
276                   Kristin Uhler    Anschutz        41
277                  Jessica Beynor    Anschutz        39
278                 Amanda Anderson    Anschutz        36
279              Mary Grace Carroll    Anschutz        32
280                   Nicole Hansen    Anschutz        29
281              Courtney Schiebout    Anschutz        27
282                   Maki Nakayama    Anschutz        27
283                    Xiaoyuan Liu    Anschutz        26
284                    Mariah Meyer    Anschutz        24
285                Carlos Goncalves    Anschutz        24
286                        Hao Yuan    Anschutz        21
287                  Elizabeth Nail    Anschutz        20
288                  Ashley Scadden    Anschutz        20
289                    John Finigan    Anschutz        19
290                 Thomas Salvetti    Anschutz        19
291                  Banabithi Bose    Anschutz        17
292                       Le Yiphyo    Anschutz        16
293                     Megan Kraus    Anschutz        14
294                    Kayla Holder    Anschutz        14
295  Angela Sofia Burkhart Colorado    Anschutz        14
296                 Cheyanne Durham    Anschutz        14
297                  Shivang Mistry    Anschutz        12
298                    Trevor Isner    Anschutz        12
299                   Kayla Johnson    Anschutz        12
300                      Juan Pagan    Anschutz        12
301                   Aileen Button    Anschutz        12
302                   McKenna Casey    Anschutz        12
303                 Qierra Brockman    Anschutz        12
304                Cameron Morrison    Anschutz        12
305              Mansooreh Ahmadian    Anschutz        12
306               William Patterson    Anschutz        11
307               Kristina Yamkovoy    Anschutz        11
308     julian grandvalletcontreras    Anschutz        10
309                 Jonathan Kurche    Anschutz        10
310                Natalie Davidson    Anschutz         8
311                    Yjuliana Tin    Anschutz         8
312                    Matthew Hill    Anschutz         7
313                   James DiLisio    Anschutz         6
314                Gabrielle Vragel    Anschutz         5
315                     Marina Good    Anschutz         5
316               Nikhil Madhuripan    Anschutz         5
317                Uddeep Chaudhury    Anschutz         5
318                 Alyssa Margolis    Anschutz         5
319                        Ting Lou    Anschutz         5
320                         Thao Vu    Anschutz         4
321                  Phillip Gilley    Anschutz         4
322                    Ananya Raghu    Anschutz         4
323                 Jessica Borgers    Anschutz         3
324                    Gidon Felsen    Anschutz         3
325                      Ling Thang    Anschutz         3
326                   Laurent Gapin    Anschutz         3
327                  Crystal Musser    Anschutz         3
328                   Lauren Immink    Anschutz         3
329                      Julie Raab    Anschutz         2
330                     Erik Collet    Anschutz         2
331                         Vy Tran    Anschutz         2
332                   Praveer Singh    Anschutz         2
333                 Zachary Caterer    Anschutz         2
334                      Weishan Li    Anschutz         2
335                  David Westerly    Anschutz         1
336                    Josh Hunkins    Anschutz         1
337            Ishanu Chattopadhyay    Anschutz         1
338              Alexandria Dickson    Anschutz         1
339                    John DeSisto    Anschutz         1
340                     Jack Pattee    Anschutz         1
341                Katherina Cortes    Anschutz         1
342                  Landon Buskirk    Anschutz         1
343                   Lucia Guatney    Anschutz         1
344                  Molly McGuckin    Anschutz         1
345             Christopher Collora    Anschutz         1
346                     Ann Strange    Anschutz         1
347         Siddharth Krishnamurthy    Anschutz         1
348                   Caitlin Lewis    Anschutz         1
349                   Logan Barrios    Anschutz         1
350                   Pranav Sristy    Anschutz         1
351                     Ralf Dagdag    Anschutz         1
352                     Lena Hansen    Anschutz         1
353                    Elbay Aliyev    Anschutz         1
354                  Dylan Sarbaugh    Anschutz         1
Compute and wait time for mlippincott@xsede.org by partition for the last 10000 days
            hours_computed      wait  wait_ratio
partition                                       
aa100          1015.452500   85188.0   83.891664
acompile         90.065833       0.0    0.000000
al40              6.516944     657.0  100.814117
amem          11456.211667  160462.0   14.006550
ami100            0.191944       0.0    0.000000
amilan       165156.571667   41957.0    0.254044
amilan128c        3.502778       0.0    0.000000
atesting          0.055000       0.0    0.000000
atesting_+        6.298056       0.0    0.000000
mlippincott@xsede.org has waited a total of 32.91 years in queue in the last 10000 days
mlippincott@xsede.org has used a total of 20.29 years of compute time in the last 10000 days
mlippincott@xsede.org has used a total of 1227569 SUs in the last 10000 days for a total of 140.13 years if 1 SU = 1 hour of compute time
