no change     /curc/sw/anaconda3/2023.09/condabin/conda
no change     /curc/sw/anaconda3/2023.09/bin/conda
no change     /curc/sw/anaconda3/2023.09/bin/conda-env
no change     /curc/sw/anaconda3/2023.09/bin/activate
no change     /curc/sw/anaconda3/2023.09/bin/deactivate
no change     /curc/sw/anaconda3/2023.09/etc/profile.d/conda.sh
no change     /curc/sw/anaconda3/2023.09/etc/fish/conf.d/conda.fish
no change     /curc/sw/anaconda3/2023.09/shell/condabin/Conda.psm1
no change     /curc/sw/anaconda3/2023.09/shell/condabin/conda-hook.ps1
no change     /curc/sw/anaconda3/2023.09/lib/python3.11/site-packages/xontrib/conda.xsh
no change     /curc/sw/anaconda3/2023.09/etc/profile.d/conda.csh
no change     /home/mlippincott@xsede.org/.bashrc
No action taken.
[NbConvertApp] Converting notebook notebooks/slurm_stats.ipynb to script
[NbConvertApp] Writing 6187 bytes to scripts/slurm_stats.py
[NbConvertApp] Converting notebook notebooks/slurm_stats_plotting.ipynb to script
[NbConvertApp] Writing 5772 bytes to scripts/slurm_stats_plotting.py
Top 500 users by usage for the last 10000 days
                        Proper Name Institution      Used
0                         Jun Inamo    Anschutz  10927460
1                      Jill Hoffman    Anschutz   1500185
2                 Christopher Clark    Anschutz   1399393
3               Micahael Lippincott    Anschutz   1250565
4                        Josh Mejia    Anschutz   1188224
5                   Jonathan Pitsch    Anschutz   1146436
6                        Siyang Ren    Anschutz   1073645
7                 Alon Poleg-Polsky    Anschutz    998583
8                       Graham Peet    Anschutz    948969
9                    Samantha White    Anschutz    781141
10                   Aaron Beckwith    Anschutz    748799
11                     Scott Kinder    Anschutz    744074
12                     Nick Rafaels    Anschutz    656871
13                             Sean    Anschutz    569979
14                         Yue Wang    Anschutz    540048
15                     Shane Ridoux    Anschutz    509736
16                       Megan Duff    Anschutz    498853
17                   Esteban Lucero    Anschutz    477238
18                  Shelby Andersen    Anschutz    462149
19                       Daniel Kao    Anschutz    446100
20                           Thomas    Anschutz    421352
21                       Junxia Lin    Anschutz    392647
22                Jonathan Cardwell    Anschutz    380936
23                   Kendra Ferrier    Anschutz    372504
24                 Andrew Goodspeed    Anschutz    304152
25                   Abhirupa Ghosh    Anschutz    291399
26                    Adriana Ivich    Anschutz    278590
27                     Souha Tifour    Anschutz    276009
28                      Nannan Wang    Anschutz    266297
29                   Matthew Fisher    Anschutz    263508
30                   Kewalin Samart    Anschutz    262979
31                   Maureen McHugo    Anschutz    237672
32                     Alison Brack    Anschutz    196444
33                      Sarah Slack    Anschutz    189817
34                  Revanth Krishna    Anschutz    179143
35              Lauren Vanderlinden    Anschutz    170794
36                 Samantha Reynoso    Anschutz    166759
37                    Austin Gillen    Anschutz    161535
38                     Charmie Vang    Anschutz    142518
39                    John O'Connor    Anschutz    133023
40                 Gabriella Albert    Anschutz    126969
41                 Christopher Hill    Anschutz    124619
42                 Upasana Thakuria    Anschutz    124274
43                   Sierra Niemiec    Anschutz    124038
44                  Abbigayl Burtis    Anschutz    102071
45                     Evan Brenner    Anschutz    101818
46                 Kentaro Yomogida    Anschutz    101801
47                          Kristen    Anschutz    100226
48                       Connor Eck    Anschutz     98151
49                    Kent Riemondy    Anschutz     93136
50                      David Jones    Anschutz     85342
51                      Arnav Gupta    Anschutz     80129
52                      Haoyu Zhang    Anschutz     75052
53                          Han Zhu    Anschutz     72438
54                   Diego Restrepo    Anschutz     70585
55                  Vitaly Kheyfets    Anschutz     70508
56                 Ryan Porterfield    Anschutz     70285
57   Santhanagopalan Krishnamoorthy    Anschutz     62500
58                     Vedant Vohra    Anschutz     60644
59           Meher Preethi Boorgula    Anschutz     55357
60                    Chuangqi Wang    Anschutz     54632
61                     Shirli Cohen    Anschutz     54140
62                       Jade Young    Anschutz     53458
63                       Kiran Paul    Anschutz     53023
64                Lucas Gillenwater    Anschutz     49372
65                    Sarah Mentzer    Anschutz     49104
66                       Holly Vose    Anschutz     48960
67                          Etienne    Anschutz     48386
68                   Carson Wedding    Anschutz     46103
69                 Elizabeth Geiger    Anschutz     42949
70              Yoga Advaith Veturi    Anschutz     41757
71                    Hitoshi Irabu    Anschutz     41660
72                  Iain Konigsberg    Anschutz     41267
73                     Megan Stumpf    Anschutz     40297
74                      Harry Smith    Anschutz     37702
75                     Yunus Ozekin    Anschutz     36855
76                   Luciana Vargas    Anschutz     35922
77                        Rose Doss    Anschutz     33624
78    Sakaiza Rasolofomanana Rajery    Anschutz     32287
79                Josephina Hendrix    Anschutz     31803
80                  Emma Lathouwers    Anschutz     30847
81                         Xilin Su    Anschutz     30504
82                     Erin Baschal    Anschutz     30493
83                     Tyler Gibson    Anschutz     30000
84                      Joanna Chau    Anschutz     28516
85                    Kristen James    Anschutz     28407
86                       Mike Orman    Anschutz     28243
87                    Madison Apgar    Anschutz     27534
88                   Aiden Taghinia    Anschutz     26448
89            Sudhanshu Shrivastava    Anschutz     26391
90                   Tonya Brunetti    Anschutz     24888
91                    Nathaly Limon    Anschutz     23586
92               Christopher Schaaf    Anschutz     23261
93                       Jacob Krol    Anschutz     22868
94                     Aastha Kakar    Anschutz     22361
95                Alexandra Unangst    Anschutz     20887
96            Fabio Simoes de Souza    Anschutz     19632
97                        Alyx Gray    Anschutz     19210
98                      Ethan Wolfe    Anschutz     18898
99               Kaylee Rosenberger    Anschutz     17996
100                    Jeffrey Inen    Anschutz     15349
101                 Milton Pividori    Anschutz     15142
102                 Sarah Danielson    Anschutz     14831
103                      Ava Warren    Anschutz     14016
104                       Eric Katz    Anschutz     13750
105                 Jonathan Shortt    Anschutz     12613
106                     Korey Wylie    Anschutz     12574
107                    Grace Akatsu    Anschutz     12038
108                   Monica Ransom    Anschutz     11897
109                      Xiying Fan    Anschutz     11362
110                Katerina Terwelp    Anschutz     10792
111                    Alya Hussain    Anschutz     10556
112                  Jessica Nelson    Anschutz     10419
113                       Nanxi Guo    Anschutz      9571
114                   Shaoming Xiao    Anschutz      9522
115                       Sizhao Lu    Anschutz      9108
116                      Elena Wall    Anschutz      8919
117             Akshay Kumar Avvaru    Anschutz      8574
118                  Elliott Brooks    Anschutz      8032
119                        Tian Liu    Anschutz      7938
120                 Michael Ntrakwa    Anschutz      7937
121                  Jared Williams    Anschutz      7832
122             Sarah Albers Fester    Anschutz      7727
123                  Jacklyn Ashmus    Anschutz      7120
124                    Parker Hicks    Anschutz      6449
125                 Harriet Dashnow    Anschutz      6164
126        Lakshmi Venkata Karuturi    Anschutz      5843
127              Pranav Padmanabhan    Anschutz      5749
128                     Alex Romero    Anschutz      5600
129                  Amber Nashobaq    Anschutz      5496
130             Christopher Mancuso    Anschutz      5035
131                 Keenan Manpearl    Anschutz      5000
132                        Thu Doan    Anschutz      4911
133                  Sana Paktinyar    Anschutz      4480
134                    Maria Hansen    Anschutz      4360
135                    Brennan Chan    Anschutz      4261
136                      Yichi Chen    Anschutz      4115
137                     Kevin Fotso    Anschutz      4103
138                    Jordan Okada    Anschutz      4038
139                Stephanie Gipson    Anschutz      3947
140                   Suraju Sadeeq    Anschutz      3941
141                  Matthew Osmond    Anschutz      3823
142                    Noah Johnson    Anschutz      3796
143                         Michael    Anschutz      3674
144                 Nikita Pozdeyev    Anschutz      3463
145               Samuel Greenfield    Anschutz      3426
146                    Elbay Aliyev    Anschutz      3324
147                        Meng Lin    Anschutz      2816
148               Nathaniel Alzofon    Anschutz      2769
149                       MJ Foster    Anschutz      2424
150             William Baumgartner    Anschutz      2407
151                 Alexander McKim    Anschutz      2290
152                      Sara Wirth    Anschutz      2134
153                   Valerie Olsen    Anschutz      1959
154                        Qihua Ye    Anschutz      1927
155                   Cameron Lowry    Anschutz      1878
156                 Jenna Tomkinson    Anschutz      1862
157                 Maclean Sherren    Anschutz      1854
158                 Raymond Lesiyon    Anschutz      1805
159             Juan Vargas Alvarez    Anschutz      1795
160                    Kayla Medina    Anschutz      1760
161               Alexzanah Griffin    Anschutz      1681
162                    Lily Feldman    Anschutz      1680
163                      Alex Camai    Anschutz      1596
164                  Alexis Assante    Anschutz      1549
165                   Zoe Bedrosian    Anschutz      1538
166                    Lena Cedrone    Anschutz      1474
167                   Anna Dischler    Anschutz      1444
168                    Tamim Shaikh    Anschutz      1443
169                      Angela Ohm    Anschutz      1431
170                Nicole Pihlstrom    Anschutz      1335
171                   Maizy Brasher    Anschutz      1286
172                     Tada Vargas    Anschutz      1275
173                  Emily DeCurtis    Anschutz      1119
174                Maggie Stanislaw    Anschutz      1087
175                         Thao Vu    Anschutz      1085
176                   David Farrell    Anschutz      1063
177                    Sutanu Nandi    Anschutz      1023
178                       Yujie Guo    Anschutz       986
179                     Anne Gumina    Anschutz       985
180                   Emma Trujillo    Anschutz       978
181                    Moomal Jatoi    Anschutz       887
182               Karen Rossmassler    Anschutz       818
183                      Ziwei Tian    Anschutz       773
184              James Scott-Browne    Anschutz       751
185                   Minami Matsuo    Anschutz       688
186                  Charlie Repaci    Anschutz       642
187                    Katie Marker    Anschutz       631
188                    Emily Mastej    Anschutz       614
189                     Jace Aloway    Anschutz       591
190               Nicole Costantino    Anschutz       588
191                    Negar Janani    Anschutz       587
192                Johannes Strauss    Anschutz       580
193                  Abigail Cozart    Anschutz       573
194                      Edward Lau    Anschutz       544
195                     Tessa Allen    Anschutz       541
196             Sanjeev Janarthanan    Anschutz       528
197                    Tushar Ghosh    Anschutz       524
198                  Elizabeth Wynn    Anschutz       510
199                    David Bunten    Anschutz       473
200             Jessica Prendergast    Anschutz       453
201                     Shujian Lin    Anschutz       436
202                  Kirk Hohsfield    Anschutz       421
203                   Marc DAntonio    Anschutz       409
204             Sreerag Venugopalan    Anschutz       409
205                   Kritika Verma    Anschutz       404
206              Faisal Alquaddoomi    Anschutz       383
207                   Sarah Zweifel    Anschutz       372
208                Sierra Simmerman    Anschutz       369
209                 Stephanie DeVoe    Anschutz       355
210                Shalom Gutierrez    Anschutz       350
211                      Broc Burke    Anschutz       349
212                  Keegan Carroll    Anschutz       348
213           Jessica Olivas-Corral    Anschutz       315
214                      Nyjah Munn    Anschutz       309
215                   Shaunak Kapur    Anschutz       307
216                    Sourav Kumar    Anschutz       297
217                       Fan Zhang    Anschutz       271
218                     Jessica Lee    Anschutz       271
219                 Shruti Raghavan    Anschutz       270
220                   Michael Knitz    Anschutz       266
221                   Honey Hendesi    Anschutz       255
222            Susana Lopez-Ignacio    Anschutz       247
223                  Samantha Sills    Anschutz       246
224                   Ellen Bamberg    Anschutz       242
225                   Keshav Vembar    Anschutz       225
226                     Emily Boyer    Anschutz       218
227                     Joanne Cole    Anschutz       200
228            Madison Cho-Richmond    Anschutz       200
229                    Asha Masoudi    Anschutz       169
230                   Maki Nakayama    Anschutz       168
231                  Morgan MacBeth    Anschutz       161
232                   Erika Desonie    Anschutz       159
233                       Qian Fang    Anschutz       156
234                Mohammad Mansoor    Anschutz       153
235                     Xiuqing Wei    Anschutz       134
236                      Ilin Joshi    Anschutz       128
237                   Sarah Stenske    Anschutz       127
238                Roselyn Fierkens    Anschutz       124
239                    Anisha Raghu    Anschutz       121
240               Aishwarya Mandava    Anschutz       115
241                 Cameron Mattson    Anschutz       113
242                Michael McMurray    Anschutz       111
243                  Brittany Gomez    Anschutz       111
244                    Sophie Hicks    Anschutz       110
245                    Isabelle Hua    Anschutz       108
246                Anjelica Miranda    Anschutz       107
247                Anna-Sophia Leon    Anschutz       104
248                       Ted Shade    Anschutz        98
249                Benjamin Willett    Anschutz        93
250               Benjamin Erickson    Anschutz        91
251              Yuliana Romo-Perez    Anschutz        87
252                  Cheng-Chang Wu    Anschutz        81
253               Vanessa Langarica    Anschutz        77
254                   Joshua Kirsch    Anschutz        77
255                Brandon Hilliard    Anschutz        76
256                        Ying Jin    Anschutz        75
257                    Jeremy Fleck    Anschutz        74
258                  Scott Thompson    Anschutz        73
259                     Paige Caley    Anschutz        73
260                   Tzu Lip Phang    Anschutz        71
261                 Samuel Burciaga    Anschutz        69
262                Raymond Pomponio    Anschutz        68
263                Karla Vela Lopez    Anschutz        68
264                     Kiely James    Anschutz        68
265                     Megan Hupka    Anschutz        68
266                 Benjamin Bearce    Anschutz        66
267                    Rachel Cohen    Anschutz        65
268                    Huaizhen Cai    Anschutz        62
269                  Opeyemi Jegede    Anschutz        62
270           Khosbayar Lkhagvadorj    Anschutz        60
271                       Laura Lim    Anschutz        56
272            Ana Fairbanks-Mahnke    Anschutz        55
273                 Arianne Crossen    Anschutz        53
274                   Cameron Manes    Anschutz        52
275              Victoria Hoelscher    Anschutz        51
276                   Angie Vazquez    Anschutz        50
277                  Courtney Cowan    Anschutz        46
278                      Karen Chau    Anschutz        45
279                     Helen Gomez    Anschutz        43
280                 Michael Harbell    Anschutz        42
281                     Sydney Hall    Anschutz        42
282                   Kristin Uhler    Anschutz        41
283                  Jessica Beynor    Anschutz        39
284                 Amanda Anderson    Anschutz        36
285              Mary Grace Carroll    Anschutz        32
286                   Nicole Hansen    Anschutz        29
287              Courtney Schiebout    Anschutz        27
288                    Xiaoyuan Liu    Anschutz        26
289                Carlos Goncalves    Anschutz        24
290                    Mariah Meyer    Anschutz        24
291                        Hao Yuan    Anschutz        21
292                  Ashley Scadden    Anschutz        20
293                  Elizabeth Nail    Anschutz        20
294                   Jessica Smith    Anschutz        19
295                    John Finigan    Anschutz        19
296                 Thomas Salvetti    Anschutz        19
297                 Davyd Sadovskyy    Anschutz        18
298                  Banabithi Bose    Anschutz        17
299                       Le Yiphyo    Anschutz        16
300                     Megan Kraus    Anschutz        14
301                 Cheyanne Durham    Anschutz        14
302                    Kayla Holder    Anschutz        14
303  Angela Sofia Burkhart Colorado    Anschutz        14
304                      Juan Pagan    Anschutz        12
305                Cameron Morrison    Anschutz        12
306                    Trevor Isner    Anschutz        12
307                  Shivang Mistry    Anschutz        12
308                 Qierra Brockman    Anschutz        12
309              Mansooreh Ahmadian    Anschutz        12
310                   Aileen Button    Anschutz        12
311                   Kayla Johnson    Anschutz        12
312                   McKenna Casey    Anschutz        12
313               William Patterson    Anschutz        11
314               Kristina Yamkovoy    Anschutz        11
315     julian grandvalletcontreras    Anschutz        10
316                 Jonathan Kurche    Anschutz        10
317                Natalie Davidson    Anschutz         8
318                    Yjuliana Tin    Anschutz         8
319                    Matthew Hill    Anschutz         7
320                   James DiLisio    Anschutz         6
321                Uddeep Chaudhury    Anschutz         5
322               Nikhil Madhuripan    Anschutz         5
323                        Ting Lou    Anschutz         5
324                     Marina Good    Anschutz         5
325                Gabrielle Vragel    Anschutz         5
326                 Alyssa Margolis    Anschutz         5
327                  Phillip Gilley    Anschutz         4
328                    Ananya Raghu    Anschutz         4
329                    Gidon Felsen    Anschutz         3
330                   Laurent Gapin    Anschutz         3
331                      Ling Thang    Anschutz         3
332                   Lauren Immink    Anschutz         3
333                 Jessica Borgers    Anschutz         3
334                  Crystal Musser    Anschutz         3
335                         Vy Tran    Anschutz         2
336                   Praveer Singh    Anschutz         2
337                     Erik Collet    Anschutz         2
338                      Julie Raab    Anschutz         2
339                      Weishan Li    Anschutz         2
340                 Zachary Caterer    Anschutz         2
341              Alexandria Dickson    Anschutz         1
342                     Jack Pattee    Anschutz         1
343                    Josh Hunkins    Anschutz         1
344            Ishanu Chattopadhyay    Anschutz         1
345                    John DeSisto    Anschutz         1
346                Katherina Cortes    Anschutz         1
347                   Caitlin Lewis    Anschutz         1
348             Christopher Collora    Anschutz         1
349                   Logan Barrios    Anschutz         1
350                   Lucia Guatney    Anschutz         1
351                  Landon Buskirk    Anschutz         1
352                     Lena Hansen    Anschutz         1
353                  Dylan Sarbaugh    Anschutz         1
354                 Roman Schlimgen    Anschutz         1
355                     Ralf Dagdag    Anschutz         1
356                   Pranav Sristy    Anschutz         1
357                  Molly McGuckin    Anschutz         1
358                     Ann Strange    Anschutz         1
359                  David Westerly    Anschutz         1
360         Siddharth Krishnamurthy    Anschutz         1
Compute and wait time for mlippincott@xsede.org by partition for the last 10000 days
            hours_computed      wait  wait_ratio
partition                                       
aa100          1015.452500   85188.0   83.891664
acompile         90.065833       0.0    0.000000
al40              6.516944     657.0  100.814117
amem          11456.211667  160462.0   14.006550
ami100            0.191944       0.0    0.000000
amilan       169170.065556   42783.0    0.252899
amilan128c        3.502778       0.0    0.000000
atesting          0.055000       0.0    0.000000
atesting_+        6.298056       0.0    0.000000
mlippincott@xsede.org has waited a total of 33.0 years in queue in the last 10000 days
mlippincott@xsede.org has used a total of 20.75 years of compute time in the last 10000 days
mlippincott@xsede.org has used a total of 1250565 SUs in the last 10000 days for a total of 142.76 years if 1 SU = 1 hour of compute time
